bench_2_0_cifar_continual: arms=['e'] seeds=1 epochs=4 tasks=3x10 batch=256 lr=0.01 smoke=True spawn(cap=16,cool=50,trig=frustrated) chan_split=False(sigma=0.1,thr=0.5)
loading CIFAR-100 + building tasks (one-time)...
  built 3 tasks; first task class range 0..9, train=5000

=== arm e: v2.0 conv-by-emergence  seed=0 ===
  [phase 1/3: cifar_000_009] L1.H=64 frozen=0
    epoch 1/4: loss=1.924 acc=0.000 L1=64 spawns=0
    epoch 2/4: loss=2.042 acc=0.000 L1=65 spawns=1
    epoch 3/4: loss=1.793 acc=0.008 L1=65 spawns=1
    epoch 4/4: loss=2.217 acc=0.000 L1=66 spawns=2
    full(this)=0.003 task(this)=0.297 spawns=2
    [credit] +51 new; total frozen = 51/66
    [head-settle] best_trial=2 score=0.781
    [post-settle] full(this)=0.051 task(this)=0.366
  [phase 2/3: cifar_010_019] L1.H=66 frozen=51
    epoch 1/4: loss=4.963 acc=0.000 L1=66 spawns=0
    epoch 2/4: loss=4.626 acc=0.000 L1=67 spawns=1
    epoch 3/4: loss=4.333 acc=0.008 L1=67 spawns=1
    epoch 4/4: loss=5.093 acc=0.008 L1=68 spawns=2
    full(this)=0.194 task(this)=0.271 spawns=2
    [credit] +9 new; total frozen = 60/68
    [head-settle] best_trial=2 score=0.527
    [post-settle] full(this)=0.153 task(this)=0.323
  [phase 3/3: cifar_020_029] L1.H=68 frozen=60
    epoch 1/4: loss=6.774 acc=0.156 L1=68 spawns=0
    epoch 2/4: loss=6.289 acc=0.281 L1=69 spawns=1
    epoch 3/4: loss=6.066 acc=0.324 L1=69 spawns=1
    epoch 4/4: loss=6.302 acc=0.305 L1=70 spawns=2
    full(this)=0.214 task(this)=0.214 spawns=2
    [credit] +3 new; total frozen = 63/70
    [head-settle] best_trial=4 score=0.398
    [post-settle] full(this)=0.236 task(this)=0.328
[seed 0 arm e v2.0 conv-by-emergence] full=0.1347 task=0.3183 L1=70 spawns=6 splits=0 N_C=0 t=38s

=== aggregate (mean ± std across seeds) ===
  arm e         v2.0 conv-by-emergence  full=0.1347 ± 0.0000  task=0.3183 ± 0.0000  L1=70.0  spawns=6.0

wrote /home/marcrockhat/trioron-project/outputs/bench_2_0_cifar_continual.csv
