bench_2_0_cifar_continual: arms=['e'] seeds=1 epochs=4 tasks=3x10 batch=256 lr=0.01 smoke=True spawn(cap=16,cool=50,trig=frustrated) chan_split=False(sigma=0.1,thr=0.5)
loading CIFAR-100 + building tasks (one-time)...
  built 3 tasks; first task class range 0..9, train=5000

=== arm e: v2.0 conv-by-emergence  seed=0 ===
  [phase 1/3: cifar_000_009] L1.H=64 frozen=0
    epoch 1/4: loss=1.888 acc=0.000 L1=64 spawns=0
    epoch 2/4: loss=1.974 acc=0.000 L1=65 spawns=1
    epoch 3/4: loss=1.713 acc=0.012 L1=65 spawns=1
    epoch 4/4: loss=2.361 acc=0.000 L1=66 spawns=2
    full(this)=0.000 task(this)=0.309 spawns=2
    [credit] +52 new; total frozen = 52/66
    [head-settle] best_trial=2 score=0.750
    [post-settle] full(this)=0.000 task(this)=0.359
  [phase 2/3: cifar_010_019] L1.H=66 frozen=52
    epoch 1/4: loss=5.348 acc=0.000 L1=66 spawns=0
    epoch 2/4: loss=4.978 acc=0.004 L1=67 spawns=1
    epoch 3/4: loss=4.880 acc=0.000 L1=67 spawns=1
    epoch 4/4: loss=5.125 acc=0.047 L1=68 spawns=2
    full(this)=0.133 task(this)=0.230 spawns=2
    [credit] +5 new; total frozen = 57/68
    [head-settle] best_trial=4 score=0.465
    [post-settle] full(this)=0.074 task(this)=0.299
  [phase 3/3: cifar_020_029] L1.H=68 frozen=57
    epoch 1/4: loss=6.742 acc=0.219 L1=68 spawns=0
    epoch 2/4: loss=6.236 acc=0.297 L1=69 spawns=1
    epoch 3/4: loss=6.038 acc=0.352 L1=69 spawns=1
    epoch 4/4: loss=6.269 acc=0.273 L1=70 spawns=2
    full(this)=0.290 task(this)=0.290 spawns=2
    [credit] +6 new; total frozen = 63/70
    [head-settle] best_trial=4 score=0.406
    [post-settle] full(this)=0.170 task(this)=0.330
[seed 0 arm e v2.0 conv-by-emergence] full=0.0990 task=0.3137 L1=70 spawns=6 splits=0 N_C=0 t=25s

=== aggregate (mean ± std across seeds) ===
  arm e         v2.0 conv-by-emergence  full=0.0990 ± 0.0000  task=0.3137 ± 0.0000  L1=70.0  spawns=6.0

wrote /home/marcrockhat/trioron-project/outputs/bench_2_0_cifar_continual.csv
