bench_2_0_cifar_continual: arms=['e'] seeds=1 epochs=4 tasks=3x10 batch=256 lr=0.01 smoke=True spawn(cap=16,cool=50,trig=frustrated) chan_split=False(sigma=0.1,thr=0.5)
loading CIFAR-100 + building tasks (one-time)...
  built 3 tasks; first task class range 0..9, train=5000

=== arm e: v2.0 conv-by-emergence  seed=0 ===
  [phase 1/3: cifar_000_009] L1.H=64 frozen=0
    epoch 1/4: loss=1.799 acc=0.000 L1=64 spawns=0
    epoch 2/4: loss=1.954 acc=0.000 L1=65 spawns=1
    epoch 3/4: loss=1.736 acc=0.008 L1=65 spawns=1
    epoch 4/4: loss=2.177 acc=0.000 L1=66 spawns=2
    full(this)=0.000 task(this)=0.318 spawns=2
    [credit] +42 new; total frozen = 42/66
    [head-settle] best_trial=3 score=0.719
    [post-settle] full(this)=0.014 task(this)=0.379
  [phase 2/3: cifar_010_019] L1.H=66 frozen=42
    epoch 1/4: loss=5.340 acc=0.000 L1=66 spawns=0
    epoch 2/4: loss=5.246 acc=0.004 L1=67 spawns=1
    epoch 3/4: loss=5.170 acc=0.012 L1=67 spawns=1
    epoch 4/4: loss=5.246 acc=0.000 L1=68 spawns=2
    full(this)=0.009 task(this)=0.242 spawns=2
    [credit] +2 new; total frozen = 44/68
    [head-settle] best_trial=2 score=0.387
    [post-settle] full(this)=0.008 task(this)=0.275
  [phase 3/3: cifar_020_029] L1.H=68 frozen=44
    epoch 1/4: loss=7.166 acc=0.074 L1=68 spawns=0
    epoch 2/4: loss=6.976 acc=0.199 L1=69 spawns=1
    epoch 3/4: loss=6.842 acc=0.297 L1=69 spawns=1
    epoch 4/4: loss=6.900 acc=0.281 L1=70 spawns=2
    full(this)=0.256 task(this)=0.268 spawns=2
    [credit] +1 new; total frozen = 45/70
    [head-settle] best_trial=4 score=0.320
    [post-settle] full(this)=0.021 task(this)=0.299
[seed 0 arm e v2.0 conv-by-emergence] full=0.0177 task=0.2873 L1=70 spawns=6 splits=0 N_C=0 t=28s

=== aggregate (mean ± std across seeds) ===
  arm e         v2.0 conv-by-emergence  full=0.0177 ± 0.0000  task=0.2873 ± 0.0000  L1=70.0  spawns=6.0

wrote /home/marcrockhat/trioron-project/outputs/bench_2_0_cifar_continual.csv
