bench_2_0_cifar_continual: arms=['e'] seeds=1 epochs=4 tasks=3x10 batch=256 lr=0.01 smoke=True spawn(cap=16,cool=50,trig=frustrated) chan_split=False(sigma=0.1,thr=0.5)
loading CIFAR-100 + building tasks (one-time)...
  built 3 tasks; first task class range 0..9, train=5000

=== arm e: v2.0 conv-by-emergence  seed=0 ===
  [phase 1/3: cifar_000_009] L1.H=64 frozen=0
    epoch 1/4: loss=1.869 acc=0.000 L1=64 spawns=0
    epoch 2/4: loss=2.006 acc=0.004 L1=65 spawns=1
    epoch 3/4: loss=1.766 acc=0.020 L1=65 spawns=1
    epoch 4/4: loss=2.457 acc=0.000 L1=66 spawns=2
    full(this)=0.004 task(this)=0.291 spawns=2
    [credit] +48 new; total frozen = 48/66
    [head-settle] best_trial=3 score=0.738
    [post-settle] full(this)=0.024 task(this)=0.353
  [phase 2/3: cifar_010_019] L1.H=66 frozen=48
    epoch 1/4: loss=5.296 acc=0.023 L1=66 spawns=0
    epoch 2/4: loss=5.125 acc=0.039 L1=67 spawns=1
    epoch 3/4: loss=4.630 acc=0.051 L1=67 spawns=1
    epoch 4/4: loss=5.139 acc=0.148 L1=68 spawns=2
    full(this)=0.190 task(this)=0.239 spawns=2
    [credit] +5 new; total frozen = 53/68
    [head-settle] best_trial=2 score=0.457
    [post-settle] full(this)=0.118 task(this)=0.298
  [phase 3/3: cifar_020_029] L1.H=68 frozen=53
    epoch 1/4: loss=6.684 acc=0.238 L1=68 spawns=0
    epoch 2/4: loss=6.074 acc=0.305 L1=69 spawns=1
    epoch 3/4: loss=6.105 acc=0.340 L1=69 spawns=1
    epoch 4/4: loss=6.043 acc=0.277 L1=70 spawns=2
    full(this)=0.278 task(this)=0.278 spawns=2
    [credit] +7 new; total frozen = 60/70
    [head-settle] best_trial=4 score=0.441
    [post-settle] full(this)=0.225 task(this)=0.352
[seed 0 arm e v2.0 conv-by-emergence] full=0.1450 task=0.3107 L1=70 spawns=6 splits=0 N_C=0 t=31s

=== aggregate (mean ± std across seeds) ===
  arm e         v2.0 conv-by-emergence  full=0.1450 ± 0.0000  task=0.3107 ± 0.0000  L1=70.0  spawns=6.0

wrote /home/marcrockhat/trioron-project/outputs/bench_2_0_cifar_continual.csv
