bench_2_0_cifar_continual: arms=['e'] seeds=1 epochs=4 tasks=3x10 batch=256 lr=0.01 smoke=True spawn(cap=16,cool=50,trig=frustrated) chan_split=False(sigma=0.1,thr=0.5)
loading CIFAR-100 + building tasks (one-time)...
  built 3 tasks; first task class range 0..9, train=5000

=== arm e: v2.0 conv-by-emergence  seed=0 ===
  [phase 1/3: cifar_000_009] L1.H=64 frozen=0
    epoch 1/4: loss=1.808 acc=0.000 L1=64 spawns=0
    epoch 2/4: loss=1.928 acc=0.000 L1=65 spawns=1
    epoch 3/4: loss=1.732 acc=0.008 L1=65 spawns=1
    epoch 4/4: loss=2.094 acc=0.000 L1=66 spawns=2
    full(this)=0.000 task(this)=0.328 spawns=2
    [credit] +41 new; total frozen = 41/66
    [head-settle] best_trial=2 score=0.738
    [post-settle] full(this)=0.008 task(this)=0.384
  [phase 2/3: cifar_010_019] L1.H=66 frozen=41
    epoch 1/4: loss=5.153 acc=0.031 L1=66 spawns=0
    epoch 2/4: loss=4.753 acc=0.020 L1=67 spawns=1
    epoch 3/4: loss=4.600 acc=0.035 L1=67 spawns=1
    epoch 4/4: loss=5.429 acc=0.059 L1=68 spawns=2
    full(this)=0.118 task(this)=0.282 spawns=2
    [credit] +10 new; total frozen = 51/68
    [head-settle] best_trial=4 score=0.445
    [post-settle] full(this)=0.032 task(this)=0.341
  [phase 3/3: cifar_020_029] L1.H=68 frozen=51
    epoch 1/4: loss=6.766 acc=0.211 L1=68 spawns=0
    epoch 2/4: loss=6.577 acc=0.285 L1=69 spawns=1
    epoch 3/4: loss=6.427 acc=0.387 L1=69 spawns=1
    epoch 4/4: loss=6.645 acc=0.289 L1=70 spawns=2
    full(this)=0.297 task(this)=0.298 spawns=2
    [credit] +6 new; total frozen = 57/70
    [head-settle] best_trial=4 score=0.383
    [post-settle] full(this)=0.087 task(this)=0.318
[seed 0 arm e v2.0 conv-by-emergence] full=0.0490 task=0.3140 L1=70 spawns=6 splits=0 N_C=0 t=29s

=== aggregate (mean ± std across seeds) ===
  arm e         v2.0 conv-by-emergence  full=0.0490 ± 0.0000  task=0.3140 ± 0.0000  L1=70.0  spawns=6.0

wrote /home/marcrockhat/trioron-project/outputs/bench_2_0_cifar_continual.csv
