bench_2_0_cifar_continual: arms=['e'] seeds=1 epochs=4 tasks=3x10 batch=256 lr=0.01 smoke=True spawn(cap=16,cool=50,trig=frustrated) chan_split=False(sigma=0.1,thr=0.5)
loading CIFAR-100 + building tasks (one-time)...
  built 3 tasks; first task class range 0..9, train=5000

=== arm e: v2.0 conv-by-emergence  seed=0 ===
  [phase 1/3: cifar_000_009] L1.H=64 frozen=0
    epoch 1/4: loss=2.026 acc=0.000 L1=64 spawns=0
    epoch 2/4: loss=2.039 acc=0.000 L1=65 spawns=1
    epoch 3/4: loss=1.833 acc=0.000 L1=65 spawns=1
    epoch 4/4: loss=2.163 acc=0.000 L1=66 spawns=2
    full(this)=0.063 task(this)=0.303 spawns=2
    [credit] +56 new; total frozen = 56/66
    [head-settle] best_trial=2 score=0.801
    [post-settle] full(this)=0.140 task(this)=0.366
  [phase 2/3: cifar_010_019] L1.H=66 frozen=56
    epoch 1/4: loss=5.138 acc=0.125 L1=66 spawns=0
    epoch 2/4: loss=5.048 acc=0.168 L1=67 spawns=1
    epoch 3/4: loss=4.693 acc=0.258 L1=67 spawns=1
    epoch 4/4: loss=4.903 acc=0.184 L1=68 spawns=2
    full(this)=0.189 task(this)=0.190 spawns=2
    [credit] +7 new; total frozen = 63/68
    [head-settle] best_trial=2 score=0.488
    [post-settle] full(this)=0.202 task(this)=0.274
  [phase 3/3: cifar_020_029] L1.H=68 frozen=63
    epoch 1/4: loss=7.111 acc=0.168 L1=68 spawns=0
    epoch 2/4: loss=6.357 acc=0.230 L1=69 spawns=1
    epoch 3/4: loss=6.201 acc=0.297 L1=69 spawns=1
    epoch 4/4: loss=6.209 acc=0.316 L1=70 spawns=2
    full(this)=0.232 task(this)=0.232 spawns=2
    [credit] +4 new; total frozen = 67/70
    [head-settle] best_trial=4 score=0.422
    [post-settle] full(this)=0.223 task(this)=0.316
[seed 0 arm e v2.0 conv-by-emergence] full=0.1573 task=0.3093 L1=70 spawns=6 splits=0 N_C=0 t=28s

=== aggregate (mean ± std across seeds) ===
  arm e         v2.0 conv-by-emergence  full=0.1573 ± 0.0000  task=0.3093 ± 0.0000  L1=70.0  spawns=6.0

wrote /home/marcrockhat/trioron-project/outputs/bench_2_0_cifar_continual.csv
