bench_2_0_cifar_continual: arms=['e'] seeds=3 epochs=4 tasks=3x10 batch=256 lr=0.01 smoke=True spawn(cap=16,cool=50,trig=frustrated) chan_split=False(sigma=0.1,thr=0.5)
loading CIFAR-100 + building tasks (one-time)...
  built 3 tasks; first task class range 0..9, train=5000

=== arm e: v2.0 conv-by-emergence  seed=0 ===
  [phase 1/3: cifar_000_009] L1.H=64 frozen=0
    epoch 1/4: loss=2.026 acc=0.000 L1=64 spawns=0
    epoch 2/4: loss=2.039 acc=0.000 L1=65 spawns=1
    epoch 3/4: loss=1.833 acc=0.000 L1=65 spawns=1
    epoch 4/4: loss=2.163 acc=0.000 L1=66 spawns=2
    full(this)=0.063 task(this)=0.303 spawns=2
    [credit] +56 new; total frozen = 56/66
    [head-settle] best_trial=2 score=0.801
    [post-settle] full(this)=0.140 task(this)=0.366
  [phase 2/3: cifar_010_019] L1.H=66 frozen=56
    epoch 1/4: loss=5.138 acc=0.125 L1=66 spawns=0
    epoch 2/4: loss=5.048 acc=0.168 L1=67 spawns=1
    epoch 3/4: loss=4.693 acc=0.258 L1=67 spawns=1
    epoch 4/4: loss=4.903 acc=0.184 L1=68 spawns=2
    full(this)=0.189 task(this)=0.190 spawns=2
    [credit] +7 new; total frozen = 63/68
    [head-settle] best_trial=2 score=0.488
    [post-settle] full(this)=0.202 task(this)=0.274
  [phase 3/3: cifar_020_029] L1.H=68 frozen=63
    epoch 1/4: loss=7.111 acc=0.168 L1=68 spawns=0
    epoch 2/4: loss=6.357 acc=0.230 L1=69 spawns=1
    epoch 3/4: loss=6.201 acc=0.297 L1=69 spawns=1
    epoch 4/4: loss=6.209 acc=0.316 L1=70 spawns=2
    full(this)=0.232 task(this)=0.232 spawns=2
    [credit] +4 new; total frozen = 67/70
    [head-settle] best_trial=4 score=0.422
    [post-settle] full(this)=0.223 task(this)=0.316
[seed 0 arm e v2.0 conv-by-emergence] full=0.1573 task=0.3093 L1=70 spawns=6 splits=0 N_C=0 t=34s

=== arm e: v2.0 conv-by-emergence  seed=1 ===
  [phase 1/3: cifar_000_009] L1.H=64 frozen=0
    epoch 1/4: loss=2.134 acc=0.000 L1=64 spawns=0
    epoch 2/4: loss=1.924 acc=0.012 L1=65 spawns=1
    epoch 3/4: loss=1.906 acc=0.020 L1=65 spawns=1
    epoch 4/4: loss=2.091 acc=0.000 L1=66 spawns=2
    full(this)=0.024 task(this)=0.241 spawns=2
    [credit] +43 new; total frozen = 43/66
    [head-settle] best_trial=3 score=0.723
    [post-settle] full(this)=0.185 task(this)=0.365
  [phase 2/3: cifar_010_019] L1.H=66 frozen=43
    epoch 1/4: loss=4.489 acc=0.000 L1=66 spawns=0
    epoch 2/4: loss=4.616 acc=0.000 L1=67 spawns=1
    epoch 3/4: loss=4.387 acc=0.000 L1=67 spawns=1
    epoch 4/4: loss=4.771 acc=0.004 L1=68 spawns=2
    full(this)=0.081 task(this)=0.203 spawns=2
    [credit] +5 new; total frozen = 48/68
    [head-settle] best_trial=2 score=0.492
    [post-settle] full(this)=0.116 task(this)=0.287
  [phase 3/3: cifar_020_029] L1.H=68 frozen=48
    epoch 1/4: loss=6.588 acc=0.133 L1=68 spawns=0
    epoch 2/4: loss=5.969 acc=0.262 L1=69 spawns=1
    epoch 3/4: loss=5.675 acc=0.340 L1=69 spawns=1
    epoch 4/4: loss=5.797 acc=0.270 L1=70 spawns=2
    full(this)=0.212 task(this)=0.212 spawns=2
    [credit] +5 new; total frozen = 53/70
    [head-settle] best_trial=4 score=0.461
    [post-settle] full(this)=0.205 task(this)=0.300
[seed 1 arm e v2.0 conv-by-emergence] full=0.1517 task=0.2973 L1=70 spawns=6 splits=0 N_C=0 t=38s

=== arm e: v2.0 conv-by-emergence  seed=2 ===
  [phase 1/3: cifar_000_009] L1.H=64 frozen=0
    epoch 1/4: loss=2.195 acc=0.000 L1=64 spawns=0
    epoch 2/4: loss=2.016 acc=0.004 L1=65 spawns=1
    epoch 3/4: loss=1.851 acc=0.016 L1=65 spawns=1
    epoch 4/4: loss=2.103 acc=0.000 L1=66 spawns=2
    full(this)=0.102 task(this)=0.237 spawns=2
    [credit] +23 new; total frozen = 23/66
    [head-settle] best_trial=2 score=0.789
    [post-settle] full(this)=0.220 task(this)=0.373
  [phase 2/3: cifar_010_019] L1.H=66 frozen=23
    epoch 1/4: loss=5.065 acc=0.016 L1=66 spawns=0
    epoch 2/4: loss=4.561 acc=0.148 L1=67 spawns=1
    epoch 3/4: loss=4.107 acc=0.262 L1=67 spawns=1
    epoch 4/4: loss=4.463 acc=0.195 L1=68 spawns=2
    full(this)=0.268 task(this)=0.272 spawns=2
    [credit] +14 new; total frozen = 37/68
    [head-settle] best_trial=4 score=0.566
    [post-settle] full(this)=0.218 task(this)=0.339
  [phase 3/3: cifar_020_029] L1.H=68 frozen=37
    epoch 1/4: loss=6.467 acc=0.168 L1=68 spawns=0
    epoch 2/4: loss=5.917 acc=0.254 L1=69 spawns=1
    epoch 3/4: loss=5.389 acc=0.387 L1=69 spawns=1
    epoch 4/4: loss=5.427 acc=0.281 L1=70 spawns=2
    full(this)=0.262 task(this)=0.262 spawns=2
    [credit] +20 new; total frozen = 57/70
    [head-settle] best_trial=4 score=0.562
    [post-settle] full(this)=0.211 task(this)=0.359
[seed 2 arm e v2.0 conv-by-emergence] full=0.1673 task=0.3347 L1=70 spawns=6 splits=0 N_C=0 t=37s

=== aggregate (mean ± std across seeds) ===
  arm e         v2.0 conv-by-emergence  full=0.1588 ± 0.0079  task=0.3138 ± 0.0191  L1=70.0  spawns=6.0

wrote /home/marcrockhat/trioron-project/outputs/bench_2_0_cifar_continual.csv
