bench_2_0_cifar_continual: arms=['e'] seeds=3 epochs=4 tasks=3x10 batch=256 lr=0.01 smoke=True spawn(cap=16,cool=50,trig=frustrated) chan_split=False(sigma=0.1,thr=0.5)
loading CIFAR-100 + building tasks (one-time)...
  built 3 tasks; first task class range 0..9, train=5000

=== arm e: v2.0 conv-by-emergence  seed=0 ===
  [phase 1/3: cifar_000_009] L1.H=64 frozen=0
    epoch 1/4: loss=1.924 acc=0.000 L1=64 spawns=0
    epoch 2/4: loss=2.042 acc=0.000 L1=65 spawns=1
    epoch 3/4: loss=1.793 acc=0.008 L1=65 spawns=1
    epoch 4/4: loss=2.217 acc=0.000 L1=66 spawns=2
    full(this)=0.003 task(this)=0.297 spawns=2
    [credit] +51 new; total frozen = 51/66
    [head-settle] best_trial=2 score=0.781
    [post-settle] full(this)=0.051 task(this)=0.366
  [phase 2/3: cifar_010_019] L1.H=66 frozen=51
    epoch 1/4: loss=4.963 acc=0.000 L1=66 spawns=0
    epoch 2/4: loss=4.626 acc=0.000 L1=67 spawns=1
    epoch 3/4: loss=4.333 acc=0.008 L1=67 spawns=1
    epoch 4/4: loss=5.093 acc=0.008 L1=68 spawns=2
    full(this)=0.194 task(this)=0.271 spawns=2
    [credit] +9 new; total frozen = 60/68
    [head-settle] best_trial=2 score=0.527
    [post-settle] full(this)=0.153 task(this)=0.323
  [phase 3/3: cifar_020_029] L1.H=68 frozen=60
    epoch 1/4: loss=6.774 acc=0.156 L1=68 spawns=0
    epoch 2/4: loss=6.289 acc=0.281 L1=69 spawns=1
    epoch 3/4: loss=6.066 acc=0.324 L1=69 spawns=1
    epoch 4/4: loss=6.302 acc=0.305 L1=70 spawns=2
    full(this)=0.214 task(this)=0.214 spawns=2
    [credit] +3 new; total frozen = 63/70
    [head-settle] best_trial=4 score=0.398
    [post-settle] full(this)=0.236 task(this)=0.328
[seed 0 arm e v2.0 conv-by-emergence] full=0.1347 task=0.3183 L1=70 spawns=6 splits=0 N_C=0 t=33s

=== arm e: v2.0 conv-by-emergence  seed=1 ===
  [phase 1/3: cifar_000_009] L1.H=64 frozen=0
    epoch 1/4: loss=2.042 acc=0.016 L1=64 spawns=0
    epoch 2/4: loss=1.890 acc=0.043 L1=65 spawns=1
    epoch 3/4: loss=1.854 acc=0.023 L1=65 spawns=1
    epoch 4/4: loss=2.347 acc=0.020 L1=66 spawns=2
    full(this)=0.083 task(this)=0.250 spawns=2
    [credit] +35 new; total frozen = 35/66
    [head-settle] best_trial=3 score=0.734
    [post-settle] full(this)=0.170 task(this)=0.400
  [phase 2/3: cifar_010_019] L1.H=66 frozen=35
    epoch 1/4: loss=5.164 acc=0.270 L1=66 spawns=0
    epoch 2/4: loss=4.781 acc=0.250 L1=67 spawns=1
    epoch 3/4: loss=4.437 acc=0.316 L1=67 spawns=1
    epoch 4/4: loss=4.534 acc=0.258 L1=68 spawns=2
    full(this)=0.304 task(this)=0.304 spawns=2
    [credit] +18 new; total frozen = 53/68
    [head-settle] best_trial=4 score=0.586
    [post-settle] full(this)=0.225 task(this)=0.342
  [phase 3/3: cifar_020_029] L1.H=68 frozen=53
    epoch 1/4: loss=6.298 acc=0.195 L1=68 spawns=0
    epoch 2/4: loss=5.974 acc=0.309 L1=69 spawns=1
    epoch 3/4: loss=5.734 acc=0.332 L1=69 spawns=1
    epoch 4/4: loss=5.704 acc=0.277 L1=70 spawns=2
    full(this)=0.243 task(this)=0.243 spawns=2
    [credit] +8 new; total frozen = 61/70
    [head-settle] best_trial=4 score=0.547
    [post-settle] full(this)=0.231 task(this)=0.342
[seed 1 arm e v2.0 conv-by-emergence] full=0.1723 task=0.3320 L1=70 spawns=6 splits=0 N_C=0 t=38s

=== arm e: v2.0 conv-by-emergence  seed=2 ===
  [phase 1/3: cifar_000_009] L1.H=64 frozen=0
    epoch 1/4: loss=2.169 acc=0.000 L1=64 spawns=0
    epoch 2/4: loss=1.986 acc=0.012 L1=65 spawns=1
    epoch 3/4: loss=1.816 acc=0.020 L1=65 spawns=1
    epoch 4/4: loss=2.140 acc=0.000 L1=66 spawns=2
    full(this)=0.005 task(this)=0.271 spawns=2
    [credit] +28 new; total frozen = 28/66
    [head-settle] best_trial=3 score=0.777
    [post-settle] full(this)=0.035 task(this)=0.373
  [phase 2/3: cifar_010_019] L1.H=66 frozen=28
    epoch 1/4: loss=4.926 acc=0.086 L1=66 spawns=0
    epoch 2/4: loss=4.543 acc=0.156 L1=67 spawns=1
    epoch 3/4: loss=4.279 acc=0.234 L1=67 spawns=1
    epoch 4/4: loss=4.315 acc=0.262 L1=68 spawns=2
    full(this)=0.302 task(this)=0.308 spawns=2
    [credit] +14 new; total frozen = 42/68
    [head-settle] best_trial=2 score=0.555
    [post-settle] full(this)=0.234 task(this)=0.344
  [phase 3/3: cifar_020_029] L1.H=68 frozen=42
    epoch 1/4: loss=6.093 acc=0.211 L1=68 spawns=0
    epoch 2/4: loss=5.625 acc=0.324 L1=69 spawns=1
    epoch 3/4: loss=5.438 acc=0.352 L1=69 spawns=1
    epoch 4/4: loss=5.748 acc=0.301 L1=70 spawns=2
    full(this)=0.279 task(this)=0.279 spawns=2
    [credit] +14 new; total frozen = 56/70
    [head-settle] best_trial=4 score=0.570
    [post-settle] full(this)=0.267 task(this)=0.370
[seed 2 arm e v2.0 conv-by-emergence] full=0.1800 task=0.3353 L1=70 spawns=6 splits=0 N_C=0 t=37s

=== aggregate (mean ± std across seeds) ===
  arm e         v2.0 conv-by-emergence  full=0.1623 ± 0.0243  task=0.3286 ± 0.0090  L1=70.0  spawns=6.0

wrote /home/marcrockhat/trioron-project/outputs/bench_2_0_cifar_continual.csv
