bench_2_0_cifar_continual: arms=['e'] seeds=3 epochs=4 tasks=3x10 batch=256 lr=0.01 smoke=True spawn(cap=16,cool=50,trig=frustrated) chan_split=False(sigma=0.1,thr=0.5)
loading CIFAR-100 + building tasks (one-time)...
  built 3 tasks; first task class range 0..9, train=5000

=== arm e: v2.0 conv-by-emergence  seed=0 ===
  [phase 1/3: cifar_000_009] L1.H=64 frozen=0
    epoch 1/4: loss=1.869 acc=0.000 L1=64 spawns=0
    epoch 2/4: loss=2.006 acc=0.004 L1=65 spawns=1
    epoch 3/4: loss=1.766 acc=0.020 L1=65 spawns=1
    epoch 4/4: loss=2.457 acc=0.000 L1=66 spawns=2
    full(this)=0.004 task(this)=0.291 spawns=2
    [credit] +48 new; total frozen = 48/66
    [head-settle] best_trial=3 score=0.738
    [post-settle] full(this)=0.024 task(this)=0.353
  [phase 2/3: cifar_010_019] L1.H=66 frozen=48
    epoch 1/4: loss=5.296 acc=0.023 L1=66 spawns=0
    epoch 2/4: loss=5.125 acc=0.039 L1=67 spawns=1
    epoch 3/4: loss=4.630 acc=0.051 L1=67 spawns=1
    epoch 4/4: loss=5.139 acc=0.148 L1=68 spawns=2
    full(this)=0.190 task(this)=0.239 spawns=2
    [credit] +5 new; total frozen = 53/68
    [head-settle] best_trial=2 score=0.457
    [post-settle] full(this)=0.118 task(this)=0.298
  [phase 3/3: cifar_020_029] L1.H=68 frozen=53
    epoch 1/4: loss=6.684 acc=0.238 L1=68 spawns=0
    epoch 2/4: loss=6.074 acc=0.305 L1=69 spawns=1
    epoch 3/4: loss=6.105 acc=0.340 L1=69 spawns=1
    epoch 4/4: loss=6.043 acc=0.277 L1=70 spawns=2
    full(this)=0.278 task(this)=0.278 spawns=2
    [credit] +7 new; total frozen = 60/70
    [head-settle] best_trial=4 score=0.441
    [post-settle] full(this)=0.225 task(this)=0.352
[seed 0 arm e v2.0 conv-by-emergence] full=0.1450 task=0.3107 L1=70 spawns=6 splits=0 N_C=0 t=34s

=== arm e: v2.0 conv-by-emergence  seed=1 ===
  [phase 1/3: cifar_000_009] L1.H=64 frozen=0
    epoch 1/4: loss=2.016 acc=0.027 L1=64 spawns=0
    epoch 2/4: loss=1.875 acc=0.035 L1=65 spawns=1
    epoch 3/4: loss=1.805 acc=0.051 L1=65 spawns=1
    epoch 4/4: loss=2.240 acc=0.004 L1=66 spawns=2
    full(this)=0.047 task(this)=0.289 spawns=2
    [credit] +35 new; total frozen = 35/66
    [head-settle] best_trial=3 score=0.762
    [post-settle] full(this)=0.213 task(this)=0.375
  [phase 2/3: cifar_010_019] L1.H=66 frozen=35
    epoch 1/4: loss=5.560 acc=0.219 L1=66 spawns=0
    epoch 2/4: loss=5.208 acc=0.277 L1=67 spawns=1
    epoch 3/4: loss=4.399 acc=0.281 L1=67 spawns=1
    epoch 4/4: loss=4.864 acc=0.336 L1=68 spawns=2
    full(this)=0.292 task(this)=0.292 spawns=2
    [credit] +17 new; total frozen = 52/68
    [head-settle] best_trial=2 score=0.547
    [post-settle] full(this)=0.220 task(this)=0.364
  [phase 3/3: cifar_020_029] L1.H=68 frozen=52
    epoch 1/4: loss=6.762 acc=0.184 L1=68 spawns=0
    epoch 2/4: loss=6.075 acc=0.309 L1=69 spawns=1
    epoch 3/4: loss=5.999 acc=0.367 L1=69 spawns=1
    epoch 4/4: loss=6.017 acc=0.312 L1=70 spawns=2
    full(this)=0.245 task(this)=0.245 spawns=2
    [credit] +7 new; total frozen = 59/70
    [head-settle] best_trial=4 score=0.508
    [post-settle] full(this)=0.228 task(this)=0.319
[seed 1 arm e v2.0 conv-by-emergence] full=0.1583 task=0.3067 L1=70 spawns=6 splits=0 N_C=0 t=36s

=== arm e: v2.0 conv-by-emergence  seed=2 ===
  [phase 1/3: cifar_000_009] L1.H=64 frozen=0
    epoch 1/4: loss=2.099 acc=0.000 L1=64 spawns=0
    epoch 2/4: loss=2.012 acc=0.004 L1=65 spawns=1
    epoch 3/4: loss=1.786 acc=0.012 L1=65 spawns=1
    epoch 4/4: loss=2.085 acc=0.000 L1=66 spawns=2
    full(this)=0.048 task(this)=0.304 spawns=2
    [credit] +28 new; total frozen = 28/66
    [head-settle] best_trial=3 score=0.820
    [post-settle] full(this)=0.122 task(this)=0.372
  [phase 2/3: cifar_010_019] L1.H=66 frozen=28
    epoch 1/4: loss=5.365 acc=0.090 L1=66 spawns=0
    epoch 2/4: loss=4.954 acc=0.113 L1=67 spawns=1
    epoch 3/4: loss=4.607 acc=0.199 L1=67 spawns=1
    epoch 4/4: loss=5.072 acc=0.199 L1=68 spawns=2
    full(this)=0.231 task(this)=0.256 spawns=2
    [credit] +18 new; total frozen = 46/68
    [head-settle] best_trial=2 score=0.562
    [post-settle] full(this)=0.130 task(this)=0.348
  [phase 3/3: cifar_020_029] L1.H=68 frozen=46
    epoch 1/4: loss=6.243 acc=0.191 L1=68 spawns=0
    epoch 2/4: loss=5.867 acc=0.336 L1=69 spawns=1
    epoch 3/4: loss=5.811 acc=0.379 L1=69 spawns=1
    epoch 4/4: loss=5.867 acc=0.297 L1=70 spawns=2
    full(this)=0.330 task(this)=0.330 spawns=2
    [credit] +9 new; total frozen = 55/70
    [head-settle] best_trial=2 score=0.469
    [post-settle] full(this)=0.246 task(this)=0.362
[seed 2 arm e v2.0 conv-by-emergence] full=0.1593 task=0.3443 L1=70 spawns=6 splits=0 N_C=0 t=35s

=== aggregate (mean ± std across seeds) ===
  arm e         v2.0 conv-by-emergence  full=0.1542 ± 0.0080  task=0.3206 ± 0.0207  L1=70.0  spawns=6.0

wrote /home/marcrockhat/trioron-project/outputs/bench_2_0_cifar_continual.csv
