bench_2_0_cifar_continual: arms=['e'] seeds=1 epochs=4 tasks=3x10 batch=256 lr=0.01 smoke=True spawn(cap=16,cool=50,trig=frustrated) chan_split=False(sigma=0.1,thr=0.5)
loading CIFAR-100 + building tasks (one-time)...
  built 3 tasks; first task class range 0..9, train=5000

=== arm e: v2.0 conv-by-emergence  seed=0 ===
  [phase 1/3: cifar_000_009] L1.H=64 frozen=0
    epoch 1/4: loss=2.267 acc=0.000 L1=64 spawns=0
    epoch 2/4: loss=2.223 acc=0.000 L1=65 spawns=1
    epoch 3/4: loss=2.093 acc=0.000 L1=65 spawns=1
    epoch 4/4: loss=2.318 acc=0.000 L1=66 spawns=2
    full(this)=0.055 task(this)=0.126 spawns=2
    [credit] +52 new; total frozen = 52/66
    [head-settle] best_trial=2 score=0.750
    [post-settle] full(this)=0.215 task(this)=0.313
  [phase 2/3: cifar_010_019] L1.H=66 frozen=52
    epoch 1/4: loss=5.353 acc=0.051 L1=66 spawns=0
    epoch 2/4: loss=5.067 acc=0.168 L1=67 spawns=1
    epoch 3/4: loss=4.600 acc=0.180 L1=67 spawns=1
    epoch 4/4: loss=4.735 acc=0.172 L1=68 spawns=2
    full(this)=0.118 task(this)=0.141 spawns=2
    [credit] +4 new; total frozen = 56/68
    [head-settle] best_trial=0 score=0.469
    [post-settle] full(this)=0.195 task(this)=0.275
  [phase 3/3: cifar_020_029] L1.H=68 frozen=56
    epoch 1/4: loss=8.084 acc=0.133 L1=68 spawns=0
    epoch 2/4: loss=6.511 acc=0.164 L1=69 spawns=1
    epoch 3/4: loss=6.346 acc=0.211 L1=69 spawns=1
    epoch 4/4: loss=6.348 acc=0.156 L1=70 spawns=2
    full(this)=0.156 task(this)=0.156 spawns=2
    [credit] +7 new; total frozen = 63/70
    [head-settle] best_trial=2 score=0.344
    [post-settle] full(this)=0.178 task(this)=0.281
[seed 0 arm e v2.0 conv-by-emergence] full=0.1393 task=0.2800 L1=70 spawns=6 splits=0 N_C=0 t=40s

=== aggregate (mean ± std across seeds) ===
  arm e         v2.0 conv-by-emergence  full=0.1393 ± 0.0000  task=0.2800 ± 0.0000  L1=70.0  spawns=6.0

wrote /home/marcrockhat/trioron-project/outputs/bench_2_0_cifar_continual.csv
