bench_2_0_cifar_continual: arms=['e'] seeds=1 epochs=4 tasks=3x10 batch=256 lr=0.01 smoke=True spawn(cap=16,cool=50,trig=frustrated) chan_split=False(sigma=0.1,thr=0.5)
loading CIFAR-100 + building tasks (one-time)...
  built 3 tasks; first task class range 0..9, train=5000

=== arm e: v2.0 conv-by-emergence  seed=0 ===
  [phase 1/3: cifar_000_009] L1.H=64 frozen=0
    epoch 1/4: loss=1.820 acc=0.000 L1=64 spawns=0
    epoch 2/4: loss=1.960 acc=0.000 L1=65 spawns=1
    epoch 3/4: loss=1.744 acc=0.008 L1=65 spawns=1
    epoch 4/4: loss=2.178 acc=0.000 L1=66 spawns=2
    full(this)=0.000 task(this)=0.322 spawns=2
    [credit] +43 new; total frozen = 43/66
    [head-settle] best_trial=3 score=0.738
    [post-settle] full(this)=0.020 task(this)=0.374
  [phase 2/3: cifar_010_019] L1.H=66 frozen=43
    epoch 1/4: loss=5.179 acc=0.051 L1=66 spawns=0
    epoch 2/4: loss=4.995 acc=0.117 L1=67 spawns=1
    epoch 3/4: loss=4.694 acc=0.195 L1=67 spawns=1
    epoch 4/4: loss=5.531 acc=0.195 L1=68 spawns=2
    full(this)=0.255 task(this)=0.306 spawns=2
    [credit] +15 new; total frozen = 58/68
    [head-settle] best_trial=2 score=0.473
    [post-settle] full(this)=0.098 task(this)=0.313
  [phase 3/3: cifar_020_029] L1.H=68 frozen=58
    epoch 1/4: loss=6.620 acc=0.223 L1=68 spawns=0
    epoch 2/4: loss=6.361 acc=0.297 L1=69 spawns=1
    epoch 3/4: loss=6.377 acc=0.375 L1=69 spawns=1
    epoch 4/4: loss=6.396 acc=0.270 L1=70 spawns=2
    full(this)=0.288 task(this)=0.288 spawns=2
    [credit] +4 new; total frozen = 62/70
    [head-settle] best_trial=2 score=0.391
    [post-settle] full(this)=0.177 task(this)=0.338
[seed 0 arm e v2.0 conv-by-emergence] full=0.0943 task=0.3130 L1=70 spawns=6 splits=0 N_C=0 t=39s

=== aggregate (mean ± std across seeds) ===
  arm e         v2.0 conv-by-emergence  full=0.0943 ± 0.0000  task=0.3130 ± 0.0000  L1=70.0  spawns=6.0

wrote /home/marcrockhat/trioron-project/outputs/bench_2_0_cifar_continual.csv
