========================================================================================
axis6_credit_chained15 — LCN perception + L1 substrate
epochs/task=2  batch=256  lr=0.01  n_seeds=1  spawn_cap=5  credit_thr=0.3
H_init(L1)=16  L0_width(frozen,LCN)=128  LCN_grid=16×8  LCN_σ=0.1
field_sigma=0.15  diff_floor=0.0005  cooldown=20
========================================================================================
[datasets] loading mnist (train) ...
[datasets] loading mnist (test)  ...
[datasets] loading fashion_mnist (train) ...
[datasets] loading fashion_mnist (test)  ...
[datasets] loading emnist_letters (train) ...
[datasets] loading emnist_letters (test)  ...
Curriculum: ['mnist_0_1', 'mnist_2_3', 'mnist_4_5', 'mnist_6_7', 'mnist_8_9', 'fashion_mnist_0_1', 'fashion_mnist_2_3', 'fashion_mnist_4_5', 'fashion_mnist_6_7', 'fashion_mnist_8_9', 'emnist_letters_0_1', 'emnist_letters_2_3', 'emnist_letters_4_5', 'emnist_letters_6_7', 'emnist_letters_8_9']
Train sizes: [12665, 12089, 11263, 12183, 11800, 12000, 12000, 12000, 12000, 12000, 9600, 9600, 9600, 9600, 9600]
Eval  sizes: [2115, 2042, 1874, 1986, 1983, 2000, 2000, 2000, 2000, 2000, 1600, 1600, 1600, 1600, 1600]


========== SEED 0  ARM: AXIS6_credit_manifold ==========
  [phase 1/15: mnist_0_1] L1.H=16  frozen=0
    [epoch 0] loss=0.0454 acc=0.983 H=16 spawns=0 stress_max=0.0001 epi_A_max=0.0005 epi_B_max=0.5497
    [epoch 1] loss=0.0036 acc=1.000 H=19 spawns=3 stress_max=0.0001 epi_A_max=0.0009 epi_B_max=0.6442
    task_aware(this)=0.995  task_aware(mean_seen)=0.995  full(this)=0.993  spawn_events=3
    [credit] +16 new; total frozen = 16/19
    [manifold] stored 2 classes; total stored = 2 classes (n_l0=128)
  [phase 2/15: mnist_2_3] L1.H=19  frozen=16
    [epoch 0] loss=0.5076 acc=0.737 H=21 spawns=2 stress_max=0.0005 epi_A_max=0.0010 epi_B_max=0.8471
    [epoch 1] loss=0.1441 acc=0.965 H=23 spawns=4 stress_max=0.0006 epi_A_max=0.0028 epi_B_max=0.9551
    task_aware(this)=0.924  task_aware(mean_seen)=0.960  full(this)=0.000  spawn_events=4
    [credit] +5 new; total frozen = 21/23
    [manifold] stored 2 classes; total stored = 4 classes (n_l0=128)
  [phase 3/15: mnist_4_5] L1.H=23  frozen=21
    [epoch 0] loss=0.7457 acc=0.824 H=25 spawns=2 stress_max=0.0007 epi_A_max=0.0022 epi_B_max=0.8168
    [epoch 1] loss=0.3805 acc=0.906 H=27 spawns=4 stress_max=0.0009 epi_A_max=0.0041 epi_B_max=0.8267
    task_aware(this)=0.948  task_aware(mean_seen)=0.957  full(this)=0.000  spawn_events=4
    [credit] +4 new; total frozen = 25/27
    [manifold] stored 2 classes; total stored = 6 classes (n_l0=128)
  [phase 4/15: mnist_6_7] L1.H=27  frozen=25
    [epoch 0] loss=0.9526 acc=0.907 H=29 spawns=2 stress_max=0.0007 epi_A_max=0.0022 epi_B_max=0.8974
    [epoch 1] loss=0.5395 acc=0.987 H=32 spawns=5 stress_max=0.0007 epi_A_max=0.0038 epi_B_max=0.9090
    task_aware(this)=0.978  task_aware(mean_seen)=0.962  full(this)=0.000  spawn_events=5
    [credit] +5 new; total frozen = 30/32
    [manifold] stored 2 classes; total stored = 8 classes (n_l0=128)
  [phase 5/15: mnist_8_9] L1.H=32  frozen=30
    [epoch 0] loss=0.8996 acc=1.000 H=34 spawns=2 stress_max=0.0007 epi_A_max=0.0020 epi_B_max=1.1620
    [epoch 1] loss=0.4216 acc=1.000 H=37 spawns=5 stress_max=0.0008 epi_A_max=0.0040 epi_B_max=1.1857
    task_aware(this)=0.948  task_aware(mean_seen)=0.962  full(this)=0.000  spawn_events=5
    [credit] +5 new; total frozen = 35/37
    [manifold] stored 2 classes; total stored = 10 classes (n_l0=128)
  [phase 6/15: fashion_mnist_0_1] L1.H=37  frozen=35
    [epoch 0] loss=1.1838 acc=0.808 H=39 spawns=2 stress_max=0.0007 epi_A_max=0.0024 epi_B_max=1.5867
    [epoch 1] loss=0.7831 acc=0.960 H=42 spawns=5 stress_max=0.0007 epi_A_max=0.0042 epi_B_max=1.5965
    task_aware(this)=0.950  task_aware(mean_seen)=0.960  full(this)=0.000  spawn_events=5
    [credit] +3 new; total frozen = 38/42
    [manifold] stored 2 classes; total stored = 12 classes (n_l0=128)
  [phase 7/15: fashion_mnist_2_3] L1.H=42  frozen=38
    [epoch 0] loss=0.9253 acc=0.915 H=44 spawns=2 stress_max=0.0006 epi_A_max=0.0017 epi_B_max=1.7337
    [epoch 1] loss=0.6760 acc=0.960 H=47 spawns=5 stress_max=0.0006 epi_A_max=0.0029 epi_B_max=1.7413
    task_aware(this)=0.943  task_aware(mean_seen)=0.953  full(this)=0.000  spawn_events=5
    [credit] +4 new; total frozen = 42/47
    [manifold] stored 2 classes; total stored = 14 classes (n_l0=128)
  [phase 8/15: fashion_mnist_4_5] L1.H=47  frozen=42
    [epoch 0] loss=0.6921 acc=0.987 H=49 spawns=2 stress_max=0.0005 epi_A_max=0.0012 epi_B_max=1.2883
    [epoch 1] loss=0.4072 acc=1.000 H=52 spawns=5 stress_max=0.0003 epi_A_max=0.0021 epi_B_max=1.2967
    task_aware(this)=0.994  task_aware(mean_seen)=0.959  full(this)=0.000  spawn_events=5
    [credit] +6 new; total frozen = 48/52
    [manifold] stored 2 classes; total stored = 16 classes (n_l0=128)
  [phase 9/15: fashion_mnist_6_7] L1.H=52  frozen=48
    [epoch 0] loss=0.5391 acc=0.996 H=54 spawns=2 stress_max=0.0003 epi_A_max=0.0009 epi_B_max=1.3220
    [epoch 1] loss=0.4179 acc=0.996 H=56 spawns=4 stress_max=0.0002 epi_A_max=0.0014 epi_B_max=1.4310
    task_aware(this)=0.999  task_aware(mean_seen)=0.962  full(this)=0.000  spawn_events=4
    [credit] +5 new; total frozen = 53/56
    [manifold] stored 2 classes; total stored = 18 classes (n_l0=128)
  [phase 10/15: fashion_mnist_8_9] L1.H=56  frozen=53
    [epoch 0] loss=0.6447 acc=0.951 H=57 spawns=1 stress_max=0.0003 epi_A_max=0.0006 epi_B_max=1.7121
    [epoch 1] loss=0.6406 acc=0.964 H=59 spawns=3 stress_max=0.0003 epi_A_max=0.0014 epi_B_max=1.7277
    task_aware(this)=0.979  task_aware(mean_seen)=0.964  full(this)=0.000  spawn_events=3
    [credit] +2 new; total frozen = 55/59
    [manifold] stored 2 classes; total stored = 20 classes (n_l0=128)
  [phase 11/15: emnist_letters_0_1] L1.H=59  frozen=55
    [epoch 0] loss=0.7592 acc=0.898 H=60 spawns=1 stress_max=0.0004 epi_A_max=0.0007 epi_B_max=1.7903
    [epoch 1] loss=0.7790 acc=0.945 H=62 spawns=3 stress_max=0.0005 epi_A_max=0.0013 epi_B_max=1.8250
    task_aware(this)=0.916  task_aware(mean_seen)=0.960  full(this)=0.000  spawn_events=3
    [credit] +4 new; total frozen = 59/62
    [manifold] stored 2 classes; total stored = 22 classes (n_l0=128)
  [phase 12/15: emnist_letters_2_3] L1.H=62  frozen=59
    [epoch 0] loss=1.1313 acc=0.820 H=63 spawns=1 stress_max=0.0004 epi_A_max=0.0008 epi_B_max=1.8742
    [epoch 1] loss=0.7011 acc=0.938 H=65 spawns=3 stress_max=0.0004 epi_A_max=0.0016 epi_B_max=1.9062
    task_aware(this)=0.916  task_aware(mean_seen)=0.957  full(this)=0.000  spawn_events=3
    [credit] +4 new; total frozen = 63/65
    [manifold] stored 2 classes; total stored = 24 classes (n_l0=128)
  [phase 13/15: emnist_letters_4_5] L1.H=65  frozen=63
    [epoch 0] loss=1.0897 acc=0.867 H=66 spawns=1 stress_max=0.0006 epi_A_max=0.0009 epi_B_max=1.7133
    [epoch 1] loss=0.8136 acc=0.930 H=68 spawns=3 stress_max=0.0006 epi_A_max=0.0018 epi_B_max=1.7350
    task_aware(this)=0.920  task_aware(mean_seen)=0.951  full(this)=0.000  spawn_events=3
    [credit] +3 new; total frozen = 66/68
    [manifold] stored 2 classes; total stored = 26 classes (n_l0=128)
  [phase 14/15: emnist_letters_6_7] L1.H=68  frozen=66
    [epoch 0] loss=1.1956 acc=0.797 H=70 spawns=2 stress_max=0.0005 epi_A_max=0.0010 epi_B_max=1.7899
    [epoch 1] loss=0.9003 acc=0.844 H=71 spawns=3 stress_max=0.0005 epi_A_max=0.0020 epi_B_max=1.8117
    task_aware(this)=0.873  task_aware(mean_seen)=0.944  full(this)=0.000  spawn_events=3
    [credit] +2 new; total frozen = 68/71
    [manifold] stored 2 classes; total stored = 28 classes (n_l0=128)
  [phase 15/15: emnist_letters_8_9] L1.H=71  frozen=68
    [epoch 0] loss=0.9071 acc=0.891 H=73 spawns=2 stress_max=0.0006 epi_A_max=0.0011 epi_B_max=1.3287
    [epoch 1] loss=0.8571 acc=0.922 H=74 spawns=3 stress_max=0.0007 epi_A_max=0.0021 epi_B_max=1.3854
    task_aware(this)=0.913  task_aware(mean_seen)=0.944  full(this)=0.000  spawn_events=3
    [credit] +3 new; total frozen = 71/74
    [manifold] stored 2 classes; total stored = 30 classes (n_l0=128)
[seed 0  arm AXIS6_credit_manifold]  task_aware_mean=0.944  full_mean=0.490  max|drift|_ta=0.024  H=74  spawns=58  frozen=71  elapsed=19.6s

========================================================================================
AGGREGATE (n=1 seeds, mean ± std)
========================================================================================
  arm                   task_aware            full   max|drift|_ta        H_L1    spawns    frozen
  AXIS6_credit_manifold   0.944 ± 0.000   0.490 ± 0.000   0.024 ± 0.000  74.0 ± 0.0  58.0 ± 0.0  71.0 ± 0.0
