================================================================================================
L1 co-design sweep — mask ∈ ['off', 'soft', 'hard'], λ_diff ∈ [0.0, 0.1, 0.2], n=1 seeds, 4 ep, L0_LCN=on, L1_σ=0.25, L1_K=8
================================================================================================
[datasets] loading mnist (train) ...
[datasets] loading mnist (test)  ...
[datasets] loading fashion_mnist (train) ...
[datasets] loading fashion_mnist (test)  ...
[datasets] loading emnist_letters (train) ...
[datasets] loading emnist_letters (test)  ...
[mask= off  λ=0.00  seed=0]  task_aware=0.962  full=0.572  max|drift|=0.053  H=91  spawns=75  frozen=48  (35s)
[mask= off  λ=0.10  seed=0]  task_aware=0.958  full=0.556  max|drift|=0.062  H=91  spawns=75  frozen=71  (38s)
[mask= off  λ=0.20  seed=0]  task_aware=0.957  full=0.552  max|drift|=0.056  H=91  spawns=75  frozen=79  (37s)
[mask=soft  λ=0.00  seed=0]  task_aware=0.661  full=0.138  max|drift|=0.427  H=91  spawns=75  frozen=36  (36s)
[mask=soft  λ=0.10  seed=0]  task_aware=0.838  full=0.249  max|drift|=0.299  H=91  spawns=75  frozen=39  (37s)
[mask=soft  λ=0.20  seed=0]  task_aware=0.763  full=0.148  max|drift|=0.406  H=91  spawns=75  frozen=40  (37s)
[mask=hard  λ=0.00  seed=0]  task_aware=0.914  full=0.470  max|drift|=0.118  H=91  spawns=75  frozen=42  (38s)
[mask=hard  λ=0.10  seed=0]  task_aware=0.916  full=0.496  max|drift|=0.069  H=91  spawns=75  frozen=61  (38s)
[mask=hard  λ=0.20  seed=0]  task_aware=0.926  full=0.527  max|drift|=0.078  H=91  spawns=75  frozen=60  (37s)

================================================================================================
AGGREGATE — mask × λ_diff (n=1 seeds)
================================================================================================
  mask  λ_diff      task_aware            full      max|drift|        H_L1      frozen
   off    0.00   0.962 ± 0.000   0.572 ± 0.000   0.053 ± 0.000   91.0 ± 0.0   48.0 ± 0.0
   off    0.10   0.958 ± 0.000   0.556 ± 0.000   0.062 ± 0.000   91.0 ± 0.0   71.0 ± 0.0
   off    0.20   0.957 ± 0.000   0.552 ± 0.000   0.056 ± 0.000   91.0 ± 0.0   79.0 ± 0.0
  soft    0.00   0.661 ± 0.000   0.138 ± 0.000   0.427 ± 0.000   91.0 ± 0.0   36.0 ± 0.0
  soft    0.10   0.838 ± 0.000   0.249 ± 0.000   0.299 ± 0.000   91.0 ± 0.0   39.0 ± 0.0
  soft    0.20   0.763 ± 0.000   0.148 ± 0.000   0.406 ± 0.000   91.0 ± 0.0   40.0 ± 0.0
  hard    0.00   0.914 ± 0.000   0.470 ± 0.000   0.118 ± 0.000   91.0 ± 0.0   42.0 ± 0.0
  hard    0.10   0.916 ± 0.000   0.496 ± 0.000   0.069 ± 0.000   91.0 ± 0.0   61.0 ± 0.0
  hard    0.20   0.926 ± 0.000   0.527 ± 0.000   0.078 ± 0.000   91.0 ± 0.0   60.0 ± 0.0
