[bench_chained_15task] 2.0 axes: Axis3=on Axis4=on Axis5=on Axis5.5=on | profile=reasoning | threshold=1e-05 | max_grows/task=4 | noise_scale=0.01
[bench_chained_15task] plastic: steps=50 temp=1.0→0.1 init=match lr=0.01
==============================================================================
Trioron — bench_chained_15task: MNIST → FashionMNIST → EMNIST-letters
==============================================================================
Epochs/task:        8
K_settle epochs:    2  (Fix B — growth deferred until after settle)
L0 width (frozen):  128
H_init grown (L1):  32
H fixed:            64
N_grow_per_task:    4
Cap (trainable):    32_000 B = 8_000 params
EWC intertask:      30.0
Curriculum passes:  1
Warmup enabled:     False
Arms:               ['grown_uncapped_dream']
Seeds (n=3):     [0, 1, 2]

[datasets] loading mnist (train) ...
[datasets] loading mnist (test)  ...
[datasets] loading fashion_mnist (train) ...
[datasets] loading fashion_mnist (test)  ...
[datasets] loading emnist_letters (train) ...
[datasets] loading emnist_letters (test)  ...

##############################################################################
#   SEED 0  (1/3)
##############################################################################
[grown_uncapped_dream] Axis 3 insert_layer fired: arch=[128, 32, 32, 2] target_idx 1 → 2 | noise_scale=0.01

[grown_uncapped_dream] start — arch (128, 32, 32, 2)  params 107282 (trainable 6802)  growth=True dream=True  cap_bytes=2147483648  K=15  passes=1  epochs/task=8  rehearsal=off  lwf=off  brainstem=off  engrams=off  hippocampus=off  differential=off  manifold=on

[grown_uncapped_dream] >>> PASS 1/1  grows_per_task=4  (developmental)

[grown_uncapped_dream] === Pass 1/1 Task 1/15: mnist_0_1 (active [0, 1])  pre-arch=[128, 32, 32, 2] params=107282 (trainable 6802/∞) ===
  [grown_uncapped_dream] dendrite-first: grow_node suppressed (median B_per_node = 1 < sat_threshold=4)
  [grown_uncapped_dream] task 1/15 (mnist_0_1) epoch 1/8  avg_loss 0.1168  last_loss 0.0039  steps 197  arch [128, 32, 32, 2]
  [grown_uncapped_dream] task 1/15 (mnist_0_1) epoch 2/8  avg_loss 0.0060  last_loss 0.0017  steps 394  arch [128, 32, 32, 2]
  [grown_uncapped_dream] task 1/15 (mnist_0_1) epoch 3/8  avg_loss 0.0041  last_loss 0.0008  steps 591  arch [128, 32, 32, 2]
  [grown_uncapped_dream] task 1/15 (mnist_0_1) epoch 4/8  avg_loss 0.0028  last_loss 0.0000  steps 788  arch [128, 32, 32, 2]
  [grown_uncapped_dream] task 1/15 (mnist_0_1) epoch 5/8  avg_loss 0.0019  last_loss 0.0000  steps 985  arch [128, 32, 32, 2]
  [grown_uncapped_dream] task 1/15 (mnist_0_1) epoch 6/8  avg_loss 0.0022  last_loss 0.0001  steps 1182  arch [128, 32, 32, 2]
  [grown_uncapped_dream] task 1/15 (mnist_0_1) epoch 7/8  avg_loss 0.0014  last_loss 0.0001  steps 1379  arch [128, 32, 32, 2]
  [grown_uncapped_dream] task 1/15 (mnist_0_1) epoch 8/8  avg_loss 0.0008  last_loss 0.0000  steps 1576  arch [128, 32, 32, 2]
  [grown_uncapped_dream] plastic rewiring: 50 steps, temp 1.00→0.10, final_loss 0.0011, hardened
  [grown_uncapped_dream] dendrite+axonal: grew 1 branches on cells [8]; K_distribution=[1, 1, 1, 1, 1, 1, 1, 1, 2, 1, 1, 1, 1, 1, 1, 1, 1, 1, 1, 1, 1, 1, 1, 1, 1, 1, 1, 1, 1, 1, 1, 1]; axonal_gain∈[0.929, 1.093]
  [grown_uncapped_dream] post-task DREAM: replay 0.0002→0.0000 on 1p; merges=0 purges=0 latched=0 → arch [128, 32, 32, 2] (115474→115474 params)
[grown_uncapped_dream] After pass 1 task 1: own=0.9981 (domain 0.9981, task 0.9981)  avg=0.9981 (domain 0.9981, task 0.9981)  arch=[128, 32, 32, 2] params=115474 (trainable 14994)  cum_grows=0 cum_denied=0 cum_purges=0 cum_latched=0

[grown_uncapped_dream] === Pass 1/1 Task 2/15: mnist_2_3 (active [2, 3])  pre-arch=[128, 32, 32, 4] params=115556 (trainable 15076/∞) ===
  [grown_uncapped_dream] dendrite-first: grow_node suppressed (median B_per_node = 1 < sat_threshold=4)
  [grown_uncapped_dream] task 2/15 (mnist_2_3) epoch 1/8  avg_loss 0.3311  last_loss 0.2515  steps 188  arch [128, 32, 32, 4]
  [grown_uncapped_dream] task 2/15 (mnist_2_3) epoch 2/8  avg_loss 0.1783  last_loss 0.1828  steps 376  arch [128, 32, 32, 4]
  [grown_uncapped_dream] task 2/15 (mnist_2_3) epoch 3/8  avg_loss 0.1562  last_loss 0.1550  steps 564  arch [128, 32, 32, 4]
  [grown_uncapped_dream] task 2/15 (mnist_2_3) epoch 4/8  avg_loss 0.1476  last_loss 0.2089  steps 752  arch [128, 32, 32, 4]
  [grown_uncapped_dream] task 2/15 (mnist_2_3) epoch 5/8  avg_loss 0.1446  last_loss 0.1471  steps 940  arch [128, 32, 32, 4]
  [grown_uncapped_dream] task 2/15 (mnist_2_3) epoch 6/8  avg_loss 0.1445  last_loss 0.1496  steps 1128  arch [128, 32, 32, 4]
  [grown_uncapped_dream] task 2/15 (mnist_2_3) epoch 7/8  avg_loss 0.1351  last_loss 0.1561  steps 1316  arch [128, 32, 32, 4]
  [grown_uncapped_dream] task 2/15 (mnist_2_3) epoch 8/8  avg_loss 0.1343  last_loss 0.3140  steps 1504  arch [128, 32, 32, 4]
  [grown_uncapped_dream] plastic rewiring: 50 steps, temp 1.00→0.10, final_loss 0.2199, hardened
  [grown_uncapped_dream] dendrite+axonal: grew 3 branches on cells [7, 14, 16]; K_distribution=[1, 1, 1, 1, 1, 1, 1, 2, 2, 1, 1, 1, 1, 1, 2, 1, 2, 1, 1, 1, 1, 1, 1, 1, 1, 1, 1, 1, 1, 1, 1, 1]; axonal_gain∈[0.879, 1.189]
  [grown_uncapped_dream] post-task DREAM: replay 0.2881→0.1340 on 1p; merges=0 purges=0 latched=0 → arch [128, 32, 32, 4] (115556→115556 params)
[grown_uncapped_dream] After pass 1 task 2: own=0.0465 (domain 0.0465, task 0.9549)  avg=0.5221 (domain 0.5221, task 0.9763)  arch=[128, 32, 32, 4] params=115556 (trainable 15076)  cum_grows=0 cum_denied=0 cum_purges=0 cum_latched=0

[grown_uncapped_dream] === Pass 1/1 Task 3/15: mnist_4_5 (active [4, 5])  pre-arch=[128, 32, 32, 6] params=115638 (trainable 15158/∞) ===
  [grown_uncapped_dream] dendrite-first: grow_node suppressed (median B_per_node = 1 < sat_threshold=4)
  [grown_uncapped_dream] task 3/15 (mnist_4_5) epoch 1/8  avg_loss 0.3949  last_loss 0.1626  steps 175  arch [128, 32, 32, 6]
  [grown_uncapped_dream] task 3/15 (mnist_4_5) epoch 2/8  avg_loss 0.1425  last_loss 0.1892  steps 350  arch [128, 32, 32, 6]
  [grown_uncapped_dream] task 3/15 (mnist_4_5) epoch 3/8  avg_loss 0.1108  last_loss 0.0746  steps 525  arch [128, 32, 32, 6]
  [grown_uncapped_dream] task 3/15 (mnist_4_5) epoch 4/8  avg_loss 0.0959  last_loss 0.2025  steps 700  arch [128, 32, 32, 6]
  [grown_uncapped_dream] task 3/15 (mnist_4_5) epoch 5/8  avg_loss 0.0874  last_loss 0.1125  steps 875  arch [128, 32, 32, 6]
  [grown_uncapped_dream] task 3/15 (mnist_4_5) epoch 6/8  avg_loss 0.0830  last_loss 0.0489  steps 1050  arch [128, 32, 32, 6]
  [grown_uncapped_dream] task 3/15 (mnist_4_5) epoch 7/8  avg_loss 0.0775  last_loss 0.0655  steps 1225  arch [128, 32, 32, 6]
  [grown_uncapped_dream] task 3/15 (mnist_4_5) epoch 8/8  avg_loss 0.0748  last_loss 0.0474  steps 1400  arch [128, 32, 32, 6]
  [grown_uncapped_dream] plastic rewiring: 50 steps, temp 1.00→0.10, final_loss 0.1369, hardened
  [grown_uncapped_dream] dendrite+axonal: grew 4 branches on cells [9, 6, 16, 3]; K_distribution=[1, 1, 1, 2, 1, 1, 2, 2, 2, 2, 1, 1, 1, 1, 2, 1, 3, 1, 1, 1, 1, 1, 1, 1, 1, 1, 1, 1, 1, 1, 1, 1]; axonal_gain∈[0.833, 1.233]
  [grown_uncapped_dream] post-task DREAM: replay 0.4719→0.0763 on 1p; merges=0 purges=0 latched=0 → arch [128, 32, 32, 6] (115638→115638 params)
[grown_uncapped_dream] After pass 1 task 3: own=0.0011 (domain 0.0011, task 0.9600)  avg=0.5881 (domain 0.5881, task 0.9707)  arch=[128, 32, 32, 6] params=115638 (trainable 15158)  cum_grows=0 cum_denied=0 cum_purges=0 cum_latched=0

[grown_uncapped_dream] === Pass 1/1 Task 4/15: mnist_6_7 (active [6, 7])  pre-arch=[128, 32, 32, 8] params=115720 (trainable 15240/∞) ===
  [grown_uncapped_dream] dendrite-first: grow_node suppressed (median B_per_node = 1 < sat_threshold=4)
  [grown_uncapped_dream] task 4/15 (mnist_6_7) epoch 1/8  avg_loss 0.3219  last_loss 0.1434  steps 189  arch [128, 32, 32, 8]
  [grown_uncapped_dream] task 4/15 (mnist_6_7) epoch 2/8  avg_loss 0.0838  last_loss 0.0658  steps 378  arch [128, 32, 32, 8]
  [grown_uncapped_dream] task 4/15 (mnist_6_7) epoch 3/8  avg_loss 0.0640  last_loss 0.0718  steps 567  arch [128, 32, 32, 8]
  [grown_uncapped_dream] task 4/15 (mnist_6_7) epoch 4/8  avg_loss 0.0565  last_loss 0.0572  steps 756  arch [128, 32, 32, 8]
  [grown_uncapped_dream] task 4/15 (mnist_6_7) epoch 5/8  avg_loss 0.0503  last_loss 0.0293  steps 945  arch [128, 32, 32, 8]
  [grown_uncapped_dream] task 4/15 (mnist_6_7) epoch 6/8  avg_loss 0.0468  last_loss 0.0502  steps 1134  arch [128, 32, 32, 8]
  [grown_uncapped_dream] task 4/15 (mnist_6_7) epoch 7/8  avg_loss 0.0439  last_loss 0.0188  steps 1323  arch [128, 32, 32, 8]
  [grown_uncapped_dream] task 4/15 (mnist_6_7) epoch 8/8  avg_loss 0.0432  last_loss 0.0269  steps 1512  arch [128, 32, 32, 8]
  [grown_uncapped_dream] plastic rewiring: 50 steps, temp 1.00→0.10, final_loss 0.2349, hardened
  [grown_uncapped_dream] dendrite+axonal: grew 3 branches on cells [3, 31, 30]; K_distribution=[1, 1, 1, 3, 1, 1, 2, 2, 2, 2, 1, 1, 1, 1, 2, 1, 3, 1, 1, 1, 1, 1, 1, 1, 1, 1, 1, 1, 1, 1, 2, 2]; axonal_gain∈[0.798, 1.290]
  [grown_uncapped_dream] post-task DREAM: replay 0.0105→0.0000 on 1p; merges=0 purges=0 latched=0 → arch [128, 32, 32, 8] (115720→115720 params)
[grown_uncapped_dream] After pass 1 task 4: own=0.1329 (domain 0.1329, task 0.9627)  avg=0.6511 (domain 0.6511, task 0.9646)  arch=[128, 32, 32, 8] params=115720 (trainable 15240)  cum_grows=0 cum_denied=0 cum_purges=0 cum_latched=0

[grown_uncapped_dream] === Pass 1/1 Task 5/15: mnist_8_9 (active [8, 9])  pre-arch=[128, 32, 32, 10] params=115802 (trainable 15322/∞) ===
  [grown_uncapped_dream] dendrite-first: grow_node suppressed (median B_per_node = 1 < sat_threshold=4)
  [grown_uncapped_dream] task 5/15 (mnist_8_9) epoch 1/8  avg_loss 0.5612  last_loss 0.1638  steps 183  arch [128, 32, 32, 10]
  [grown_uncapped_dream] task 5/15 (mnist_8_9) epoch 2/8  avg_loss 0.1768  last_loss 0.1561  steps 366  arch [128, 32, 32, 10]
  [grown_uncapped_dream] task 5/15 (mnist_8_9) epoch 3/8  avg_loss 0.1522  last_loss 0.1450  steps 549  arch [128, 32, 32, 10]
  [grown_uncapped_dream] task 5/15 (mnist_8_9) epoch 4/8  avg_loss 0.1430  last_loss 0.0560  steps 732  arch [128, 32, 32, 10]
  [grown_uncapped_dream] task 5/15 (mnist_8_9) epoch 5/8  avg_loss 0.1327  last_loss 0.1557  steps 915  arch [128, 32, 32, 10]
  [grown_uncapped_dream] task 5/15 (mnist_8_9) epoch 6/8  avg_loss 0.1297  last_loss 0.1171  steps 1098  arch [128, 32, 32, 10]
  [grown_uncapped_dream] task 5/15 (mnist_8_9) epoch 7/8  avg_loss 0.1239  last_loss 0.0812  steps 1281  arch [128, 32, 32, 10]
  [grown_uncapped_dream] task 5/15 (mnist_8_9) epoch 8/8  avg_loss 0.1185  last_loss 0.1163  steps 1464  arch [128, 32, 32, 10]
  [grown_uncapped_dream] plastic rewiring: 50 steps, temp 1.00→0.10, final_loss 6.2872, hardened
  [grown_uncapped_dream] dendrite+axonal: grew 4 branches on cells [9, 5, 0, 13]; K_distribution=[2, 1, 1, 3, 1, 2, 2, 2, 2, 3, 1, 1, 1, 2, 2, 1, 3, 1, 1, 1, 1, 1, 1, 1, 1, 1, 1, 1, 1, 1, 2, 2]; axonal_gain∈[0.754, 1.386]
  [grown_uncapped_dream] post-task DREAM: replay 0.5921→0.0227 on 1p; merges=0 purges=0 latched=0 → arch [128, 32, 32, 10] (115802→115802 params)
[grown_uncapped_dream] After pass 1 task 5: own=0.3505 (domain 0.3505, task 0.5386)  avg=0.5919 (domain 0.5919, task 0.8685)  arch=[128, 32, 32, 10] params=115802 (trainable 15322)  cum_grows=0 cum_denied=0 cum_purges=0 cum_latched=0

[grown_uncapped_dream] === Pass 1/1 Task 6/15: fashion_mnist_0_1 (active [10, 11])  pre-arch=[128, 32, 32, 12] params=115884 (trainable 15404/∞) ===
  [grown_uncapped_dream] dendrite-first: grow_node suppressed (median B_per_node = 1 < sat_threshold=4)
  [grown_uncapped_dream] task 6/15 (fashion_mnist_0_1) epoch 1/8  avg_loss 0.3431  last_loss 0.1767  steps 186  arch [128, 32, 32, 12]
  [grown_uncapped_dream] task 6/15 (fashion_mnist_0_1) epoch 2/8  avg_loss 0.1773  last_loss 0.1588  steps 372  arch [128, 32, 32, 12]
  [grown_uncapped_dream] task 6/15 (fashion_mnist_0_1) epoch 3/8  avg_loss 0.1379  last_loss 0.2214  steps 558  arch [128, 32, 32, 12]
  [grown_uncapped_dream] task 6/15 (fashion_mnist_0_1) epoch 4/8  avg_loss 0.1239  last_loss 0.5610  steps 744  arch [128, 32, 32, 12]
  [grown_uncapped_dream] task 6/15 (fashion_mnist_0_1) epoch 5/8  avg_loss 0.1152  last_loss 0.1656  steps 930  arch [128, 32, 32, 12]
  [grown_uncapped_dream] task 6/15 (fashion_mnist_0_1) epoch 6/8  avg_loss 0.1083  last_loss 0.0744  steps 1116  arch [128, 32, 32, 12]
  [grown_uncapped_dream] task 6/15 (fashion_mnist_0_1) epoch 7/8  avg_loss 0.1002  last_loss 0.0734  steps 1302  arch [128, 32, 32, 12]
  [grown_uncapped_dream] task 6/15 (fashion_mnist_0_1) epoch 8/8  avg_loss 0.0960  last_loss 0.1082  steps 1488  arch [128, 32, 32, 12]
  [grown_uncapped_dream] plastic rewiring: 50 steps, temp 1.00→0.10, final_loss 0.0424, hardened
  [grown_uncapped_dream] dendrite+axonal: grew 4 branches on cells [4, 22, 16, 9]; K_distribution=[2, 1, 1, 3, 2, 2, 2, 2, 2, 4, 1, 1, 1, 2, 2, 1, 4, 1, 1, 1, 1, 1, 2, 1, 1, 1, 1, 1, 1, 1, 2, 2]; axonal_gain∈[0.727, 1.321]
  [grown_uncapped_dream] post-task DREAM: replay 0.1677→0.0263 on 2p; merges=0 purges=0 latched=0 → arch [128, 32, 32, 12] (115884→115884 params)
[grown_uncapped_dream] After pass 1 task 6: own=0.0000 (domain 0.9705, task 0.9705)  avg=0.5968 (domain 0.7585, task 0.9652)  arch=[128, 32, 32, 12] params=115884 (trainable 15404)  cum_grows=0 cum_denied=0 cum_purges=0 cum_latched=0

[grown_uncapped_dream] === Pass 1/1 Task 7/15: fashion_mnist_2_3 (active [12, 13])  pre-arch=[128, 32, 32, 14] params=115966 (trainable 15486/∞) ===
  [grown_uncapped_dream] dendrite-first: grow_node suppressed (median B_per_node = 1 < sat_threshold=4)
  [grown_uncapped_dream] task 7/15 (fashion_mnist_2_3) epoch 1/8  avg_loss 0.8552  last_loss 0.2333  steps 186  arch [128, 32, 32, 14]
  [grown_uncapped_dream] task 7/15 (fashion_mnist_2_3) epoch 2/8  avg_loss 0.1924  last_loss 0.1461  steps 372  arch [128, 32, 32, 14]
  [grown_uncapped_dream] task 7/15 (fashion_mnist_2_3) epoch 3/8  avg_loss 0.1625  last_loss 0.1058  steps 558  arch [128, 32, 32, 14]
  [grown_uncapped_dream] task 7/15 (fashion_mnist_2_3) epoch 4/8  avg_loss 0.1510  last_loss 0.1745  steps 744  arch [128, 32, 32, 14]
  [grown_uncapped_dream] task 7/15 (fashion_mnist_2_3) epoch 5/8  avg_loss 0.1446  last_loss 0.0918  steps 930  arch [128, 32, 32, 14]
  [grown_uncapped_dream] task 7/15 (fashion_mnist_2_3) epoch 6/8  avg_loss 0.1414  last_loss 0.1498  steps 1116  arch [128, 32, 32, 14]
  [grown_uncapped_dream] task 7/15 (fashion_mnist_2_3) epoch 7/8  avg_loss 0.1366  last_loss 0.0626  steps 1302  arch [128, 32, 32, 14]
  [grown_uncapped_dream] task 7/15 (fashion_mnist_2_3) epoch 8/8  avg_loss 0.1363  last_loss 0.0974  steps 1488  arch [128, 32, 32, 14]
  [grown_uncapped_dream] plastic rewiring: 50 steps, temp 1.00→0.10, final_loss 3.2060, hardened
  [grown_uncapped_dream] dendrite+axonal: grew 1 branches on cells [18]; K_distribution=[2, 1, 1, 3, 2, 2, 2, 2, 2, 4, 1, 1, 1, 2, 2, 1, 4, 1, 2, 1, 1, 1, 2, 1, 1, 1, 1, 1, 1, 1, 2, 2]; axonal_gain∈[0.703, 1.430]
  [grown_uncapped_dream] post-task DREAM: replay 0.4630→0.1012 on 2p; merges=0 purges=0 latched=0 → arch [128, 32, 32, 14] (115966→115966 params)
[grown_uncapped_dream] After pass 1 task 7: own=0.0005 (domain 0.0270, task 0.6980)  avg=0.5325 (domain 0.5923, task 0.8968)  arch=[128, 32, 32, 14] params=115966 (trainable 15486)  cum_grows=0 cum_denied=0 cum_purges=0 cum_latched=0

[grown_uncapped_dream] === Pass 1/1 Task 8/15: fashion_mnist_4_5 (active [14, 15])  pre-arch=[128, 32, 32, 16] params=116048 (trainable 15568/∞) ===
  [grown_uncapped_dream] dendrite-first: grow_node suppressed (median B_per_node = 1 < sat_threshold=4)
  [grown_uncapped_dream] task 8/15 (fashion_mnist_4_5) epoch 1/8  avg_loss 0.8825  last_loss 0.1906  steps 186  arch [128, 32, 32, 16]
  [grown_uncapped_dream] task 8/15 (fashion_mnist_4_5) epoch 2/8  avg_loss 0.1760  last_loss 0.1666  steps 372  arch [128, 32, 32, 16]
  [grown_uncapped_dream] task 8/15 (fashion_mnist_4_5) epoch 3/8  avg_loss 0.1232  last_loss 0.0901  steps 558  arch [128, 32, 32, 16]
  [grown_uncapped_dream] task 8/15 (fashion_mnist_4_5) epoch 4/8  avg_loss 0.1014  last_loss 0.0982  steps 744  arch [128, 32, 32, 16]
  [grown_uncapped_dream] task 8/15 (fashion_mnist_4_5) epoch 5/8  avg_loss 0.0878  last_loss 0.1000  steps 930  arch [128, 32, 32, 16]
  [grown_uncapped_dream] task 8/15 (fashion_mnist_4_5) epoch 6/8  avg_loss 0.0771  last_loss 0.0819  steps 1116  arch [128, 32, 32, 16]
  [grown_uncapped_dream] task 8/15 (fashion_mnist_4_5) epoch 7/8  avg_loss 0.0695  last_loss 0.1013  steps 1302  arch [128, 32, 32, 16]
  [grown_uncapped_dream] task 8/15 (fashion_mnist_4_5) epoch 8/8  avg_loss 0.0636  last_loss 0.0295  steps 1488  arch [128, 32, 32, 16]
  [grown_uncapped_dream] plastic rewiring: 50 steps, temp 1.00→0.10, final_loss 1.3169, hardened
  [grown_uncapped_dream] dendrite+axonal: grew 3 branches on cells [7, 21, 12]; K_distribution=[2, 1, 1, 3, 2, 2, 2, 3, 2, 4, 1, 1, 2, 2, 2, 1, 4, 1, 2, 1, 1, 2, 2, 1, 1, 1, 1, 1, 1, 1, 2, 2]; axonal_gain∈[0.679, 1.500]
  [grown_uncapped_dream] post-task DREAM: replay 1.0505→0.1375 on 2p; merges=0 purges=0 latched=0 → arch [128, 32, 32, 16] (116048→116048 params)
[grown_uncapped_dream] After pass 1 task 8: own=0.0020 (domain 0.2400, task 0.8365)  avg=0.4290 (domain 0.5214, task 0.9046)  arch=[128, 32, 32, 16] params=116048 (trainable 15568)  cum_grows=0 cum_denied=0 cum_purges=0 cum_latched=0

[grown_uncapped_dream] === Pass 1/1 Task 9/15: fashion_mnist_6_7 (active [16, 17])  pre-arch=[128, 32, 32, 18] params=116130 (trainable 15650/∞) ===
  [grown_uncapped_dream] dendrite-first: grow_node suppressed (median B_per_node = 2 < sat_threshold=4)
  [grown_uncapped_dream] task 9/15 (fashion_mnist_6_7) epoch 1/8  avg_loss 0.1788  last_loss 0.0200  steps 186  arch [128, 32, 32, 18]
  [grown_uncapped_dream] task 9/15 (fashion_mnist_6_7) epoch 2/8  avg_loss 0.0458  last_loss 0.0747  steps 372  arch [128, 32, 32, 18]
  [grown_uncapped_dream] task 9/15 (fashion_mnist_6_7) epoch 3/8  avg_loss 0.0391  last_loss 0.0266  steps 558  arch [128, 32, 32, 18]
  [grown_uncapped_dream] task 9/15 (fashion_mnist_6_7) epoch 4/8  avg_loss 0.0341  last_loss 0.0291  steps 744  arch [128, 32, 32, 18]
  [grown_uncapped_dream] task 9/15 (fashion_mnist_6_7) epoch 5/8  avg_loss 0.0317  last_loss 0.0353  steps 930  arch [128, 32, 32, 18]
  [grown_uncapped_dream] task 9/15 (fashion_mnist_6_7) epoch 6/8  avg_loss 0.0289  last_loss 0.0266  steps 1116  arch [128, 32, 32, 18]
  [grown_uncapped_dream] task 9/15 (fashion_mnist_6_7) epoch 7/8  avg_loss 0.0270  last_loss 0.0103  steps 1302  arch [128, 32, 32, 18]
  [grown_uncapped_dream] task 9/15 (fashion_mnist_6_7) epoch 8/8  avg_loss 0.0263  last_loss 0.0098  steps 1488  arch [128, 32, 32, 18]
  [grown_uncapped_dream] plastic rewiring: 50 steps, temp 1.00→0.10, final_loss 0.0552, hardened
  [grown_uncapped_dream] dendrite+axonal: grew 3 branches on cells [3, 23, 1]; K_distribution=[2, 2, 1, 4, 2, 2, 2, 3, 2, 4, 1, 1, 2, 2, 2, 1, 4, 1, 2, 1, 1, 2, 2, 2, 1, 1, 1, 1, 1, 1, 2, 2]; axonal_gain∈[0.656, 1.500]
  [grown_uncapped_dream] post-task DREAM: replay 1.1331→0.0643 on 2p; merges=0 purges=0 latched=0 → arch [128, 32, 32, 18] (116130→116130 params)
[grown_uncapped_dream] After pass 1 task 9: own=0.0000 (domain 0.0000, task 0.9920)  avg=0.4196 (domain 0.4791, task 0.9036)  arch=[128, 32, 32, 18] params=116130 (trainable 15650)  cum_grows=0 cum_denied=0 cum_purges=0 cum_latched=0

[grown_uncapped_dream] === Pass 1/1 Task 10/15: fashion_mnist_8_9 (active [18, 19])  pre-arch=[128, 32, 32, 20] params=116212 (trainable 15732/∞) ===
  [grown_uncapped_dream] dendrite-first: grow_node suppressed (median B_per_node = 2 < sat_threshold=4)
  [grown_uncapped_dream] task 10/15 (fashion_mnist_8_9) epoch 1/8  avg_loss 0.1122  last_loss 0.0148  steps 187  arch [128, 32, 32, 20]
  [grown_uncapped_dream] task 10/15 (fashion_mnist_8_9) epoch 2/8  avg_loss 0.0356  last_loss 0.0001  steps 374  arch [128, 32, 32, 20]
  [grown_uncapped_dream] task 10/15 (fashion_mnist_8_9) epoch 3/8  avg_loss 0.0293  last_loss 0.0680  steps 561  arch [128, 32, 32, 20]
  [grown_uncapped_dream] task 10/15 (fashion_mnist_8_9) epoch 4/8  avg_loss 0.0267  last_loss 0.0070  steps 748  arch [128, 32, 32, 20]
  [grown_uncapped_dream] task 10/15 (fashion_mnist_8_9) epoch 5/8  avg_loss 0.0280  last_loss 0.0071  steps 935  arch [128, 32, 32, 20]
  [grown_uncapped_dream] task 10/15 (fashion_mnist_8_9) epoch 6/8  avg_loss 0.0237  last_loss 0.0015  steps 1122  arch [128, 32, 32, 20]
  [grown_uncapped_dream] task 10/15 (fashion_mnist_8_9) epoch 7/8  avg_loss 0.0252  last_loss 0.0033  steps 1309  arch [128, 32, 32, 20]
  [grown_uncapped_dream] task 10/15 (fashion_mnist_8_9) epoch 8/8  avg_loss 0.0235  last_loss 0.0006  steps 1496  arch [128, 32, 32, 20]
  [grown_uncapped_dream] plastic rewiring: 50 steps, temp 1.00→0.10, final_loss 1.3263, hardened
  [grown_uncapped_dream] dendrite+axonal: grew 1 branches on cells [27]; K_distribution=[2, 2, 1, 4, 2, 2, 2, 3, 2, 4, 1, 1, 2, 2, 2, 1, 4, 1, 2, 1, 1, 2, 2, 2, 1, 1, 1, 2, 1, 1, 2, 2]; axonal_gain∈[0.638, 1.500]
  [grown_uncapped_dream] post-task DREAM: replay 0.3978→0.0853 on 2p; merges=0 purges=0 latched=0 → arch [128, 32, 32, 20] (116212→116212 params)
[grown_uncapped_dream] After pass 1 task 10: own=0.0000 (domain 0.0015, task 0.7960)  avg=0.5163 (domain 0.5570, task 0.9384)  arch=[128, 32, 32, 20] params=116212 (trainable 15732)  cum_grows=0 cum_denied=0 cum_purges=0 cum_latched=0

[grown_uncapped_dream] === Pass 1/1 Task 11/15: emnist_letters_0_1 (active [20, 21])  pre-arch=[128, 32, 32, 22] params=116294 (trainable 15814/∞) ===
  [grown_uncapped_dream] dendrite-first: grow_node suppressed (median B_per_node = 2 < sat_threshold=4)
  [grown_uncapped_dream] task 11/15 (emnist_letters_0_1) epoch 1/8  avg_loss 2.1905  last_loss 0.4023  steps 150  arch [128, 32, 32, 22]
  [grown_uncapped_dream] task 11/15 (emnist_letters_0_1) epoch 2/8  avg_loss 0.3155  last_loss 0.1340  steps 300  arch [128, 32, 32, 22]
  [grown_uncapped_dream] task 11/15 (emnist_letters_0_1) epoch 3/8  avg_loss 0.2595  last_loss 0.1222  steps 450  arch [128, 32, 32, 22]
  [grown_uncapped_dream] task 11/15 (emnist_letters_0_1) epoch 4/8  avg_loss 0.2365  last_loss 0.2689  steps 600  arch [128, 32, 32, 22]
  [grown_uncapped_dream] task 11/15 (emnist_letters_0_1) epoch 5/8  avg_loss 0.2312  last_loss 0.4059  steps 750  arch [128, 32, 32, 22]
  [grown_uncapped_dream] task 11/15 (emnist_letters_0_1) epoch 6/8  avg_loss 0.2148  last_loss 0.3830  steps 900  arch [128, 32, 32, 22]
  [grown_uncapped_dream] task 11/15 (emnist_letters_0_1) epoch 7/8  avg_loss 0.2117  last_loss 0.0547  steps 1050  arch [128, 32, 32, 22]
  [grown_uncapped_dream] task 11/15 (emnist_letters_0_1) epoch 8/8  avg_loss 0.2088  last_loss 0.2437  steps 1200  arch [128, 32, 32, 22]
  [grown_uncapped_dream] plastic rewiring: 50 steps, temp 1.00→0.10, final_loss 0.2402, hardened
  [grown_uncapped_dream] dendrite+axonal: grew 2 branches on cells [7, 13]; K_distribution=[2, 2, 1, 4, 2, 2, 2, 4, 2, 4, 1, 1, 2, 3, 2, 1, 4, 1, 2, 1, 1, 2, 2, 2, 1, 1, 1, 2, 1, 1, 2, 2]; axonal_gain∈[0.614, 1.500]
  [grown_uncapped_dream] post-task DREAM: replay 0.6835→0.1629 on 3p; merges=0 purges=0 latched=0 → arch [128, 32, 32, 22] (116294→116294 params)
[grown_uncapped_dream] After pass 1 task 11: own=0.0000 (domain 0.9162, task 0.9162)  avg=0.5250 (domain 0.6409, task 0.9330)  arch=[128, 32, 32, 22] params=116294 (trainable 15814)  cum_grows=0 cum_denied=0 cum_purges=0 cum_latched=0

[grown_uncapped_dream] === Pass 1/1 Task 12/15: emnist_letters_2_3 (active [22, 23])  pre-arch=[128, 32, 32, 24] params=116376 (trainable 15896/∞) ===
  [grown_uncapped_dream] dendrite-first: grow_node suppressed (median B_per_node = 2 < sat_threshold=4)
  [grown_uncapped_dream] task 12/15 (emnist_letters_2_3) epoch 1/8  avg_loss 0.6497  last_loss 0.2849  steps 150  arch [128, 32, 32, 24]
  [grown_uncapped_dream] task 12/15 (emnist_letters_2_3) epoch 2/8  avg_loss 0.2914  last_loss 0.2882  steps 300  arch [128, 32, 32, 24]
  [grown_uncapped_dream] task 12/15 (emnist_letters_2_3) epoch 3/8  avg_loss 0.2379  last_loss 0.1650  steps 450  arch [128, 32, 32, 24]
  [grown_uncapped_dream] task 12/15 (emnist_letters_2_3) epoch 4/8  avg_loss 0.2116  last_loss 0.1645  steps 600  arch [128, 32, 32, 24]
  [grown_uncapped_dream] task 12/15 (emnist_letters_2_3) epoch 5/8  avg_loss 0.1989  last_loss 0.1971  steps 750  arch [128, 32, 32, 24]
  [grown_uncapped_dream] task 12/15 (emnist_letters_2_3) epoch 6/8  avg_loss 0.1850  last_loss 0.0655  steps 900  arch [128, 32, 32, 24]
  [grown_uncapped_dream] task 12/15 (emnist_letters_2_3) epoch 7/8  avg_loss 0.1796  last_loss 0.2266  steps 1050  arch [128, 32, 32, 24]
  [grown_uncapped_dream] task 12/15 (emnist_letters_2_3) epoch 8/8  avg_loss 0.1726  last_loss 0.1360  steps 1200  arch [128, 32, 32, 24]
  [grown_uncapped_dream] plastic rewiring: 50 steps, temp 1.00→0.10, final_loss 1.1218, hardened
  [grown_uncapped_dream] dendrite+axonal: grew 2 branches on cells [25, 14]; K_distribution=[2, 2, 1, 4, 2, 2, 2, 4, 2, 4, 1, 1, 2, 3, 3, 1, 4, 1, 2, 1, 1, 2, 2, 2, 1, 2, 1, 2, 1, 1, 2, 2]; axonal_gain∈[0.590, 1.500]
  [grown_uncapped_dream] post-task DREAM: replay 0.4569→0.1839 on 3p; merges=0 purges=0 latched=0 → arch [128, 32, 32, 24] (116376→116376 params)
[grown_uncapped_dream] After pass 1 task 12: own=0.0031 (domain 0.0388, task 0.9244)  avg=0.4483 (domain 0.5468, task 0.8956)  arch=[128, 32, 32, 24] params=116376 (trainable 15896)  cum_grows=0 cum_denied=0 cum_purges=0 cum_latched=0

[grown_uncapped_dream] === Pass 1/1 Task 13/15: emnist_letters_4_5 (active [24, 25])  pre-arch=[128, 32, 32, 26] params=116458 (trainable 15978/∞) ===
  [grown_uncapped_dream] dendrite-first: grow_node suppressed (median B_per_node = 2 < sat_threshold=4)
  [grown_uncapped_dream] task 13/15 (emnist_letters_4_5) epoch 1/8  avg_loss 0.7226  last_loss 0.4359  steps 150  arch [128, 32, 32, 26]
  [grown_uncapped_dream] task 13/15 (emnist_letters_4_5) epoch 2/8  avg_loss 0.3289  last_loss 0.6024  steps 300  arch [128, 32, 32, 26]
  [grown_uncapped_dream] task 13/15 (emnist_letters_4_5) epoch 3/8  avg_loss 0.2778  last_loss 0.1815  steps 450  arch [128, 32, 32, 26]
  [grown_uncapped_dream] task 13/15 (emnist_letters_4_5) epoch 4/8  avg_loss 0.2504  last_loss 0.2804  steps 600  arch [128, 32, 32, 26]
  [grown_uncapped_dream] task 13/15 (emnist_letters_4_5) epoch 5/8  avg_loss 0.2343  last_loss 0.2569  steps 750  arch [128, 32, 32, 26]
  [grown_uncapped_dream] task 13/15 (emnist_letters_4_5) epoch 6/8  avg_loss 0.2225  last_loss 0.2766  steps 900  arch [128, 32, 32, 26]
  [grown_uncapped_dream] task 13/15 (emnist_letters_4_5) epoch 7/8  avg_loss 0.2155  last_loss 0.2636  steps 1050  arch [128, 32, 32, 26]
  [grown_uncapped_dream] task 13/15 (emnist_letters_4_5) epoch 8/8  avg_loss 0.2098  last_loss 0.2375  steps 1200  arch [128, 32, 32, 26]
  [grown_uncapped_dream] plastic rewiring: 50 steps, temp 1.00→0.10, final_loss 11.1620, hardened
  [grown_uncapped_dream] dendrite+axonal: grew 3 branches on cells [7, 8, 20]; K_distribution=[2, 2, 1, 4, 2, 2, 2, 5, 3, 4, 1, 1, 2, 3, 3, 1, 4, 1, 2, 1, 2, 2, 2, 2, 1, 2, 1, 2, 1, 1, 2, 2]; axonal_gain∈[0.579, 1.500]
  [grown_uncapped_dream] post-task DREAM: replay 4.3315→0.3523 on 3p; merges=0 purges=0 latched=0 → arch [128, 32, 32, 26] (116458→116458 params)
[grown_uncapped_dream] After pass 1 task 13: own=0.0000 (domain 0.0006, task 0.5244)  avg=0.3107 (domain 0.4525, task 0.8580)  arch=[128, 32, 32, 26] params=116458 (trainable 15978)  cum_grows=0 cum_denied=0 cum_purges=0 cum_latched=0

[grown_uncapped_dream] === Pass 1/1 Task 14/15: emnist_letters_6_7 (active [26, 27])  pre-arch=[128, 32, 32, 28] params=116540 (trainable 16060/∞) ===
  [grown_uncapped_dream] dendrite-first: grow_node suppressed (median B_per_node = 2 < sat_threshold=4)
  [grown_uncapped_dream] task 14/15 (emnist_letters_6_7) epoch 1/8  avg_loss 0.5462  last_loss 0.2022  steps 150  arch [128, 32, 32, 28]
  [grown_uncapped_dream] task 14/15 (emnist_letters_6_7) epoch 2/8  avg_loss 0.2333  last_loss 0.1889  steps 300  arch [128, 32, 32, 28]
  [grown_uncapped_dream] task 14/15 (emnist_letters_6_7) epoch 3/8  avg_loss 0.1903  last_loss 0.1896  steps 450  arch [128, 32, 32, 28]
  [grown_uncapped_dream] task 14/15 (emnist_letters_6_7) epoch 4/8  avg_loss 0.1751  last_loss 0.4205  steps 600  arch [128, 32, 32, 28]
  [grown_uncapped_dream] task 14/15 (emnist_letters_6_7) epoch 5/8  avg_loss 0.1643  last_loss 0.1587  steps 750  arch [128, 32, 32, 28]
  [grown_uncapped_dream] task 14/15 (emnist_letters_6_7) epoch 6/8  avg_loss 0.1626  last_loss 0.1624  steps 900  arch [128, 32, 32, 28]
  [grown_uncapped_dream] task 14/15 (emnist_letters_6_7) epoch 7/8  avg_loss 0.1499  last_loss 0.2148  steps 1050  arch [128, 32, 32, 28]
  [grown_uncapped_dream] task 14/15 (emnist_letters_6_7) epoch 8/8  avg_loss 0.1527  last_loss 0.0728  steps 1200  arch [128, 32, 32, 28]
  [grown_uncapped_dream] plastic rewiring: 50 steps, temp 1.00→0.10, final_loss 0.0946, hardened
  [grown_uncapped_dream] dendrite+axonal: grew 2 branches on cells [23, 0]; K_distribution=[3, 2, 1, 4, 2, 2, 2, 5, 3, 4, 1, 1, 2, 3, 3, 1, 4, 1, 2, 1, 2, 2, 2, 3, 1, 2, 1, 2, 1, 1, 2, 2]; axonal_gain∈[0.567, 1.500]
  [grown_uncapped_dream] post-task DREAM: replay 0.6452→0.2003 on 4p; merges=0 purges=0 latched=0 → arch [128, 32, 32, 28] (116540→116540 params)
[grown_uncapped_dream] After pass 1 task 14: own=0.0300 (domain 0.0913, task 0.9381)  avg=0.4113 (domain 0.5430, task 0.9396)  arch=[128, 32, 32, 28] params=116540 (trainable 16060)  cum_grows=0 cum_denied=0 cum_purges=0 cum_latched=0

[grown_uncapped_dream] === Pass 1/1 Task 15/15: emnist_letters_8_9 (active [28, 29])  pre-arch=[128, 32, 32, 30] params=116622 (trainable 16142/∞) ===
  [grown_uncapped_dream] dendrite-first: grow_node suppressed (median B_per_node = 2 < sat_threshold=4)
  [grown_uncapped_dream] task 15/15 (emnist_letters_8_9) epoch 1/8  avg_loss 0.6068  last_loss 0.3633  steps 150  arch [128, 32, 32, 30]
  [grown_uncapped_dream] task 15/15 (emnist_letters_8_9) epoch 2/8  avg_loss 0.3022  last_loss 0.2918  steps 300  arch [128, 32, 32, 30]
  [grown_uncapped_dream] task 15/15 (emnist_letters_8_9) epoch 3/8  avg_loss 0.2773  last_loss 0.3189  steps 450  arch [128, 32, 32, 30]
  [grown_uncapped_dream] task 15/15 (emnist_letters_8_9) epoch 4/8  avg_loss 0.2612  last_loss 0.3356  steps 600  arch [128, 32, 32, 30]
  [grown_uncapped_dream] task 15/15 (emnist_letters_8_9) epoch 5/8  avg_loss 0.2549  last_loss 0.2231  steps 750  arch [128, 32, 32, 30]
  [grown_uncapped_dream] task 15/15 (emnist_letters_8_9) epoch 6/8  avg_loss 0.2529  last_loss 0.1502  steps 900  arch [128, 32, 32, 30]
  [grown_uncapped_dream] task 15/15 (emnist_letters_8_9) epoch 7/8  avg_loss 0.2437  last_loss 0.3875  steps 1050  arch [128, 32, 32, 30]
  [grown_uncapped_dream] task 15/15 (emnist_letters_8_9) epoch 8/8  avg_loss 0.2397  last_loss 0.2649  steps 1200  arch [128, 32, 32, 30]
  [grown_uncapped_dream] plastic rewiring: 50 steps, temp 1.00→0.10, final_loss 0.2672, hardened
  [grown_uncapped_dream] dendrite+axonal: grew 2 branches on cells [10, 24]; K_distribution=[3, 2, 1, 4, 2, 2, 2, 5, 3, 4, 2, 1, 2, 3, 3, 1, 4, 1, 2, 1, 2, 2, 2, 3, 2, 2, 1, 2, 1, 1, 2, 2]; axonal_gain∈[0.556, 1.500]
  [grown_uncapped_dream] post-task DREAM: replay 0.4523→0.1651 on 4p; merges=0 purges=0 latched=0 → arch [128, 32, 32, 30] (116622→116622 params)
[grown_uncapped_dream] After pass 1 task 15: own=0.0063 (domain 0.0300, task 0.9094)  avg=0.3887 (domain 0.4776, task 0.9093)  arch=[128, 32, 32, 30] params=116622 (trainable 16142)  cum_grows=0 cum_denied=0 cum_purges=0 cum_latched=0

[grown_uncapped_dream] <<< PASS 1/1 done — full=0.3887  domain=0.4776  task=0.9093

==============================================================================
bench_chained_15task — Final Report
==============================================================================

[grown_uncapped_dream]
  arch:               (128, 32, 32, 2) → (128, 32, 32, 30)
  params total:       107282 → 116622
  params trainable:   6802 → 16142  (cap-relevant)
  cap_bytes:          2_147_483_648  (= 536_870_912 trainable params)
  cum grows allowed:  0
  cum grows denied:   0
  cum dream purges:   0
  cum dream latched:  0
  final acc full:     0.3887  (30-class full-softmax — headline)
  final acc domain:   0.4776  (10-class restricted to dataset group — realistic deployment)
  final acc task:     0.9093  (2-class restricted to binary task — generous diagnostic)
  avg forgetting:     full -0.3043  domain -0.2370  task -0.0514
  wall-clock:         341.6s
  per-phase (full / domain / task):
     phase1_mnist         0.4469  /  0.5801  /  0.9205
     phase2_fashion       0.5142  /  0.5630  /  0.9435
     phase3_emnist        0.2050  /  0.2896  /  0.8638

Headline (full / domain / task across arms):
  grown_uncapped_dream          full 0.3887  domain 0.4776  task 0.9093  (full-forget -0.3043)


##############################################################################
#   SEED 1  (2/3)
##############################################################################
[grown_uncapped_dream] Axis 3 insert_layer fired: arch=[128, 32, 32, 2] target_idx 1 → 2 | noise_scale=0.01

[grown_uncapped_dream] start — arch (128, 32, 32, 2)  params 107282 (trainable 6802)  growth=True dream=True  cap_bytes=2147483648  K=15  passes=1  epochs/task=8  rehearsal=off  lwf=off  brainstem=off  engrams=off  hippocampus=off  differential=off  manifold=on

[grown_uncapped_dream] >>> PASS 1/1  grows_per_task=4  (developmental)

[grown_uncapped_dream] === Pass 1/1 Task 1/15: mnist_0_1 (active [0, 1])  pre-arch=[128, 32, 32, 2] params=107282 (trainable 6802/∞) ===
  [grown_uncapped_dream] dendrite-first: grow_node suppressed (median B_per_node = 1 < sat_threshold=4)
  [grown_uncapped_dream] task 1/15 (mnist_0_1) epoch 1/8  avg_loss 0.1191  last_loss 0.0015  steps 197  arch [128, 32, 32, 2]
  [grown_uncapped_dream] task 1/15 (mnist_0_1) epoch 2/8  avg_loss 0.0067  last_loss 0.0007  steps 394  arch [128, 32, 32, 2]
  [grown_uncapped_dream] task 1/15 (mnist_0_1) epoch 3/8  avg_loss 0.0045  last_loss 0.0001  steps 591  arch [128, 32, 32, 2]
  [grown_uncapped_dream] task 1/15 (mnist_0_1) epoch 4/8  avg_loss 0.0032  last_loss 0.0000  steps 788  arch [128, 32, 32, 2]
  [grown_uncapped_dream] task 1/15 (mnist_0_1) epoch 5/8  avg_loss 0.0026  last_loss 0.0001  steps 985  arch [128, 32, 32, 2]
  [grown_uncapped_dream] task 1/15 (mnist_0_1) epoch 6/8  avg_loss 0.0018  last_loss 0.0000  steps 1182  arch [128, 32, 32, 2]
  [grown_uncapped_dream] task 1/15 (mnist_0_1) epoch 7/8  avg_loss 0.0017  last_loss 0.0008  steps 1379  arch [128, 32, 32, 2]
  [grown_uncapped_dream] task 1/15 (mnist_0_1) epoch 8/8  avg_loss 0.0015  last_loss 0.0000  steps 1576  arch [128, 32, 32, 2]
  [grown_uncapped_dream] plastic rewiring: 50 steps, temp 1.00→0.10, final_loss 0.0001, hardened
  [grown_uncapped_dream] dendrite+axonal: grew 1 branches on cells [13]; K_distribution=[1, 1, 1, 1, 1, 1, 1, 1, 1, 1, 1, 1, 1, 2, 1, 1, 1, 1, 1, 1, 1, 1, 1, 1, 1, 1, 1, 1, 1, 1, 1, 1]; axonal_gain∈[0.975, 1.036]
  [grown_uncapped_dream] post-task DREAM: replay 0.0001→0.0001 on 1p; merges=0 purges=0 latched=0 → arch [128, 32, 32, 2] (115474→115474 params)
[grown_uncapped_dream] After pass 1 task 1: own=0.9981 (domain 0.9981, task 0.9981)  avg=0.9981 (domain 0.9981, task 0.9981)  arch=[128, 32, 32, 2] params=115474 (trainable 14994)  cum_grows=0 cum_denied=0 cum_purges=0 cum_latched=0

[grown_uncapped_dream] === Pass 1/1 Task 2/15: mnist_2_3 (active [2, 3])  pre-arch=[128, 32, 32, 4] params=115556 (trainable 15076/∞) ===
  [grown_uncapped_dream] dendrite-first: grow_node suppressed (median B_per_node = 1 < sat_threshold=4)
  [grown_uncapped_dream] task 2/15 (mnist_2_3) epoch 1/8  avg_loss 0.3070  last_loss 0.1323  steps 188  arch [128, 32, 32, 4]
  [grown_uncapped_dream] task 2/15 (mnist_2_3) epoch 2/8  avg_loss 0.1566  last_loss 0.0393  steps 376  arch [128, 32, 32, 4]
  [grown_uncapped_dream] task 2/15 (mnist_2_3) epoch 3/8  avg_loss 0.1443  last_loss 0.2007  steps 564  arch [128, 32, 32, 4]
  [grown_uncapped_dream] task 2/15 (mnist_2_3) epoch 4/8  avg_loss 0.1371  last_loss 0.1170  steps 752  arch [128, 32, 32, 4]
  [grown_uncapped_dream] task 2/15 (mnist_2_3) epoch 5/8  avg_loss 0.1330  last_loss 0.1342  steps 940  arch [128, 32, 32, 4]
  [grown_uncapped_dream] task 2/15 (mnist_2_3) epoch 6/8  avg_loss 0.1309  last_loss 0.0642  steps 1128  arch [128, 32, 32, 4]
  [grown_uncapped_dream] task 2/15 (mnist_2_3) epoch 7/8  avg_loss 0.1251  last_loss 0.1930  steps 1316  arch [128, 32, 32, 4]
  [grown_uncapped_dream] task 2/15 (mnist_2_3) epoch 8/8  avg_loss 0.1235  last_loss 0.0219  steps 1504  arch [128, 32, 32, 4]
  [grown_uncapped_dream] plastic rewiring: 50 steps, temp 1.00→0.10, final_loss 0.2656, hardened
  [grown_uncapped_dream] dendrite+axonal: grew 4 branches on cells [13, 10, 22, 3]; K_distribution=[1, 1, 1, 2, 1, 1, 1, 1, 1, 1, 2, 1, 1, 3, 1, 1, 1, 1, 1, 1, 1, 1, 2, 1, 1, 1, 1, 1, 1, 1, 1, 1]; axonal_gain∈[0.913, 1.119]
  [grown_uncapped_dream] post-task DREAM: replay 0.0839→0.1534 on 1p; merges=0 purges=0 latched=0 → arch [128, 32, 32, 4] (115556→115556 params)
[grown_uncapped_dream] After pass 1 task 2: own=0.3986 (domain 0.3986, task 0.9652)  avg=0.6979 (domain 0.6979, task 0.9817)  arch=[128, 32, 32, 4] params=115556 (trainable 15076)  cum_grows=0 cum_denied=0 cum_purges=0 cum_latched=0

[grown_uncapped_dream] === Pass 1/1 Task 3/15: mnist_4_5 (active [4, 5])  pre-arch=[128, 32, 32, 6] params=115638 (trainable 15158/∞) ===
  [grown_uncapped_dream] dendrite-first: grow_node suppressed (median B_per_node = 1 < sat_threshold=4)
  [grown_uncapped_dream] task 3/15 (mnist_4_5) epoch 1/8  avg_loss 0.2905  last_loss 0.1200  steps 175  arch [128, 32, 32, 6]
  [grown_uncapped_dream] task 3/15 (mnist_4_5) epoch 2/8  avg_loss 0.1010  last_loss 0.0393  steps 350  arch [128, 32, 32, 6]
  [grown_uncapped_dream] task 3/15 (mnist_4_5) epoch 3/8  avg_loss 0.0855  last_loss 0.0536  steps 525  arch [128, 32, 32, 6]
  [grown_uncapped_dream] task 3/15 (mnist_4_5) epoch 4/8  avg_loss 0.0799  last_loss 0.1079  steps 700  arch [128, 32, 32, 6]
  [grown_uncapped_dream] task 3/15 (mnist_4_5) epoch 5/8  avg_loss 0.0764  last_loss 0.0701  steps 875  arch [128, 32, 32, 6]
  [grown_uncapped_dream] task 3/15 (mnist_4_5) epoch 6/8  avg_loss 0.0732  last_loss 0.1146  steps 1050  arch [128, 32, 32, 6]
  [grown_uncapped_dream] task 3/15 (mnist_4_5) epoch 7/8  avg_loss 0.0708  last_loss 0.2391  steps 1225  arch [128, 32, 32, 6]
  [grown_uncapped_dream] task 3/15 (mnist_4_5) epoch 8/8  avg_loss 0.0694  last_loss 0.0724  steps 1400  arch [128, 32, 32, 6]
  [grown_uncapped_dream] plastic rewiring: 50 steps, temp 1.00→0.10, final_loss 0.2123, hardened
  [grown_uncapped_dream] dendrite+axonal: grew 4 branches on cells [17, 3, 25, 16]; K_distribution=[1, 1, 1, 3, 1, 1, 1, 1, 1, 1, 2, 1, 1, 3, 1, 1, 2, 2, 1, 1, 1, 1, 2, 1, 1, 2, 1, 1, 1, 1, 1, 1]; axonal_gain∈[0.870, 1.164]
  [grown_uncapped_dream] post-task DREAM: replay 0.3168→0.1315 on 1p; merges=0 purges=0 latched=0 → arch [128, 32, 32, 6] (115638→115638 params)
[grown_uncapped_dream] After pass 1 task 3: own=0.0064 (domain 0.0064, task 0.9829)  avg=0.6028 (domain 0.6028, task 0.9749)  arch=[128, 32, 32, 6] params=115638 (trainable 15158)  cum_grows=0 cum_denied=0 cum_purges=0 cum_latched=0

[grown_uncapped_dream] === Pass 1/1 Task 4/15: mnist_6_7 (active [6, 7])  pre-arch=[128, 32, 32, 8] params=115720 (trainable 15240/∞) ===
  [grown_uncapped_dream] dendrite-first: grow_node suppressed (median B_per_node = 1 < sat_threshold=4)
  [grown_uncapped_dream] task 4/15 (mnist_6_7) epoch 1/8  avg_loss 0.1509  last_loss 0.0796  steps 189  arch [128, 32, 32, 8]
  [grown_uncapped_dream] task 4/15 (mnist_6_7) epoch 2/8  avg_loss 0.0502  last_loss 0.0277  steps 378  arch [128, 32, 32, 8]
  [grown_uncapped_dream] task 4/15 (mnist_6_7) epoch 3/8  avg_loss 0.0411  last_loss 0.0641  steps 567  arch [128, 32, 32, 8]
  [grown_uncapped_dream] task 4/15 (mnist_6_7) epoch 4/8  avg_loss 0.0371  last_loss 0.0340  steps 756  arch [128, 32, 32, 8]
  [grown_uncapped_dream] task 4/15 (mnist_6_7) epoch 5/8  avg_loss 0.0351  last_loss 0.0224  steps 945  arch [128, 32, 32, 8]
  [grown_uncapped_dream] task 4/15 (mnist_6_7) epoch 6/8  avg_loss 0.0327  last_loss 0.0163  steps 1134  arch [128, 32, 32, 8]
  [grown_uncapped_dream] task 4/15 (mnist_6_7) epoch 7/8  avg_loss 0.0320  last_loss 0.0109  steps 1323  arch [128, 32, 32, 8]
  [grown_uncapped_dream] task 4/15 (mnist_6_7) epoch 8/8  avg_loss 0.0311  last_loss 0.0105  steps 1512  arch [128, 32, 32, 8]
  [grown_uncapped_dream] plastic rewiring: 50 steps, temp 1.00→0.10, final_loss 0.4238, hardened
  [grown_uncapped_dream] dendrite+axonal: grew 4 branches on cells [23, 18, 9, 24]; K_distribution=[1, 1, 1, 3, 1, 1, 1, 1, 1, 2, 2, 1, 1, 3, 1, 1, 2, 2, 2, 1, 1, 1, 2, 2, 2, 2, 1, 1, 1, 1, 1, 1]; axonal_gain∈[0.819, 1.184]
  [grown_uncapped_dream] post-task DREAM: replay 0.0000→0.0000 on 1p; merges=0 purges=0 latched=0 → arch [128, 32, 32, 8] (115720→115720 params)
[grown_uncapped_dream] After pass 1 task 4: own=0.0091 (domain 0.0091, task 0.8761)  avg=0.6138 (domain 0.6138, task 0.9330)  arch=[128, 32, 32, 8] params=115720 (trainable 15240)  cum_grows=0 cum_denied=0 cum_purges=0 cum_latched=0

[grown_uncapped_dream] === Pass 1/1 Task 5/15: mnist_8_9 (active [8, 9])  pre-arch=[128, 32, 32, 10] params=115802 (trainable 15322/∞) ===
  [grown_uncapped_dream] dendrite-first: grow_node suppressed (median B_per_node = 1 < sat_threshold=4)
  [grown_uncapped_dream] task 5/15 (mnist_8_9) epoch 1/8  avg_loss 0.3904  last_loss 0.2233  steps 183  arch [128, 32, 32, 10]
  [grown_uncapped_dream] task 5/15 (mnist_8_9) epoch 2/8  avg_loss 0.1525  last_loss 0.1026  steps 366  arch [128, 32, 32, 10]
  [grown_uncapped_dream] task 5/15 (mnist_8_9) epoch 3/8  avg_loss 0.1345  last_loss 0.0874  steps 549  arch [128, 32, 32, 10]
  [grown_uncapped_dream] task 5/15 (mnist_8_9) epoch 4/8  avg_loss 0.1285  last_loss 0.1147  steps 732  arch [128, 32, 32, 10]
  [grown_uncapped_dream] task 5/15 (mnist_8_9) epoch 5/8  avg_loss 0.1290  last_loss 0.0751  steps 915  arch [128, 32, 32, 10]
  [grown_uncapped_dream] task 5/15 (mnist_8_9) epoch 6/8  avg_loss 0.1186  last_loss 0.0604  steps 1098  arch [128, 32, 32, 10]
  [grown_uncapped_dream] task 5/15 (mnist_8_9) epoch 7/8  avg_loss 0.1249  last_loss 0.0768  steps 1281  arch [128, 32, 32, 10]
  [grown_uncapped_dream] task 5/15 (mnist_8_9) epoch 8/8  avg_loss 0.1179  last_loss 0.0797  steps 1464  arch [128, 32, 32, 10]
  [grown_uncapped_dream] plastic rewiring: 50 steps, temp 1.00→0.10, final_loss 0.1290, hardened
  [grown_uncapped_dream] dendrite+axonal: grew 2 branches on cells [23, 12]; K_distribution=[1, 1, 1, 3, 1, 1, 1, 1, 1, 2, 2, 1, 2, 3, 1, 1, 2, 2, 2, 1, 1, 1, 2, 3, 2, 2, 1, 1, 1, 1, 1, 1]; axonal_gain∈[0.783, 1.224]
  [grown_uncapped_dream] post-task DREAM: replay 0.0001→0.0017 on 1p; merges=0 purges=0 latched=0 → arch [128, 32, 32, 10] (115802→115802 params)
[grown_uncapped_dream] After pass 1 task 5: own=0.0000 (domain 0.0000, task 0.9455)  avg=0.6378 (domain 0.6378, task 0.9664)  arch=[128, 32, 32, 10] params=115802 (trainable 15322)  cum_grows=0 cum_denied=0 cum_purges=0 cum_latched=0

[grown_uncapped_dream] === Pass 1/1 Task 6/15: fashion_mnist_0_1 (active [10, 11])  pre-arch=[128, 32, 32, 12] params=115884 (trainable 15404/∞) ===
  [grown_uncapped_dream] dendrite-first: grow_node suppressed (median B_per_node = 1 < sat_threshold=4)
  [grown_uncapped_dream] task 6/15 (fashion_mnist_0_1) epoch 1/8  avg_loss 0.4956  last_loss 0.2041  steps 186  arch [128, 32, 32, 12]
  [grown_uncapped_dream] task 6/15 (fashion_mnist_0_1) epoch 2/8  avg_loss 0.1558  last_loss 0.1893  steps 372  arch [128, 32, 32, 12]
  [grown_uncapped_dream] task 6/15 (fashion_mnist_0_1) epoch 3/8  avg_loss 0.1319  last_loss 0.1358  steps 558  arch [128, 32, 32, 12]
  [grown_uncapped_dream] task 6/15 (fashion_mnist_0_1) epoch 4/8  avg_loss 0.1225  last_loss 0.1885  steps 744  arch [128, 32, 32, 12]
  [grown_uncapped_dream] task 6/15 (fashion_mnist_0_1) epoch 5/8  avg_loss 0.1156  last_loss 0.0509  steps 930  arch [128, 32, 32, 12]
  [grown_uncapped_dream] task 6/15 (fashion_mnist_0_1) epoch 6/8  avg_loss 0.1110  last_loss 0.1153  steps 1116  arch [128, 32, 32, 12]
  [grown_uncapped_dream] task 6/15 (fashion_mnist_0_1) epoch 7/8  avg_loss 0.1084  last_loss 0.2412  steps 1302  arch [128, 32, 32, 12]
  [grown_uncapped_dream] task 6/15 (fashion_mnist_0_1) epoch 8/8  avg_loss 0.1037  last_loss 0.0513  steps 1488  arch [128, 32, 32, 12]
  [grown_uncapped_dream] plastic rewiring: 50 steps, temp 1.00→0.10, final_loss 0.1847, hardened
  [grown_uncapped_dream] dendrite+axonal: grew 4 branches on cells [28, 12, 21, 30]; K_distribution=[1, 1, 1, 3, 1, 1, 1, 1, 1, 2, 2, 1, 3, 3, 1, 1, 2, 2, 2, 1, 1, 2, 2, 3, 2, 2, 1, 1, 2, 1, 2, 1]; axonal_gain∈[0.757, 1.328]
  [grown_uncapped_dream] post-task DREAM: replay 0.0581→0.1007 on 2p; merges=0 purges=0 latched=0 → arch [128, 32, 32, 12] (115884→115884 params)
[grown_uncapped_dream] After pass 1 task 6: own=0.0030 (domain 0.9595, task 0.9595)  avg=0.5922 (domain 0.7530, task 0.9659)  arch=[128, 32, 32, 12] params=115884 (trainable 15404)  cum_grows=0 cum_denied=0 cum_purges=0 cum_latched=0

[grown_uncapped_dream] === Pass 1/1 Task 7/15: fashion_mnist_2_3 (active [12, 13])  pre-arch=[128, 32, 32, 14] params=115966 (trainable 15486/∞) ===
  [grown_uncapped_dream] dendrite-first: grow_node suppressed (median B_per_node = 1 < sat_threshold=4)
  [grown_uncapped_dream] task 7/15 (fashion_mnist_2_3) epoch 1/8  avg_loss 0.6553  last_loss 0.0806  steps 186  arch [128, 32, 32, 14]
  [grown_uncapped_dream] task 7/15 (fashion_mnist_2_3) epoch 2/8  avg_loss 0.1710  last_loss 0.3399  steps 372  arch [128, 32, 32, 14]
  [grown_uncapped_dream] task 7/15 (fashion_mnist_2_3) epoch 3/8  avg_loss 0.1528  last_loss 0.1309  steps 558  arch [128, 32, 32, 14]
  [grown_uncapped_dream] task 7/15 (fashion_mnist_2_3) epoch 4/8  avg_loss 0.1450  last_loss 0.0916  steps 744  arch [128, 32, 32, 14]
  [grown_uncapped_dream] task 7/15 (fashion_mnist_2_3) epoch 5/8  avg_loss 0.1386  last_loss 0.1229  steps 930  arch [128, 32, 32, 14]
  [grown_uncapped_dream] task 7/15 (fashion_mnist_2_3) epoch 6/8  avg_loss 0.1408  last_loss 0.1165  steps 1116  arch [128, 32, 32, 14]
  [grown_uncapped_dream] task 7/15 (fashion_mnist_2_3) epoch 7/8  avg_loss 0.1343  last_loss 0.0782  steps 1302  arch [128, 32, 32, 14]
  [grown_uncapped_dream] task 7/15 (fashion_mnist_2_3) epoch 8/8  avg_loss 0.1297  last_loss 0.2073  steps 1488  arch [128, 32, 32, 14]
  [grown_uncapped_dream] plastic rewiring: 50 steps, temp 1.00→0.10, final_loss 0.1813, hardened
  [grown_uncapped_dream] dendrite+axonal: grew 3 branches on cells [19, 4, 17]; K_distribution=[1, 1, 1, 3, 2, 1, 1, 1, 1, 2, 2, 1, 3, 3, 1, 1, 2, 3, 2, 2, 1, 2, 2, 3, 2, 2, 1, 1, 2, 1, 2, 1]; axonal_gain∈[0.722, 1.335]
  [grown_uncapped_dream] post-task DREAM: replay 0.1766→0.1761 on 2p; merges=0 purges=0 latched=0 → arch [128, 32, 32, 14] (115966→115966 params)
[grown_uncapped_dream] After pass 1 task 7: own=0.0015 (domain 0.1230, task 0.9370)  avg=0.6423 (domain 0.6854, task 0.9658)  arch=[128, 32, 32, 14] params=115966 (trainable 15486)  cum_grows=0 cum_denied=0 cum_purges=0 cum_latched=0

[grown_uncapped_dream] === Pass 1/1 Task 8/15: fashion_mnist_4_5 (active [14, 15])  pre-arch=[128, 32, 32, 16] params=116048 (trainable 15568/∞) ===
  [grown_uncapped_dream] dendrite-first: grow_node suppressed (median B_per_node = 2 < sat_threshold=4)
  [grown_uncapped_dream] task 8/15 (fashion_mnist_4_5) epoch 1/8  avg_loss 0.3003  last_loss 0.1015  steps 186  arch [128, 32, 32, 16]
  [grown_uncapped_dream] task 8/15 (fashion_mnist_4_5) epoch 2/8  avg_loss 0.0883  last_loss 0.0554  steps 372  arch [128, 32, 32, 16]
  [grown_uncapped_dream] task 8/15 (fashion_mnist_4_5) epoch 3/8  avg_loss 0.0654  last_loss 0.1074  steps 558  arch [128, 32, 32, 16]
  [grown_uncapped_dream] task 8/15 (fashion_mnist_4_5) epoch 4/8  avg_loss 0.0534  last_loss 0.0609  steps 744  arch [128, 32, 32, 16]
  [grown_uncapped_dream] task 8/15 (fashion_mnist_4_5) epoch 5/8  avg_loss 0.0468  last_loss 0.0314  steps 930  arch [128, 32, 32, 16]
  [grown_uncapped_dream] task 8/15 (fashion_mnist_4_5) epoch 6/8  avg_loss 0.0427  last_loss 0.0222  steps 1116  arch [128, 32, 32, 16]
  [grown_uncapped_dream] task 8/15 (fashion_mnist_4_5) epoch 7/8  avg_loss 0.0388  last_loss 0.0173  steps 1302  arch [128, 32, 32, 16]
  [grown_uncapped_dream] task 8/15 (fashion_mnist_4_5) epoch 8/8  avg_loss 0.0395  last_loss 0.0333  steps 1488  arch [128, 32, 32, 16]
  [grown_uncapped_dream] plastic rewiring: 50 steps, temp 1.00→0.10, final_loss 0.0570, hardened
  [grown_uncapped_dream] dendrite+axonal: grew 3 branches on cells [3, 15, 28]; K_distribution=[1, 1, 1, 4, 2, 1, 1, 1, 1, 2, 2, 1, 3, 3, 1, 2, 2, 3, 2, 2, 1, 2, 2, 3, 2, 2, 1, 1, 3, 1, 2, 1]; axonal_gain∈[0.702, 1.385]
  [grown_uncapped_dream] post-task DREAM: replay 0.1090→0.1770 on 2p; merges=0 purges=0 latched=0 → arch [128, 32, 32, 16] (116048→116048 params)
[grown_uncapped_dream] After pass 1 task 8: own=0.0005 (domain 0.0730, task 0.9895)  avg=0.6305 (domain 0.6762, task 0.9588)  arch=[128, 32, 32, 16] params=116048 (trainable 15568)  cum_grows=0 cum_denied=0 cum_purges=0 cum_latched=0

[grown_uncapped_dream] === Pass 1/1 Task 9/15: fashion_mnist_6_7 (active [16, 17])  pre-arch=[128, 32, 32, 18] params=116130 (trainable 15650/∞) ===
  [grown_uncapped_dream] dendrite-first: grow_node suppressed (median B_per_node = 2 < sat_threshold=4)
  [grown_uncapped_dream] task 9/15 (fashion_mnist_6_7) epoch 1/8  avg_loss 0.8699  last_loss 0.0904  steps 186  arch [128, 32, 32, 18]
  [grown_uncapped_dream] task 9/15 (fashion_mnist_6_7) epoch 2/8  avg_loss 0.0848  last_loss 0.0867  steps 372  arch [128, 32, 32, 18]
  [grown_uncapped_dream] task 9/15 (fashion_mnist_6_7) epoch 3/8  avg_loss 0.0664  last_loss 0.0217  steps 558  arch [128, 32, 32, 18]
  [grown_uncapped_dream] task 9/15 (fashion_mnist_6_7) epoch 4/8  avg_loss 0.0571  last_loss 0.0962  steps 744  arch [128, 32, 32, 18]
  [grown_uncapped_dream] task 9/15 (fashion_mnist_6_7) epoch 5/8  avg_loss 0.0502  last_loss 0.0514  steps 930  arch [128, 32, 32, 18]
  [grown_uncapped_dream] task 9/15 (fashion_mnist_6_7) epoch 6/8  avg_loss 0.0456  last_loss 0.0579  steps 1116  arch [128, 32, 32, 18]
  [grown_uncapped_dream] task 9/15 (fashion_mnist_6_7) epoch 7/8  avg_loss 0.0405  last_loss 0.0256  steps 1302  arch [128, 32, 32, 18]
  [grown_uncapped_dream] task 9/15 (fashion_mnist_6_7) epoch 8/8  avg_loss 0.0366  last_loss 0.0255  steps 1488  arch [128, 32, 32, 18]
  [grown_uncapped_dream] plastic rewiring: 50 steps, temp 1.00→0.10, final_loss 0.0397, hardened
  [grown_uncapped_dream] dendrite+axonal: grew 2 branches on cells [15, 19]; K_distribution=[1, 1, 1, 4, 2, 1, 1, 1, 1, 2, 2, 1, 3, 3, 1, 3, 2, 3, 2, 3, 1, 2, 2, 3, 2, 2, 1, 1, 3, 1, 2, 1]; axonal_gain∈[0.675, 1.461]
  [grown_uncapped_dream] post-task DREAM: replay 0.0046→0.0022 on 2p; merges=0 purges=0 latched=0 → arch [128, 32, 32, 18] (116130→116130 params)
[grown_uncapped_dream] After pass 1 task 9: own=0.0810 (domain 0.1005, task 0.9935)  avg=0.5521 (domain 0.6005, task 0.9632)  arch=[128, 32, 32, 18] params=116130 (trainable 15650)  cum_grows=0 cum_denied=0 cum_purges=0 cum_latched=0

[grown_uncapped_dream] === Pass 1/1 Task 10/15: fashion_mnist_8_9 (active [18, 19])  pre-arch=[128, 32, 32, 20] params=116212 (trainable 15732/∞) ===
  [grown_uncapped_dream] dendrite-first: grow_node suppressed (median B_per_node = 2 < sat_threshold=4)
  [grown_uncapped_dream] task 10/15 (fashion_mnist_8_9) epoch 1/8  avg_loss 0.1713  last_loss 0.0029  steps 187  arch [128, 32, 32, 20]
  [grown_uncapped_dream] task 10/15 (fashion_mnist_8_9) epoch 2/8  avg_loss 0.0589  last_loss 0.0035  steps 374  arch [128, 32, 32, 20]
  [grown_uncapped_dream] task 10/15 (fashion_mnist_8_9) epoch 3/8  avg_loss 0.0464  last_loss 0.0004  steps 561  arch [128, 32, 32, 20]
  [grown_uncapped_dream] task 10/15 (fashion_mnist_8_9) epoch 4/8  avg_loss 0.0405  last_loss 0.0178  steps 748  arch [128, 32, 32, 20]
  [grown_uncapped_dream] task 10/15 (fashion_mnist_8_9) epoch 5/8  avg_loss 0.0380  last_loss 0.0717  steps 935  arch [128, 32, 32, 20]
  [grown_uncapped_dream] task 10/15 (fashion_mnist_8_9) epoch 6/8  avg_loss 0.0355  last_loss 0.0227  steps 1122  arch [128, 32, 32, 20]
  [grown_uncapped_dream] task 10/15 (fashion_mnist_8_9) epoch 7/8  avg_loss 0.0334  last_loss 0.0345  steps 1309  arch [128, 32, 32, 20]
  [grown_uncapped_dream] task 10/15 (fashion_mnist_8_9) epoch 8/8  avg_loss 0.0330  last_loss 0.0000  steps 1496  arch [128, 32, 32, 20]
  [grown_uncapped_dream] plastic rewiring: 50 steps, temp 1.00→0.10, final_loss 0.0238, hardened
  [grown_uncapped_dream] dendrite+axonal: grew 2 branches on cells [22, 7]; K_distribution=[1, 1, 1, 4, 2, 1, 1, 2, 1, 2, 2, 1, 3, 3, 1, 3, 2, 3, 2, 3, 1, 2, 3, 3, 2, 2, 1, 1, 3, 1, 2, 1]; axonal_gain∈[0.660, 1.500]
  [grown_uncapped_dream] post-task DREAM: replay 0.5513→0.1053 on 2p; merges=0 purges=0 latched=0 → arch [128, 32, 32, 20] (116212→116212 params)
[grown_uncapped_dream] After pass 1 task 10: own=0.0150 (domain 0.0255, task 0.9905)  avg=0.5239 (domain 0.5757, task 0.9603)  arch=[128, 32, 32, 20] params=116212 (trainable 15732)  cum_grows=0 cum_denied=0 cum_purges=0 cum_latched=0

[grown_uncapped_dream] === Pass 1/1 Task 11/15: emnist_letters_0_1 (active [20, 21])  pre-arch=[128, 32, 32, 22] params=116294 (trainable 15814/∞) ===
  [grown_uncapped_dream] dendrite-first: grow_node suppressed (median B_per_node = 2 < sat_threshold=4)
  [grown_uncapped_dream] task 11/15 (emnist_letters_0_1) epoch 1/8  avg_loss 0.5924  last_loss 0.1651  steps 150  arch [128, 32, 32, 22]
  [grown_uncapped_dream] task 11/15 (emnist_letters_0_1) epoch 2/8  avg_loss 0.2861  last_loss 0.1493  steps 300  arch [128, 32, 32, 22]
  [grown_uncapped_dream] task 11/15 (emnist_letters_0_1) epoch 3/8  avg_loss 0.2433  last_loss 0.2360  steps 450  arch [128, 32, 32, 22]
  [grown_uncapped_dream] task 11/15 (emnist_letters_0_1) epoch 4/8  avg_loss 0.2191  last_loss 0.0896  steps 600  arch [128, 32, 32, 22]
  [grown_uncapped_dream] task 11/15 (emnist_letters_0_1) epoch 5/8  avg_loss 0.2114  last_loss 0.3206  steps 750  arch [128, 32, 32, 22]
  [grown_uncapped_dream] task 11/15 (emnist_letters_0_1) epoch 6/8  avg_loss 0.1988  last_loss 0.4374  steps 900  arch [128, 32, 32, 22]
  [grown_uncapped_dream] task 11/15 (emnist_letters_0_1) epoch 7/8  avg_loss 0.1900  last_loss 0.2747  steps 1050  arch [128, 32, 32, 22]
  [grown_uncapped_dream] task 11/15 (emnist_letters_0_1) epoch 8/8  avg_loss 0.1883  last_loss 0.2661  steps 1200  arch [128, 32, 32, 22]
  [grown_uncapped_dream] plastic rewiring: 50 steps, temp 1.00→0.10, final_loss 0.2967, hardened
  [grown_uncapped_dream] dendrite+axonal: grew 1 branches on cells [3]; K_distribution=[1, 1, 1, 5, 2, 1, 1, 2, 1, 2, 2, 1, 3, 3, 1, 3, 2, 3, 2, 3, 1, 2, 3, 3, 2, 2, 1, 1, 3, 1, 2, 1]; axonal_gain∈[0.641, 1.500]
  [grown_uncapped_dream] post-task DREAM: replay 0.1535→0.1249 on 3p; merges=0 purges=0 latched=0 → arch [128, 32, 32, 22] (116294→116294 params)
[grown_uncapped_dream] After pass 1 task 11: own=0.0081 (domain 0.9394, task 0.9394)  avg=0.5638 (domain 0.6797, task 0.9634)  arch=[128, 32, 32, 22] params=116294 (trainable 15814)  cum_grows=0 cum_denied=0 cum_purges=0 cum_latched=0

[grown_uncapped_dream] === Pass 1/1 Task 12/15: emnist_letters_2_3 (active [22, 23])  pre-arch=[128, 32, 32, 24] params=116376 (trainable 15896/∞) ===
  [grown_uncapped_dream] dendrite-first: grow_node suppressed (median B_per_node = 2 < sat_threshold=4)
  [grown_uncapped_dream] task 12/15 (emnist_letters_2_3) epoch 1/8  avg_loss 0.5319  last_loss 0.3893  steps 150  arch [128, 32, 32, 24]
  [grown_uncapped_dream] task 12/15 (emnist_letters_2_3) epoch 2/8  avg_loss 0.3059  last_loss 0.1058  steps 300  arch [128, 32, 32, 24]
  [grown_uncapped_dream] task 12/15 (emnist_letters_2_3) epoch 3/8  avg_loss 0.2350  last_loss 0.3295  steps 450  arch [128, 32, 32, 24]
  [grown_uncapped_dream] task 12/15 (emnist_letters_2_3) epoch 4/8  avg_loss 0.2016  last_loss 0.1118  steps 600  arch [128, 32, 32, 24]
  [grown_uncapped_dream] task 12/15 (emnist_letters_2_3) epoch 5/8  avg_loss 0.1864  last_loss 0.1526  steps 750  arch [128, 32, 32, 24]
  [grown_uncapped_dream] task 12/15 (emnist_letters_2_3) epoch 6/8  avg_loss 0.1762  last_loss 0.1220  steps 900  arch [128, 32, 32, 24]
  [grown_uncapped_dream] task 12/15 (emnist_letters_2_3) epoch 7/8  avg_loss 0.1651  last_loss 0.1214  steps 1050  arch [128, 32, 32, 24]
  [grown_uncapped_dream] task 12/15 (emnist_letters_2_3) epoch 8/8  avg_loss 0.1574  last_loss 0.1627  steps 1200  arch [128, 32, 32, 24]
  [grown_uncapped_dream] plastic rewiring: 50 steps, temp 1.00→0.10, final_loss 0.1059, hardened
  [grown_uncapped_dream] dendrite+axonal: grew 2 branches on cells [0, 15]; K_distribution=[2, 1, 1, 5, 2, 1, 1, 2, 1, 2, 2, 1, 3, 3, 1, 4, 2, 3, 2, 3, 1, 2, 3, 3, 2, 2, 1, 1, 3, 1, 2, 1]; axonal_gain∈[0.616, 1.500]
  [grown_uncapped_dream] post-task DREAM: replay 0.1137→0.0817 on 3p; merges=0 purges=0 latched=0 → arch [128, 32, 32, 24] (116376→116376 params)
[grown_uncapped_dream] After pass 1 task 12: own=0.0025 (domain 0.3162, task 0.9344)  avg=0.5254 (domain 0.6490, task 0.9591)  arch=[128, 32, 32, 24] params=116376 (trainable 15896)  cum_grows=0 cum_denied=0 cum_purges=0 cum_latched=0

[grown_uncapped_dream] === Pass 1/1 Task 13/15: emnist_letters_4_5 (active [24, 25])  pre-arch=[128, 32, 32, 26] params=116458 (trainable 15978/∞) ===
  [grown_uncapped_dream] dendrite-first: grow_node suppressed (median B_per_node = 2 < sat_threshold=4)
  [grown_uncapped_dream] task 13/15 (emnist_letters_4_5) epoch 1/8  avg_loss 0.7968  last_loss 0.1542  steps 150  arch [128, 32, 32, 26]
  [grown_uncapped_dream] task 13/15 (emnist_letters_4_5) epoch 2/8  avg_loss 0.3057  last_loss 0.4739  steps 300  arch [128, 32, 32, 26]
  [grown_uncapped_dream] task 13/15 (emnist_letters_4_5) epoch 3/8  avg_loss 0.2312  last_loss 0.1722  steps 450  arch [128, 32, 32, 26]
  [grown_uncapped_dream] task 13/15 (emnist_letters_4_5) epoch 4/8  avg_loss 0.2067  last_loss 0.3148  steps 600  arch [128, 32, 32, 26]
  [grown_uncapped_dream] task 13/15 (emnist_letters_4_5) epoch 5/8  avg_loss 0.1919  last_loss 0.0851  steps 750  arch [128, 32, 32, 26]
  [grown_uncapped_dream] task 13/15 (emnist_letters_4_5) epoch 6/8  avg_loss 0.1864  last_loss 0.1390  steps 900  arch [128, 32, 32, 26]
  [grown_uncapped_dream] task 13/15 (emnist_letters_4_5) epoch 7/8  avg_loss 0.1822  last_loss 0.4166  steps 1050  arch [128, 32, 32, 26]
  [grown_uncapped_dream] task 13/15 (emnist_letters_4_5) epoch 8/8  avg_loss 0.1782  last_loss 0.2103  steps 1200  arch [128, 32, 32, 26]
  [grown_uncapped_dream] plastic rewiring: 50 steps, temp 1.00→0.10, final_loss 1.1176, hardened
  [grown_uncapped_dream] dendrite+axonal: grew 1 branches on cells [20]; K_distribution=[2, 1, 1, 5, 2, 1, 1, 2, 1, 2, 2, 1, 3, 3, 1, 4, 2, 3, 2, 3, 2, 2, 3, 3, 2, 2, 1, 1, 3, 1, 2, 1]; axonal_gain∈[0.597, 1.500]
  [grown_uncapped_dream] post-task DREAM: replay 0.3535→0.0966 on 3p; merges=0 purges=0 latched=0 → arch [128, 32, 32, 26] (116458→116458 params)
[grown_uncapped_dream] After pass 1 task 13: own=0.0119 (domain 0.0869, task 0.8206)  avg=0.4340 (domain 0.5379, task 0.9184)  arch=[128, 32, 32, 26] params=116458 (trainable 15978)  cum_grows=0 cum_denied=0 cum_purges=0 cum_latched=0

[grown_uncapped_dream] === Pass 1/1 Task 14/15: emnist_letters_6_7 (active [26, 27])  pre-arch=[128, 32, 32, 28] params=116540 (trainable 16060/∞) ===
  [grown_uncapped_dream] dendrite-first: grow_node suppressed (median B_per_node = 2 < sat_threshold=4)
  [grown_uncapped_dream] task 14/15 (emnist_letters_6_7) epoch 1/8  avg_loss 1.3671  last_loss 0.1399  steps 150  arch [128, 32, 32, 28]
  [grown_uncapped_dream] task 14/15 (emnist_letters_6_7) epoch 2/8  avg_loss 0.3415  last_loss 0.3114  steps 300  arch [128, 32, 32, 28]
  [grown_uncapped_dream] task 14/15 (emnist_letters_6_7) epoch 3/8  avg_loss 0.2401  last_loss 0.2690  steps 450  arch [128, 32, 32, 28]
  [grown_uncapped_dream] task 14/15 (emnist_letters_6_7) epoch 4/8  avg_loss 0.1910  last_loss 0.0524  steps 600  arch [128, 32, 32, 28]
  [grown_uncapped_dream] task 14/15 (emnist_letters_6_7) epoch 5/8  avg_loss 0.1690  last_loss 0.1483  steps 750  arch [128, 32, 32, 28]
  [grown_uncapped_dream] task 14/15 (emnist_letters_6_7) epoch 6/8  avg_loss 0.1530  last_loss 0.1342  steps 900  arch [128, 32, 32, 28]
  [grown_uncapped_dream] task 14/15 (emnist_letters_6_7) epoch 7/8  avg_loss 0.1424  last_loss 0.0545  steps 1050  arch [128, 32, 32, 28]
  [grown_uncapped_dream] task 14/15 (emnist_letters_6_7) epoch 8/8  avg_loss 0.1373  last_loss 0.1099  steps 1200  arch [128, 32, 32, 28]
  [grown_uncapped_dream] plastic rewiring: 50 steps, temp 1.00→0.10, final_loss 1.0257, hardened
  [grown_uncapped_dream] dendrite+axonal: grew 3 branches on cells [27, 6, 8]; K_distribution=[2, 1, 1, 5, 2, 1, 2, 2, 2, 2, 2, 1, 3, 3, 1, 4, 2, 3, 2, 3, 2, 2, 3, 3, 2, 2, 1, 2, 3, 1, 2, 1]; axonal_gain∈[0.576, 1.500]
  [grown_uncapped_dream] post-task DREAM: replay 0.0721→0.0808 on 4p; merges=0 purges=0 latched=0 → arch [128, 32, 32, 28] (116540→116540 params)
[grown_uncapped_dream] After pass 1 task 14: own=0.0000 (domain 0.0025, task 0.8769)  avg=0.5031 (domain 0.5891, task 0.9359)  arch=[128, 32, 32, 28] params=116540 (trainable 16060)  cum_grows=0 cum_denied=0 cum_purges=0 cum_latched=0

[grown_uncapped_dream] === Pass 1/1 Task 15/15: emnist_letters_8_9 (active [28, 29])  pre-arch=[128, 32, 32, 30] params=116622 (trainable 16142/∞) ===
  [grown_uncapped_dream] dendrite-first: grow_node suppressed (median B_per_node = 2 < sat_threshold=4)
  [grown_uncapped_dream] task 15/15 (emnist_letters_8_9) epoch 1/8  avg_loss 0.7833  last_loss 0.7747  steps 150  arch [128, 32, 32, 30]
  [grown_uncapped_dream] task 15/15 (emnist_letters_8_9) epoch 2/8  avg_loss 0.3438  last_loss 0.4112  steps 300  arch [128, 32, 32, 30]
  [grown_uncapped_dream] task 15/15 (emnist_letters_8_9) epoch 3/8  avg_loss 0.2926  last_loss 0.4423  steps 450  arch [128, 32, 32, 30]
  [grown_uncapped_dream] task 15/15 (emnist_letters_8_9) epoch 4/8  avg_loss 0.2688  last_loss 0.3685  steps 600  arch [128, 32, 32, 30]
  [grown_uncapped_dream] task 15/15 (emnist_letters_8_9) epoch 5/8  avg_loss 0.2510  last_loss 0.3113  steps 750  arch [128, 32, 32, 30]
  [grown_uncapped_dream] task 15/15 (emnist_letters_8_9) epoch 6/8  avg_loss 0.2446  last_loss 0.1952  steps 900  arch [128, 32, 32, 30]
  [grown_uncapped_dream] task 15/15 (emnist_letters_8_9) epoch 7/8  avg_loss 0.2324  last_loss 0.2146  steps 1050  arch [128, 32, 32, 30]
  [grown_uncapped_dream] task 15/15 (emnist_letters_8_9) epoch 8/8  avg_loss 0.2317  last_loss 0.2058  steps 1200  arch [128, 32, 32, 30]
  [grown_uncapped_dream] plastic rewiring: 50 steps, temp 1.00→0.10, final_loss 0.2391, hardened
  [grown_uncapped_dream] dendrite+axonal: grew 3 branches on cells [30, 18, 24]; K_distribution=[2, 1, 1, 5, 2, 1, 2, 2, 2, 2, 2, 1, 3, 3, 1, 4, 2, 3, 3, 3, 2, 2, 3, 3, 3, 2, 1, 2, 3, 1, 3, 1]; axonal_gain∈[0.557, 1.500]
  [grown_uncapped_dream] post-task DREAM: replay 0.1128→0.0824 on 4p; merges=0 purges=0 latched=0 → arch [128, 32, 32, 30] (116622→116622 params)
[grown_uncapped_dream] After pass 1 task 15: own=0.0131 (domain 0.0875, task 0.9075)  avg=0.4999 (domain 0.5909, task 0.9345)  arch=[128, 32, 32, 30] params=116622 (trainable 16142)  cum_grows=0 cum_denied=0 cum_purges=0 cum_latched=0

[grown_uncapped_dream] <<< PASS 1/1 done — full=0.4999  domain=0.5909  task=0.9345

==============================================================================
bench_chained_15task — Final Report
==============================================================================

[grown_uncapped_dream]
  arch:               (128, 32, 32, 2) → (128, 32, 32, 30)
  params total:       107282 → 116622
  params trainable:   6802 → 16142  (cap-relevant)
  cap_bytes:          2_147_483_648  (= 536_870_912 trainable params)
  cum grows allowed:  0
  cum grows denied:   0
  cum dream purges:   0
  cum dream latched:  0
  final acc full:     0.4999  (30-class full-softmax — headline)
  final acc domain:   0.5909  (10-class restricted to dataset group — realistic deployment)
  final acc task:     0.9345  (2-class restricted to binary task — generous diagnostic)
  avg forgetting:     full -0.4249  domain -0.3384  task 0.0071
  wall-clock:         339.8s
  per-phase (full / domain / task):
     phase1_mnist         0.6630  /  0.7481  /  0.9551
     phase2_fashion       0.6061  /  0.6226  /  0.9614
     phase3_emnist        0.2305  /  0.4020  /  0.8871

Headline (full / domain / task across arms):
  grown_uncapped_dream          full 0.4999  domain 0.5909  task 0.9345  (full-forget -0.4249)


##############################################################################
#   SEED 2  (3/3)
##############################################################################
[grown_uncapped_dream] Axis 3 insert_layer fired: arch=[128, 32, 32, 2] target_idx 1 → 2 | noise_scale=0.01

[grown_uncapped_dream] start — arch (128, 32, 32, 2)  params 107282 (trainable 6802)  growth=True dream=True  cap_bytes=2147483648  K=15  passes=1  epochs/task=8  rehearsal=off  lwf=off  brainstem=off  engrams=off  hippocampus=off  differential=off  manifold=on

[grown_uncapped_dream] >>> PASS 1/1  grows_per_task=4  (developmental)

[grown_uncapped_dream] === Pass 1/1 Task 1/15: mnist_0_1 (active [0, 1])  pre-arch=[128, 32, 32, 2] params=107282 (trainable 6802/∞) ===
  [grown_uncapped_dream] dendrite-first: grow_node suppressed (median B_per_node = 1 < sat_threshold=4)
  [grown_uncapped_dream] task 1/15 (mnist_0_1) epoch 1/8  avg_loss 0.1046  last_loss 0.0010  steps 197  arch [128, 32, 32, 2]
  [grown_uncapped_dream] task 1/15 (mnist_0_1) epoch 2/8  avg_loss 0.0095  last_loss 0.0004  steps 394  arch [128, 32, 32, 2]
  [grown_uncapped_dream] task 1/15 (mnist_0_1) epoch 3/8  avg_loss 0.0066  last_loss 0.0003  steps 591  arch [128, 32, 32, 2]
  [grown_uncapped_dream] task 1/15 (mnist_0_1) epoch 4/8  avg_loss 0.0048  last_loss 0.0001  steps 788  arch [128, 32, 32, 2]
  [grown_uncapped_dream] task 1/15 (mnist_0_1) epoch 5/8  avg_loss 0.0041  last_loss 0.0029  steps 985  arch [128, 32, 32, 2]
  [grown_uncapped_dream] task 1/15 (mnist_0_1) epoch 6/8  avg_loss 0.0027  last_loss 0.0000  steps 1182  arch [128, 32, 32, 2]
  [grown_uncapped_dream] task 1/15 (mnist_0_1) epoch 7/8  avg_loss 0.0021  last_loss 0.0000  steps 1379  arch [128, 32, 32, 2]
  [grown_uncapped_dream] task 1/15 (mnist_0_1) epoch 8/8  avg_loss 0.0028  last_loss 0.0002  steps 1576  arch [128, 32, 32, 2]
  [grown_uncapped_dream] plastic rewiring: 50 steps, temp 1.00→0.10, final_loss 0.0000, hardened
  [grown_uncapped_dream] dendrite+axonal: grew 4 branches on cells [29, 2, 19, 9]; K_distribution=[1, 1, 2, 1, 1, 1, 1, 1, 1, 2, 1, 1, 1, 1, 1, 1, 1, 1, 1, 2, 1, 1, 1, 1, 1, 1, 1, 1, 1, 2, 1, 1]; axonal_gain∈[0.918, 1.094]
  [grown_uncapped_dream] post-task DREAM: replay 0.0142→0.0003 on 1p; merges=0 purges=0 latched=0 → arch [128, 32, 32, 2] (115474→115474 params)
[grown_uncapped_dream] After pass 1 task 1: own=0.9981 (domain 0.9981, task 0.9981)  avg=0.9981 (domain 0.9981, task 0.9981)  arch=[128, 32, 32, 2] params=115474 (trainable 14994)  cum_grows=0 cum_denied=0 cum_purges=0 cum_latched=0

[grown_uncapped_dream] === Pass 1/1 Task 2/15: mnist_2_3 (active [2, 3])  pre-arch=[128, 32, 32, 4] params=115556 (trainable 15076/∞) ===
  [grown_uncapped_dream] dendrite-first: grow_node suppressed (median B_per_node = 1 < sat_threshold=4)
  [grown_uncapped_dream] task 2/15 (mnist_2_3) epoch 1/8  avg_loss 0.2759  last_loss 0.1631  steps 188  arch [128, 32, 32, 4]
  [grown_uncapped_dream] task 2/15 (mnist_2_3) epoch 2/8  avg_loss 0.1526  last_loss 0.1319  steps 376  arch [128, 32, 32, 4]
  [grown_uncapped_dream] task 2/15 (mnist_2_3) epoch 3/8  avg_loss 0.1427  last_loss 0.3839  steps 564  arch [128, 32, 32, 4]
  [grown_uncapped_dream] task 2/15 (mnist_2_3) epoch 4/8  avg_loss 0.1409  last_loss 0.1663  steps 752  arch [128, 32, 32, 4]
  [grown_uncapped_dream] task 2/15 (mnist_2_3) epoch 5/8  avg_loss 0.1374  last_loss 0.1464  steps 940  arch [128, 32, 32, 4]
  [grown_uncapped_dream] task 2/15 (mnist_2_3) epoch 6/8  avg_loss 0.1352  last_loss 0.2512  steps 1128  arch [128, 32, 32, 4]
  [grown_uncapped_dream] task 2/15 (mnist_2_3) epoch 7/8  avg_loss 0.1318  last_loss 0.0363  steps 1316  arch [128, 32, 32, 4]
  [grown_uncapped_dream] task 2/15 (mnist_2_3) epoch 8/8  avg_loss 0.1303  last_loss 0.1779  steps 1504  arch [128, 32, 32, 4]
  [grown_uncapped_dream] plastic rewiring: 50 steps, temp 1.00→0.10, final_loss 0.1259, hardened
  [grown_uncapped_dream] dendrite+axonal: grew 4 branches on cells [19, 26, 15, 3]; K_distribution=[1, 1, 2, 2, 1, 1, 1, 1, 1, 2, 1, 1, 1, 1, 1, 2, 1, 1, 1, 3, 1, 1, 1, 1, 1, 1, 2, 1, 1, 2, 1, 1]; axonal_gain∈[0.875, 1.188]
  [grown_uncapped_dream] post-task DREAM: replay 0.0540→0.2035 on 1p; merges=0 purges=0 latched=0 → arch [128, 32, 32, 4] (115556→115556 params)
[grown_uncapped_dream] After pass 1 task 2: own=0.2160 (domain 0.2160, task 0.9442)  avg=0.6066 (domain 0.6066, task 0.9709)  arch=[128, 32, 32, 4] params=115556 (trainable 15076)  cum_grows=0 cum_denied=0 cum_purges=0 cum_latched=0

[grown_uncapped_dream] === Pass 1/1 Task 3/15: mnist_4_5 (active [4, 5])  pre-arch=[128, 32, 32, 6] params=115638 (trainable 15158/∞) ===
  [grown_uncapped_dream] dendrite-first: grow_node suppressed (median B_per_node = 1 < sat_threshold=4)
  [grown_uncapped_dream] task 3/15 (mnist_4_5) epoch 1/8  avg_loss 0.4422  last_loss 0.2192  steps 175  arch [128, 32, 32, 6]
  [grown_uncapped_dream] task 3/15 (mnist_4_5) epoch 2/8  avg_loss 0.1575  last_loss 0.1001  steps 350  arch [128, 32, 32, 6]
  [grown_uncapped_dream] task 3/15 (mnist_4_5) epoch 3/8  avg_loss 0.1256  last_loss 0.1131  steps 525  arch [128, 32, 32, 6]
  [grown_uncapped_dream] task 3/15 (mnist_4_5) epoch 4/8  avg_loss 0.1131  last_loss 0.0445  steps 700  arch [128, 32, 32, 6]
  [grown_uncapped_dream] task 3/15 (mnist_4_5) epoch 5/8  avg_loss 0.1042  last_loss 0.0460  steps 875  arch [128, 32, 32, 6]
  [grown_uncapped_dream] task 3/15 (mnist_4_5) epoch 6/8  avg_loss 0.0979  last_loss 0.1635  steps 1050  arch [128, 32, 32, 6]
  [grown_uncapped_dream] task 3/15 (mnist_4_5) epoch 7/8  avg_loss 0.0931  last_loss 0.1431  steps 1225  arch [128, 32, 32, 6]
  [grown_uncapped_dream] task 3/15 (mnist_4_5) epoch 8/8  avg_loss 0.0885  last_loss 0.1111  steps 1400  arch [128, 32, 32, 6]
  [grown_uncapped_dream] plastic rewiring: 50 steps, temp 1.00→0.10, final_loss 0.0457, hardened
  [grown_uncapped_dream] dendrite+axonal: grew 3 branches on cells [22, 16, 20]; K_distribution=[1, 1, 2, 2, 1, 1, 1, 1, 1, 2, 1, 1, 1, 1, 1, 2, 2, 1, 1, 3, 2, 1, 2, 1, 1, 1, 2, 1, 1, 2, 1, 1]; axonal_gain∈[0.831, 1.283]
  [grown_uncapped_dream] post-task DREAM: replay 0.0000→0.0000 on 1p; merges=0 purges=0 latched=0 → arch [128, 32, 32, 6] (115638→115638 params)
[grown_uncapped_dream] After pass 1 task 3: own=0.0667 (domain 0.0667, task 0.9664)  avg=0.5339 (domain 0.5339, task 0.9676)  arch=[128, 32, 32, 6] params=115638 (trainable 15158)  cum_grows=0 cum_denied=0 cum_purges=0 cum_latched=0

[grown_uncapped_dream] === Pass 1/1 Task 4/15: mnist_6_7 (active [6, 7])  pre-arch=[128, 32, 32, 8] params=115720 (trainable 15240/∞) ===
  [grown_uncapped_dream] dendrite-first: grow_node suppressed (median B_per_node = 1 < sat_threshold=4)
  [grown_uncapped_dream] task 4/15 (mnist_6_7) epoch 1/8  avg_loss 0.1389  last_loss 0.0411  steps 189  arch [128, 32, 32, 8]
  [grown_uncapped_dream] task 4/15 (mnist_6_7) epoch 2/8  avg_loss 0.0486  last_loss 0.0515  steps 378  arch [128, 32, 32, 8]
  [grown_uncapped_dream] task 4/15 (mnist_6_7) epoch 3/8  avg_loss 0.0421  last_loss 0.0893  steps 567  arch [128, 32, 32, 8]
  [grown_uncapped_dream] task 4/15 (mnist_6_7) epoch 4/8  avg_loss 0.0383  last_loss 0.0392  steps 756  arch [128, 32, 32, 8]
  [grown_uncapped_dream] task 4/15 (mnist_6_7) epoch 5/8  avg_loss 0.0372  last_loss 0.0645  steps 945  arch [128, 32, 32, 8]
  [grown_uncapped_dream] task 4/15 (mnist_6_7) epoch 6/8  avg_loss 0.0347  last_loss 0.0787  steps 1134  arch [128, 32, 32, 8]
  [grown_uncapped_dream] task 4/15 (mnist_6_7) epoch 7/8  avg_loss 0.0337  last_loss 0.0192  steps 1323  arch [128, 32, 32, 8]
  [grown_uncapped_dream] task 4/15 (mnist_6_7) epoch 8/8  avg_loss 0.0331  last_loss 0.0113  steps 1512  arch [128, 32, 32, 8]
  [grown_uncapped_dream] plastic rewiring: 50 steps, temp 1.00→0.10, final_loss 0.0190, hardened
  [grown_uncapped_dream] dendrite+axonal: grew 4 branches on cells [9, 3, 19, 18]; K_distribution=[1, 1, 2, 3, 1, 1, 1, 1, 1, 3, 1, 1, 1, 1, 1, 2, 2, 1, 2, 4, 2, 1, 2, 1, 1, 1, 2, 1, 1, 2, 1, 1]; axonal_gain∈[0.790, 1.390]
  [grown_uncapped_dream] post-task DREAM: replay 0.1271→0.1410 on 1p; merges=0 purges=0 latched=0 → arch [128, 32, 32, 8] (115720→115720 params)
[grown_uncapped_dream] After pass 1 task 4: own=0.0065 (domain 0.0065, task 0.9839)  avg=0.5985 (domain 0.5985, task 0.9659)  arch=[128, 32, 32, 8] params=115720 (trainable 15240)  cum_grows=0 cum_denied=0 cum_purges=0 cum_latched=0

[grown_uncapped_dream] === Pass 1/1 Task 5/15: mnist_8_9 (active [8, 9])  pre-arch=[128, 32, 32, 10] params=115802 (trainable 15322/∞) ===
  [grown_uncapped_dream] dendrite-first: grow_node suppressed (median B_per_node = 1 < sat_threshold=4)
  [grown_uncapped_dream] task 5/15 (mnist_8_9) epoch 1/8  avg_loss 0.6035  last_loss 0.1790  steps 183  arch [128, 32, 32, 10]
  [grown_uncapped_dream] task 5/15 (mnist_8_9) epoch 2/8  avg_loss 0.1776  last_loss 0.0437  steps 366  arch [128, 32, 32, 10]
  [grown_uncapped_dream] task 5/15 (mnist_8_9) epoch 3/8  avg_loss 0.1405  last_loss 0.0958  steps 549  arch [128, 32, 32, 10]
  [grown_uncapped_dream] task 5/15 (mnist_8_9) epoch 4/8  avg_loss 0.1256  last_loss 0.0736  steps 732  arch [128, 32, 32, 10]
  [grown_uncapped_dream] task 5/15 (mnist_8_9) epoch 5/8  avg_loss 0.1178  last_loss 0.0648  steps 915  arch [128, 32, 32, 10]
  [grown_uncapped_dream] task 5/15 (mnist_8_9) epoch 6/8  avg_loss 0.1160  last_loss 0.3037  steps 1098  arch [128, 32, 32, 10]
  [grown_uncapped_dream] task 5/15 (mnist_8_9) epoch 7/8  avg_loss 0.1098  last_loss 0.0459  steps 1281  arch [128, 32, 32, 10]
  [grown_uncapped_dream] task 5/15 (mnist_8_9) epoch 8/8  avg_loss 0.1089  last_loss 0.0826  steps 1464  arch [128, 32, 32, 10]
  [grown_uncapped_dream] plastic rewiring: 50 steps, temp 1.00→0.10, final_loss 0.5288, hardened
  [grown_uncapped_dream] dendrite+axonal: grew 2 branches on cells [22, 21]; K_distribution=[1, 1, 2, 3, 1, 1, 1, 1, 1, 3, 1, 1, 1, 1, 1, 2, 2, 1, 2, 4, 2, 2, 3, 1, 1, 1, 2, 1, 1, 2, 1, 1]; axonal_gain∈[0.758, 1.465]
  [grown_uncapped_dream] post-task DREAM: replay 0.1265→0.0293 on 1p; merges=0 purges=0 latched=0 → arch [128, 32, 32, 10] (115802→115802 params)
[grown_uncapped_dream] After pass 1 task 5: own=0.0000 (domain 0.0000, task 0.8507)  avg=0.6142 (domain 0.6142, task 0.9468)  arch=[128, 32, 32, 10] params=115802 (trainable 15322)  cum_grows=0 cum_denied=0 cum_purges=0 cum_latched=0

[grown_uncapped_dream] === Pass 1/1 Task 6/15: fashion_mnist_0_1 (active [10, 11])  pre-arch=[128, 32, 32, 12] params=115884 (trainable 15404/∞) ===
  [grown_uncapped_dream] dendrite-first: grow_node suppressed (median B_per_node = 1 < sat_threshold=4)
  [grown_uncapped_dream] task 6/15 (fashion_mnist_0_1) epoch 1/8  avg_loss 1.2946  last_loss 0.1366  steps 186  arch [128, 32, 32, 12]
  [grown_uncapped_dream] task 6/15 (fashion_mnist_0_1) epoch 2/8  avg_loss 0.2342  last_loss 0.1511  steps 372  arch [128, 32, 32, 12]
  [grown_uncapped_dream] task 6/15 (fashion_mnist_0_1) epoch 3/8  avg_loss 0.1766  last_loss 0.0993  steps 558  arch [128, 32, 32, 12]
  [grown_uncapped_dream] task 6/15 (fashion_mnist_0_1) epoch 4/8  avg_loss 0.1413  last_loss 0.0842  steps 744  arch [128, 32, 32, 12]
  [grown_uncapped_dream] task 6/15 (fashion_mnist_0_1) epoch 5/8  avg_loss 0.1268  last_loss 0.0670  steps 930  arch [128, 32, 32, 12]
  [grown_uncapped_dream] task 6/15 (fashion_mnist_0_1) epoch 6/8  avg_loss 0.1146  last_loss 0.0531  steps 1116  arch [128, 32, 32, 12]
  [grown_uncapped_dream] task 6/15 (fashion_mnist_0_1) epoch 7/8  avg_loss 0.1060  last_loss 0.0604  steps 1302  arch [128, 32, 32, 12]
  [grown_uncapped_dream] task 6/15 (fashion_mnist_0_1) epoch 8/8  avg_loss 0.1048  last_loss 0.1774  steps 1488  arch [128, 32, 32, 12]
  [grown_uncapped_dream] plastic rewiring: 50 steps, temp 1.00→0.10, final_loss 3.2367, hardened
  [grown_uncapped_dream] dendrite+axonal: grew 3 branches on cells [27, 30, 25]; K_distribution=[1, 1, 2, 3, 1, 1, 1, 1, 1, 3, 1, 1, 1, 1, 1, 2, 2, 1, 2, 4, 2, 2, 3, 1, 1, 2, 2, 2, 1, 2, 2, 1]; axonal_gain∈[0.730, 1.500]
  [grown_uncapped_dream] post-task DREAM: replay 2.2783→0.0708 on 2p; merges=0 purges=0 latched=0 → arch [128, 32, 32, 12] (115884→115884 params)
[grown_uncapped_dream] After pass 1 task 6: own=0.0000 (domain 0.9475, task 0.9475)  avg=0.5654 (domain 0.7233, task 0.9657)  arch=[128, 32, 32, 12] params=115884 (trainable 15404)  cum_grows=0 cum_denied=0 cum_purges=0 cum_latched=0

[grown_uncapped_dream] === Pass 1/1 Task 7/15: fashion_mnist_2_3 (active [12, 13])  pre-arch=[128, 32, 32, 14] params=115966 (trainable 15486/∞) ===
  [grown_uncapped_dream] dendrite-first: grow_node suppressed (median B_per_node = 1 < sat_threshold=4)
  [grown_uncapped_dream] task 7/15 (fashion_mnist_2_3) epoch 1/8  avg_loss 0.4462  last_loss 0.1842  steps 186  arch [128, 32, 32, 14]
  [grown_uncapped_dream] task 7/15 (fashion_mnist_2_3) epoch 2/8  avg_loss 0.1673  last_loss 0.0748  steps 372  arch [128, 32, 32, 14]
  [grown_uncapped_dream] task 7/15 (fashion_mnist_2_3) epoch 3/8  avg_loss 0.1595  last_loss 0.3197  steps 558  arch [128, 32, 32, 14]
  [grown_uncapped_dream] task 7/15 (fashion_mnist_2_3) epoch 4/8  avg_loss 0.1557  last_loss 0.1129  steps 744  arch [128, 32, 32, 14]
  [grown_uncapped_dream] task 7/15 (fashion_mnist_2_3) epoch 5/8  avg_loss 0.1517  last_loss 0.1262  steps 930  arch [128, 32, 32, 14]
  [grown_uncapped_dream] task 7/15 (fashion_mnist_2_3) epoch 6/8  avg_loss 0.1483  last_loss 0.1974  steps 1116  arch [128, 32, 32, 14]
  [grown_uncapped_dream] task 7/15 (fashion_mnist_2_3) epoch 7/8  avg_loss 0.1486  last_loss 0.1838  steps 1302  arch [128, 32, 32, 14]
  [grown_uncapped_dream] task 7/15 (fashion_mnist_2_3) epoch 8/8  avg_loss 0.1471  last_loss 0.0783  steps 1488  arch [128, 32, 32, 14]
  [grown_uncapped_dream] plastic rewiring: 50 steps, temp 1.00→0.10, final_loss 0.1059, hardened
  [grown_uncapped_dream] dendrite+axonal: grew 2 branches on cells [3, 11]; K_distribution=[1, 1, 2, 4, 1, 1, 1, 1, 1, 3, 1, 2, 1, 1, 1, 2, 2, 1, 2, 4, 2, 2, 3, 1, 1, 2, 2, 2, 1, 2, 2, 1]; axonal_gain∈[0.707, 1.500]
  [grown_uncapped_dream] post-task DREAM: replay 0.2246→0.1305 on 2p; merges=0 purges=0 latched=0 → arch [128, 32, 32, 14] (115966→115966 params)
[grown_uncapped_dream] After pass 1 task 7: own=0.0000 (domain 0.0190, task 0.9525)  avg=0.5990 (domain 0.6263, task 0.9532)  arch=[128, 32, 32, 14] params=115966 (trainable 15486)  cum_grows=0 cum_denied=0 cum_purges=0 cum_latched=0

[grown_uncapped_dream] === Pass 1/1 Task 8/15: fashion_mnist_4_5 (active [14, 15])  pre-arch=[128, 32, 32, 16] params=116048 (trainable 15568/∞) ===
  [grown_uncapped_dream] dendrite-first: grow_node suppressed (median B_per_node = 1 < sat_threshold=4)
  [grown_uncapped_dream] task 8/15 (fashion_mnist_4_5) epoch 1/8  avg_loss 0.3222  last_loss 0.1461  steps 186  arch [128, 32, 32, 16]
  [grown_uncapped_dream] task 8/15 (fashion_mnist_4_5) epoch 2/8  avg_loss 0.0827  last_loss 0.0561  steps 372  arch [128, 32, 32, 16]
  [grown_uncapped_dream] task 8/15 (fashion_mnist_4_5) epoch 3/8  avg_loss 0.0585  last_loss 0.0313  steps 558  arch [128, 32, 32, 16]
  [grown_uncapped_dream] task 8/15 (fashion_mnist_4_5) epoch 4/8  avg_loss 0.0499  last_loss 0.0407  steps 744  arch [128, 32, 32, 16]
  [grown_uncapped_dream] task 8/15 (fashion_mnist_4_5) epoch 5/8  avg_loss 0.0456  last_loss 0.0538  steps 930  arch [128, 32, 32, 16]
  [grown_uncapped_dream] task 8/15 (fashion_mnist_4_5) epoch 6/8  avg_loss 0.0415  last_loss 0.0103  steps 1116  arch [128, 32, 32, 16]
  [grown_uncapped_dream] task 8/15 (fashion_mnist_4_5) epoch 7/8  avg_loss 0.0380  last_loss 0.0340  steps 1302  arch [128, 32, 32, 16]
  [grown_uncapped_dream] task 8/15 (fashion_mnist_4_5) epoch 8/8  avg_loss 0.0359  last_loss 0.0205  steps 1488  arch [128, 32, 32, 16]
  [grown_uncapped_dream] plastic rewiring: 50 steps, temp 1.00→0.10, final_loss 0.0265, hardened
  [grown_uncapped_dream] dendrite+axonal: grew 2 branches on cells [28, 0]; K_distribution=[2, 1, 2, 4, 1, 1, 1, 1, 1, 3, 1, 2, 1, 1, 1, 2, 2, 1, 2, 4, 2, 2, 3, 1, 1, 2, 2, 2, 2, 2, 2, 1]; axonal_gain∈[0.673, 1.500]
  [grown_uncapped_dream] post-task DREAM: replay 0.2341→0.1007 on 2p; merges=0 purges=0 latched=0 → arch [128, 32, 32, 16] (116048→116048 params)
[grown_uncapped_dream] After pass 1 task 8: own=0.0215 (domain 0.4565, task 0.9805)  avg=0.4759 (domain 0.6316, task 0.9487)  arch=[128, 32, 32, 16] params=116048 (trainable 15568)  cum_grows=0 cum_denied=0 cum_purges=0 cum_latched=0

[grown_uncapped_dream] === Pass 1/1 Task 9/15: fashion_mnist_6_7 (active [16, 17])  pre-arch=[128, 32, 32, 18] params=116130 (trainable 15650/∞) ===
  [grown_uncapped_dream] dendrite-first: grow_node suppressed (median B_per_node = 2 < sat_threshold=4)
  [grown_uncapped_dream] task 9/15 (fashion_mnist_6_7) epoch 1/8  avg_loss 0.2107  last_loss 0.0210  steps 186  arch [128, 32, 32, 18]
  [grown_uncapped_dream] task 9/15 (fashion_mnist_6_7) epoch 2/8  avg_loss 0.0344  last_loss 0.0478  steps 372  arch [128, 32, 32, 18]
  [grown_uncapped_dream] task 9/15 (fashion_mnist_6_7) epoch 3/8  avg_loss 0.0258  last_loss 0.0296  steps 558  arch [128, 32, 32, 18]
  [grown_uncapped_dream] task 9/15 (fashion_mnist_6_7) epoch 4/8  avg_loss 0.0215  last_loss 0.0104  steps 744  arch [128, 32, 32, 18]
  [grown_uncapped_dream] task 9/15 (fashion_mnist_6_7) epoch 5/8  avg_loss 0.0192  last_loss 0.0306  steps 930  arch [128, 32, 32, 18]
  [grown_uncapped_dream] task 9/15 (fashion_mnist_6_7) epoch 6/8  avg_loss 0.0169  last_loss 0.0111  steps 1116  arch [128, 32, 32, 18]
  [grown_uncapped_dream] task 9/15 (fashion_mnist_6_7) epoch 7/8  avg_loss 0.0161  last_loss 0.0077  steps 1302  arch [128, 32, 32, 18]
  [grown_uncapped_dream] task 9/15 (fashion_mnist_6_7) epoch 8/8  avg_loss 0.0151  last_loss 0.0362  steps 1488  arch [128, 32, 32, 18]
  [grown_uncapped_dream] plastic rewiring: 50 steps, temp 1.00→0.10, final_loss 0.8652, hardened
  [grown_uncapped_dream] dendrite+axonal: grew 3 branches on cells [16, 23, 24]; K_distribution=[2, 1, 2, 4, 1, 1, 1, 1, 1, 3, 1, 2, 1, 1, 1, 2, 3, 1, 2, 4, 2, 2, 3, 2, 2, 2, 2, 2, 2, 2, 2, 1]; axonal_gain∈[0.649, 1.500]
  [grown_uncapped_dream] post-task DREAM: replay 0.9125→0.0716 on 2p; merges=0 purges=0 latched=0 → arch [128, 32, 32, 18] (116130→116130 params)
[grown_uncapped_dream] After pass 1 task 9: own=0.0000 (domain 0.0000, task 0.9915)  avg=0.3064 (domain 0.4509, task 0.9000)  arch=[128, 32, 32, 18] params=116130 (trainable 15650)  cum_grows=0 cum_denied=0 cum_purges=0 cum_latched=0

[grown_uncapped_dream] === Pass 1/1 Task 10/15: fashion_mnist_8_9 (active [18, 19])  pre-arch=[128, 32, 32, 20] params=116212 (trainable 15732/∞) ===
  [grown_uncapped_dream] dendrite-first: grow_node suppressed (median B_per_node = 2 < sat_threshold=4)
  [grown_uncapped_dream] task 10/15 (fashion_mnist_8_9) epoch 1/8  avg_loss 1.4538  last_loss 0.0307  steps 187  arch [128, 32, 32, 20]
  [grown_uncapped_dream] task 10/15 (fashion_mnist_8_9) epoch 2/8  avg_loss 0.0883  last_loss 0.0222  steps 374  arch [128, 32, 32, 20]
  [grown_uncapped_dream] task 10/15 (fashion_mnist_8_9) epoch 3/8  avg_loss 0.0532  last_loss 0.0003  steps 561  arch [128, 32, 32, 20]
  [grown_uncapped_dream] task 10/15 (fashion_mnist_8_9) epoch 4/8  avg_loss 0.0413  last_loss 0.0007  steps 748  arch [128, 32, 32, 20]
  [grown_uncapped_dream] task 10/15 (fashion_mnist_8_9) epoch 5/8  avg_loss 0.0373  last_loss 0.0118  steps 935  arch [128, 32, 32, 20]
  [grown_uncapped_dream] task 10/15 (fashion_mnist_8_9) epoch 6/8  avg_loss 0.0338  last_loss 0.0003  steps 1122  arch [128, 32, 32, 20]
  [grown_uncapped_dream] task 10/15 (fashion_mnist_8_9) epoch 7/8  avg_loss 0.0333  last_loss 0.0010  steps 1309  arch [128, 32, 32, 20]
  [grown_uncapped_dream] task 10/15 (fashion_mnist_8_9) epoch 8/8  avg_loss 0.0316  last_loss 0.0155  steps 1496  arch [128, 32, 32, 20]
  [grown_uncapped_dream] plastic rewiring: 50 steps, temp 1.00→0.10, final_loss 0.0537, hardened
  [grown_uncapped_dream] dendrite+axonal: grew 1 branches on cells [26]; K_distribution=[2, 1, 2, 4, 1, 1, 1, 1, 1, 3, 1, 2, 1, 1, 1, 2, 3, 1, 2, 4, 2, 2, 3, 2, 2, 2, 3, 2, 2, 2, 2, 1]; axonal_gain∈[0.630, 1.500]
  [grown_uncapped_dream] post-task DREAM: replay 0.2488→0.0652 on 2p; merges=0 purges=0 latched=0 → arch [128, 32, 32, 20] (116212→116212 params)
[grown_uncapped_dream] After pass 1 task 10: own=0.0000 (domain 0.0005, task 0.9925)  avg=0.5524 (domain 0.5860, task 0.9578)  arch=[128, 32, 32, 20] params=116212 (trainable 15732)  cum_grows=0 cum_denied=0 cum_purges=0 cum_latched=0

[grown_uncapped_dream] === Pass 1/1 Task 11/15: emnist_letters_0_1 (active [20, 21])  pre-arch=[128, 32, 32, 22] params=116294 (trainable 15814/∞) ===
  [grown_uncapped_dream] dendrite-first: grow_node suppressed (median B_per_node = 2 < sat_threshold=4)
  [grown_uncapped_dream] task 11/15 (emnist_letters_0_1) epoch 1/8  avg_loss 0.6026  last_loss 0.2112  steps 150  arch [128, 32, 32, 22]
  [grown_uncapped_dream] task 11/15 (emnist_letters_0_1) epoch 2/8  avg_loss 0.2379  last_loss 0.1839  steps 300  arch [128, 32, 32, 22]
  [grown_uncapped_dream] task 11/15 (emnist_letters_0_1) epoch 3/8  avg_loss 0.2143  last_loss 0.4968  steps 450  arch [128, 32, 32, 22]
  [grown_uncapped_dream] task 11/15 (emnist_letters_0_1) epoch 4/8  avg_loss 0.2044  last_loss 0.0626  steps 600  arch [128, 32, 32, 22]
  [grown_uncapped_dream] task 11/15 (emnist_letters_0_1) epoch 5/8  avg_loss 0.1955  last_loss 0.1097  steps 750  arch [128, 32, 32, 22]
  [grown_uncapped_dream] task 11/15 (emnist_letters_0_1) epoch 6/8  avg_loss 0.1888  last_loss 0.4661  steps 900  arch [128, 32, 32, 22]
  [grown_uncapped_dream] task 11/15 (emnist_letters_0_1) epoch 7/8  avg_loss 0.1797  last_loss 0.1153  steps 1050  arch [128, 32, 32, 22]
  [grown_uncapped_dream] task 11/15 (emnist_letters_0_1) epoch 8/8  avg_loss 0.1810  last_loss 0.1481  steps 1200  arch [128, 32, 32, 22]
  [grown_uncapped_dream] plastic rewiring: 50 steps, temp 1.00→0.10, final_loss 0.1719, hardened
  [grown_uncapped_dream] axonal: axonal_gain∈[0.608, 1.500] (no dendrite growth this task)
  [grown_uncapped_dream] post-task DREAM: replay 0.9908→0.1769 on 3p; merges=0 purges=0 latched=0 → arch [128, 32, 32, 22] (116294→116294 params)
[grown_uncapped_dream] After pass 1 task 11: own=0.0000 (domain 0.9431, task 0.9431)  avg=0.5764 (domain 0.6985, task 0.9620)  arch=[128, 32, 32, 22] params=116294 (trainable 15814)  cum_grows=0 cum_denied=0 cum_purges=0 cum_latched=0

[grown_uncapped_dream] === Pass 1/1 Task 12/15: emnist_letters_2_3 (active [22, 23])  pre-arch=[128, 32, 32, 24] params=116376 (trainable 15896/∞) ===
  [grown_uncapped_dream] dendrite-first: grow_node suppressed (median B_per_node = 2 < sat_threshold=4)
  [grown_uncapped_dream] task 12/15 (emnist_letters_2_3) epoch 1/8  avg_loss 0.9274  last_loss 0.8930  steps 150  arch [128, 32, 32, 24]
  [grown_uncapped_dream] task 12/15 (emnist_letters_2_3) epoch 2/8  avg_loss 0.2416  last_loss 0.0466  steps 300  arch [128, 32, 32, 24]
  [grown_uncapped_dream] task 12/15 (emnist_letters_2_3) epoch 3/8  avg_loss 0.2023  last_loss 0.1670  steps 450  arch [128, 32, 32, 24]
  [grown_uncapped_dream] task 12/15 (emnist_letters_2_3) epoch 4/8  avg_loss 0.1821  last_loss 0.3946  steps 600  arch [128, 32, 32, 24]
  [grown_uncapped_dream] task 12/15 (emnist_letters_2_3) epoch 5/8  avg_loss 0.1635  last_loss 0.0073  steps 750  arch [128, 32, 32, 24]
  [grown_uncapped_dream] task 12/15 (emnist_letters_2_3) epoch 6/8  avg_loss 0.1555  last_loss 0.0115  steps 900  arch [128, 32, 32, 24]
  [grown_uncapped_dream] task 12/15 (emnist_letters_2_3) epoch 7/8  avg_loss 0.1510  last_loss 0.2704  steps 1050  arch [128, 32, 32, 24]
  [grown_uncapped_dream] task 12/15 (emnist_letters_2_3) epoch 8/8  avg_loss 0.1418  last_loss 0.1966  steps 1200  arch [128, 32, 32, 24]
  [grown_uncapped_dream] plastic rewiring: 50 steps, temp 1.00→0.10, final_loss 0.1857, hardened
  [grown_uncapped_dream] dendrite+axonal: grew 3 branches on cells [29, 22, 3]; K_distribution=[2, 1, 2, 5, 1, 1, 1, 1, 1, 3, 1, 2, 1, 1, 1, 2, 3, 1, 2, 4, 2, 2, 4, 2, 2, 2, 3, 2, 2, 3, 2, 1]; axonal_gain∈[0.595, 1.500]
  [grown_uncapped_dream] post-task DREAM: replay 0.2209→0.0588 on 3p; merges=0 purges=0 latched=0 → arch [128, 32, 32, 24] (116376→116376 params)
[grown_uncapped_dream] After pass 1 task 12: own=0.0006 (domain 0.3681, task 0.9350)  avg=0.4339 (domain 0.5830, task 0.9086)  arch=[128, 32, 32, 24] params=116376 (trainable 15896)  cum_grows=0 cum_denied=0 cum_purges=0 cum_latched=0

[grown_uncapped_dream] === Pass 1/1 Task 13/15: emnist_letters_4_5 (active [24, 25])  pre-arch=[128, 32, 32, 26] params=116458 (trainable 15978/∞) ===
  [grown_uncapped_dream] dendrite-first: grow_node suppressed (median B_per_node = 2 < sat_threshold=4)
  [grown_uncapped_dream] task 13/15 (emnist_letters_4_5) epoch 1/8  avg_loss 1.0137  last_loss 0.2502  steps 150  arch [128, 32, 32, 26]
  [grown_uncapped_dream] task 13/15 (emnist_letters_4_5) epoch 2/8  avg_loss 0.3063  last_loss 0.1356  steps 300  arch [128, 32, 32, 26]
  [grown_uncapped_dream] task 13/15 (emnist_letters_4_5) epoch 3/8  avg_loss 0.2727  last_loss 0.3539  steps 450  arch [128, 32, 32, 26]
  [grown_uncapped_dream] task 13/15 (emnist_letters_4_5) epoch 4/8  avg_loss 0.2404  last_loss 0.1698  steps 600  arch [128, 32, 32, 26]
  [grown_uncapped_dream] task 13/15 (emnist_letters_4_5) epoch 5/8  avg_loss 0.2219  last_loss 0.0862  steps 750  arch [128, 32, 32, 26]
  [grown_uncapped_dream] task 13/15 (emnist_letters_4_5) epoch 6/8  avg_loss 0.2016  last_loss 0.2376  steps 900  arch [128, 32, 32, 26]
  [grown_uncapped_dream] task 13/15 (emnist_letters_4_5) epoch 7/8  avg_loss 0.1914  last_loss 0.0509  steps 1050  arch [128, 32, 32, 26]
  [grown_uncapped_dream] task 13/15 (emnist_letters_4_5) epoch 8/8  avg_loss 0.1813  last_loss 0.0926  steps 1200  arch [128, 32, 32, 26]
  [grown_uncapped_dream] plastic rewiring: 50 steps, temp 1.00→0.10, final_loss 4.5744, hardened
  [grown_uncapped_dream] dendrite+axonal: grew 2 branches on cells [8, 17]; K_distribution=[2, 1, 2, 5, 1, 1, 1, 1, 2, 3, 1, 2, 1, 1, 1, 2, 3, 2, 2, 4, 2, 2, 4, 2, 2, 2, 3, 2, 2, 3, 2, 1]; axonal_gain∈[0.573, 1.500]
  [grown_uncapped_dream] post-task DREAM: replay 1.9105→0.2370 on 3p; merges=0 purges=0 latched=0 → arch [128, 32, 32, 26] (116458→116458 params)
[grown_uncapped_dream] After pass 1 task 13: own=0.0100 (domain 0.5056, task 0.9219)  avg=0.3719 (domain 0.5253, task 0.8786)  arch=[128, 32, 32, 26] params=116458 (trainable 15978)  cum_grows=0 cum_denied=0 cum_purges=0 cum_latched=0

[grown_uncapped_dream] === Pass 1/1 Task 14/15: emnist_letters_6_7 (active [26, 27])  pre-arch=[128, 32, 32, 28] params=116540 (trainable 16060/∞) ===
  [grown_uncapped_dream] dendrite-first: grow_node suppressed (median B_per_node = 2 < sat_threshold=4)
  [grown_uncapped_dream] task 14/15 (emnist_letters_6_7) epoch 1/8  avg_loss 0.5435  last_loss 0.0691  steps 150  arch [128, 32, 32, 28]
  [grown_uncapped_dream] task 14/15 (emnist_letters_6_7) epoch 2/8  avg_loss 0.2609  last_loss 0.1743  steps 300  arch [128, 32, 32, 28]
  [grown_uncapped_dream] task 14/15 (emnist_letters_6_7) epoch 3/8  avg_loss 0.2282  last_loss 0.0888  steps 450  arch [128, 32, 32, 28]
  [grown_uncapped_dream] task 14/15 (emnist_letters_6_7) epoch 4/8  avg_loss 0.2004  last_loss 0.1313  steps 600  arch [128, 32, 32, 28]
  [grown_uncapped_dream] task 14/15 (emnist_letters_6_7) epoch 5/8  avg_loss 0.1944  last_loss 0.2584  steps 750  arch [128, 32, 32, 28]
  [grown_uncapped_dream] task 14/15 (emnist_letters_6_7) epoch 6/8  avg_loss 0.1819  last_loss 0.1484  steps 900  arch [128, 32, 32, 28]
  [grown_uncapped_dream] task 14/15 (emnist_letters_6_7) epoch 7/8  avg_loss 0.1774  last_loss 0.2424  steps 1050  arch [128, 32, 32, 28]
  [grown_uncapped_dream] task 14/15 (emnist_letters_6_7) epoch 8/8  avg_loss 0.1736  last_loss 0.2720  steps 1200  arch [128, 32, 32, 28]
  [grown_uncapped_dream] plastic rewiring: 50 steps, temp 1.00→0.10, final_loss 0.1860, hardened
  [grown_uncapped_dream] dendrite+axonal: grew 3 branches on cells [8, 17, 14]; K_distribution=[2, 1, 2, 5, 1, 1, 1, 1, 3, 3, 1, 2, 1, 1, 2, 2, 3, 3, 2, 4, 2, 2, 4, 2, 2, 2, 3, 2, 2, 3, 2, 1]; axonal_gain∈[0.559, 1.500]
  [grown_uncapped_dream] post-task DREAM: replay 0.5515→0.3867 on 4p; merges=0 purges=0 latched=0 → arch [128, 32, 32, 28] (116540→116540 params)
[grown_uncapped_dream] After pass 1 task 14: own=0.0000 (domain 0.0031, task 0.9438)  avg=0.4347 (domain 0.5218, task 0.9199)  arch=[128, 32, 32, 28] params=116540 (trainable 16060)  cum_grows=0 cum_denied=0 cum_purges=0 cum_latched=0

[grown_uncapped_dream] === Pass 1/1 Task 15/15: emnist_letters_8_9 (active [28, 29])  pre-arch=[128, 32, 32, 30] params=116622 (trainable 16142/∞) ===
  [grown_uncapped_dream] dendrite-first: grow_node suppressed (median B_per_node = 2 < sat_threshold=4)
  [grown_uncapped_dream] task 15/15 (emnist_letters_8_9) epoch 1/8  avg_loss 1.0423  last_loss 0.4592  steps 150  arch [128, 32, 32, 30]
  [grown_uncapped_dream] task 15/15 (emnist_letters_8_9) epoch 2/8  avg_loss 0.3693  last_loss 0.3447  steps 300  arch [128, 32, 32, 30]
  [grown_uncapped_dream] task 15/15 (emnist_letters_8_9) epoch 3/8  avg_loss 0.3140  last_loss 0.6335  steps 450  arch [128, 32, 32, 30]
  [grown_uncapped_dream] task 15/15 (emnist_letters_8_9) epoch 4/8  avg_loss 0.2878  last_loss 0.4222  steps 600  arch [128, 32, 32, 30]
  [grown_uncapped_dream] task 15/15 (emnist_letters_8_9) epoch 5/8  avg_loss 0.2699  last_loss 0.3953  steps 750  arch [128, 32, 32, 30]
  [grown_uncapped_dream] task 15/15 (emnist_letters_8_9) epoch 6/8  avg_loss 0.2546  last_loss 0.1281  steps 900  arch [128, 32, 32, 30]
  [grown_uncapped_dream] task 15/15 (emnist_letters_8_9) epoch 7/8  avg_loss 0.2490  last_loss 0.1497  steps 1050  arch [128, 32, 32, 30]
  [grown_uncapped_dream] task 15/15 (emnist_letters_8_9) epoch 8/8  avg_loss 0.2471  last_loss 0.4832  steps 1200  arch [128, 32, 32, 30]
  [grown_uncapped_dream] plastic rewiring: 50 steps, temp 1.00→0.10, final_loss 3.3269, hardened
  [grown_uncapped_dream] dendrite+axonal: grew 3 branches on cells [2, 13, 14]; K_distribution=[2, 1, 3, 5, 1, 1, 1, 1, 3, 3, 1, 2, 1, 2, 3, 2, 3, 3, 2, 4, 2, 2, 4, 2, 2, 2, 3, 2, 2, 3, 2, 1]; axonal_gain∈[0.542, 1.500]
  [grown_uncapped_dream] post-task DREAM: replay 1.2638→0.2234 on 4p; merges=0 purges=0 latched=0 → arch [128, 32, 32, 30] (116622→116622 params)
[grown_uncapped_dream] After pass 1 task 15: own=0.0006 (domain 0.1875, task 0.8731)  avg=0.4131 (domain 0.5203, task 0.9113)  arch=[128, 32, 32, 30] params=116622 (trainable 16142)  cum_grows=0 cum_denied=0 cum_purges=0 cum_latched=0

[grown_uncapped_dream] <<< PASS 1/1 done — full=0.4131  domain=0.5203  task=0.9113

==============================================================================
bench_chained_15task — Final Report
==============================================================================

[grown_uncapped_dream]
  arch:               (128, 32, 32, 2) → (128, 32, 32, 30)
  params total:       107282 → 116622
  params trainable:   6802 → 16142  (cap-relevant)
  cap_bytes:          2_147_483_648  (= 536_870_912 trainable params)
  cum grows allowed:  0
  cum grows denied:   0
  cum dream purges:   0
  cum dream latched:  0
  final acc full:     0.4131  (30-class full-softmax — headline)
  final acc domain:   0.5203  (10-class restricted to dataset group — realistic deployment)
  final acc task:     0.9113  (2-class restricted to binary task — generous diagnostic)
  avg forgetting:     full -0.3483  domain -0.2204  task 0.0397
  wall-clock:         335.4s
  per-phase (full / domain / task):
     phase1_mnist         0.5774  /  0.6289  /  0.9302
     phase2_fashion       0.5218  /  0.5421  /  0.9103
     phase3_emnist        0.1400  /  0.3897  /  0.8934

Headline (full / domain / task across arms):
  grown_uncapped_dream          full 0.4131  domain 0.5203  task 0.9113  (full-forget -0.3483)


==============================================================================
bench_chained_15task — Multi-seed Report (n=3 seeds)
==============================================================================
Seeds: [0, 1, 2]

[grown_uncapped_dream]  (3 seeds)
  final acc full   : 0.4339 ± 0.0584  (n=3)
  final acc domain : 0.5296 ± 0.0572  (n=3)
  final acc task   : 0.9184 ± 0.0140  (n=3)
  forgetting full   : -0.3592 ± 0.0611
  forgetting domain : -0.2653 ± 0.0639
  forgetting task   : -0.0015 ± 0.0461
  per-phase full:
     phase1_mnist           0.5624 ± 0.1088
     phase2_fashion         0.5474 ± 0.0510
     phase3_emnist          0.1918 ± 0.0467
  per-phase domain:
     phase1_mnist           0.6524 ± 0.0865
     phase2_fashion         0.5759 ± 0.0418
     phase3_emnist          0.3605 ± 0.0616
  per-phase task:
     phase1_mnist           0.9353 ± 0.0178
     phase2_fashion         0.9384 ± 0.0259
     phase3_emnist          0.8814 ± 0.0156
  cum grows allowed : 0.00 ± 0.00
  cum grows denied  : 0.00 ± 0.00
  cum dream purges  : 0.00 ± 0.00
  final trainable    : 16142 ± 0

Headline (mean ± std across seeds):
  arm                           full                domain              task              
  grown_uncapped_dream          0.4339±0.0584       0.5296±0.0572       0.9184±0.0140     

Paired σ-differences (arm_a − arm_b across seeds):
  comparison                                        metric        mean Δ      std Δ       σ    n

  log: /home/marcrockhat/trioron-project/outputs/bench_chained_15task_n3_MANIFOLD_REPLAY_all_axes_plastic_multiseed.csv
