bench_2_0_cifar_continual: arms=['h'] seeds=1 epochs=4 tasks=3x10 batch=256 lr=0.01 smoke=True spawn(cap=16,cool=50,trig=frustrated) chan_split=True(sigma=0.1,thr=0.5)
loading CIFAR-100 + building tasks (one-time)...
  built 3 tasks; first task class range 0..9, train=5000

=== arm h: v2.0 + channel-tied conv + spawn  seed=0 ===
  [phase 1/3: cifar_000_009] L1.H=128 frozen=0
    epoch 1/4: loss=2.015 acc=0.000 L1=128 spawns=0
    epoch 2/4: loss=2.035 acc=0.004 L1=129 spawns=1
    epoch 3/4: loss=2.008 acc=0.008 L1=129 spawns=1
    epoch 4/4: loss=2.249 acc=0.016 L1=130 spawns=2
    [channel] N_C=9 splits_this_phase=1
    full(this)=0.011 task(this)=0.210 spawns=2
    [credit] +48 new; total frozen = 48/130
    [head-settle] best_trial=0 score=0.582
    [post-settle] full(this)=0.215 task(this)=0.278
  [phase 2/3: cifar_010_019] L1.H=130 frozen=48
    epoch 1/4: loss=6.212 acc=0.105 L1=130 spawns=0
    epoch 2/4: loss=7.227 acc=0.121 L1=131 spawns=1
    epoch 3/4: loss=6.732 acc=0.195 L1=131 spawns=1
    epoch 4/4: loss=6.822 acc=0.191 L1=132 spawns=2
    [channel] N_C=10 splits_this_phase=1
    full(this)=0.192 task(this)=0.192 spawns=2
    [credit] +1 new; total frozen = 49/132
    [head-settle] best_trial=0 score=0.109
    [post-settle] full(this)=0.036 task(this)=0.167
  [phase 3/3: cifar_020_029] L1.H=132 frozen=49
    epoch 1/4: loss=8.349 acc=0.066 L1=132 spawns=0
    epoch 2/4: loss=8.553 acc=0.152 L1=133 spawns=1
    epoch 3/4: loss=8.329 acc=0.137 L1=133 spawns=1
    epoch 4/4: loss=8.263 acc=0.145 L1=134 spawns=2
    [channel] N_C=11 splits_this_phase=1
    full(this)=0.163 task(this)=0.163 spawns=2
    [credit] +1 new; total frozen = 50/134
    [head-settle] best_trial=2 score=0.117
    [post-settle] full(this)=0.046 task(this)=0.179
[seed 0 arm h v2.0 + channel-tied conv + spawn] full=0.0153 task=0.1533 L1=134 spawns=6 splits=3 N_C=11 t=37s

=== aggregate (mean ± std across seeds) ===
  arm h v2.0 + channel-tied conv + spawn  full=0.0153 ± 0.0000  task=0.1533 ± 0.0000  L1=134.0  spawns=6.0

wrote /home/marcrockhat/trioron-project/outputs/bench_2_0_cifar_continual.csv
