bench_2_0_cifar_continual: arms=['h'] seeds=1 epochs=4 tasks=3x10 batch=256 lr=0.01 smoke=True spawn(cap=16,cool=50,trig=frustrated) chan_split=True(sigma=0.5,thr=0.5)
loading CIFAR-100 + building tasks (one-time)...
  built 3 tasks; first task class range 0..9, train=5000

=== arm h: v2.0 + channel-tied conv + spawn  seed=0 ===
  [phase 1/3: cifar_000_009] L1.H=128 frozen=0
    epoch 1/4: loss=2.015 acc=0.000 L1=128 spawns=0
    epoch 2/4: loss=2.196 acc=0.000 L1=129 spawns=1
    epoch 3/4: loss=1.918 acc=0.008 L1=129 spawns=1
    epoch 4/4: loss=2.286 acc=0.000 L1=130 spawns=2
    [channel] N_C=9 splits_this_phase=1
    full(this)=0.000 task(this)=0.176 spawns=2
    [credit] +56 new; total frozen = 56/130
    [head-settle] best_trial=3 score=0.480
    [post-settle] full(this)=0.082 task(this)=0.232
  [phase 2/3: cifar_010_019] L1.H=130 frozen=56
    epoch 1/4: loss=6.443 acc=0.047 L1=130 spawns=0
    epoch 2/4: loss=7.543 acc=0.121 L1=131 spawns=1
    epoch 3/4: loss=6.808 acc=0.164 L1=131 spawns=1
    epoch 4/4: loss=6.911 acc=0.129 L1=132 spawns=2
    [channel] N_C=10 splits_this_phase=1
    full(this)=0.178 task(this)=0.178 spawns=2
    [credit] +1 new; total frozen = 57/132
    [head-settle] best_trial=0 score=0.090
    [post-settle] full(this)=0.000 task(this)=0.141
  [phase 3/3: cifar_020_029] L1.H=132 frozen=57
    epoch 1/4: loss=8.360 acc=0.066 L1=132 spawns=0
    epoch 2/4: loss=8.599 acc=0.176 L1=133 spawns=1
    epoch 3/4: loss=8.300 acc=0.227 L1=133 spawns=1
    epoch 4/4: loss=8.321 acc=0.137 L1=134 spawns=2
    [channel] N_C=11 splits_this_phase=1
    full(this)=0.179 task(this)=0.179 spawns=2
    [credit] +1 new; total frozen = 58/134
    [head-settle] best_trial=2 score=0.129
    [post-settle] full(this)=0.002 task(this)=0.181
[seed 0 arm h v2.0 + channel-tied conv + spawn] full=0.0007 task=0.1557 L1=134 spawns=6 splits=3 N_C=11 t=32s

=== aggregate (mean ± std across seeds) ===
  arm h v2.0 + channel-tied conv + spawn  full=0.0007 ± 0.0000  task=0.1557 ± 0.0000  L1=134.0  spawns=6.0

wrote /home/marcrockhat/trioron-project/outputs/bench_2_0_cifar_continual.csv
