CIFAR EYE NEST (s051) fix=1 seed=0 frac=1.0 window=1000 jitter=0 hidden=48 pseudo=300/class epochs=8 cap=128 tasks=20 rectify=False
  [genesis g0] starved=0 merged=0->0  receptors->336
  [genesis g1] starved=0 merged=0->0  receptors->76
[genesis] 1 fixation organs, 2 phasecyte leaves  t=7s
  [task  1/20 coarse 0] classes(leaf0)=3 spawned=0 t=11s
  [task  2/20 coarse 1] classes(leaf0)=20 spawned=0 t=22s
  [task  3/20 coarse 2] classes(leaf0)=111 spawned=0 t=42s
  [task  4/20 coarse 3] classes(leaf0)=128 spawned=0 t=75s
  [task  5/20 coarse 4] classes(leaf0)=128 spawned=0 t=141s
  [task  6/20 coarse 5] classes(leaf0)=128 spawned=0 t=269s
  [task  7/20 coarse 6] classes(leaf0)=128 spawned=0 t=449s
  [task  8/20 coarse 7] classes(leaf0)=128 spawned=0 t=694s
  [task  9/20 coarse 8] classes(leaf0)=128 spawned=0 t=812s
  [task 10/20 coarse 9] classes(leaf0)=128 spawned=0 t=947s
  [task 11/20 coarse 10] classes(leaf0)=128 spawned=0 t=1116s
  [task 12/20 coarse 11] classes(leaf0)=128 spawned=0 t=1272s
  [task 13/20 coarse 12] classes(leaf0)=128 spawned=0 t=1433s
  [task 14/20 coarse 13] classes(leaf0)=128 spawned=0 t=1592s
  [task 15/20 coarse 14] classes(leaf0)=128 spawned=0 t=1754s
  [task 16/20 coarse 15] classes(leaf0)=128 spawned=0 t=1917s
  [task 17/20 coarse 16] classes(leaf0)=128 spawned=0 t=2066s
  [task 18/20 coarse 17] classes(leaf0)=128 spawned=0 t=2265s
  [task 19/20 coarse 18] classes(leaf0)=128 spawned=0 t=2475s
  [task 20/20 coarse 19] classes(leaf0)=128 spawned=0 t=2643s
[dream] 1 trioron leaves  t=2643s
    [dream f0 skipped=0] ep0 loss=4.357 (30000 pseudo)
    [dream f0 skipped=0] ep7 loss=3.071 (30000 pseudo)
[eval] test=10000  t=2957s
  fixation 0 centre=(16, 16) width=412 params=25136: full=0.0479 task=0.2968
  phasecyte leaf0 (P) alone: full=0.0249 classes=128

[seed 0 fix=1] SINGLE full=0.0479 task=0.2968 params=25136  bar (0.309, 0.606)  elapsed=2979s
