CIFAR EYE NEST (s051) fix=0 seed=0 frac=1.0 window=1000 jitter=0 hidden=48 pseudo=300/class epochs=8 cap=128 tasks=20 rectify=False
/home/marcrockhat/trioron-project/trioron/core/scheduler.py:157: UserWarning: Sparse invariant checks are implicitly disabled. Memory errors (e.g. SEGFAULT) will occur when operating on a sparse tensor which violates the invariants, but checks incur performance overhead. To silence this warning, explicitly opt in or out. See `torch.sparse.check_sparse_tensor_invariants.__doc__` for guidance.  (Triggered internally at /pytorch/aten/src/ATen/Context.cpp:760.)
  pool_mat = torch.sparse_coo_tensor(
  [genesis g0] starved=0 merged=199->32  receptors->857
[genesis] 1 fixation organs, 1 phasecyte leaves  t=9s
  [task  1/20 coarse 0] classes(leaf0)=1 spawned=0 t=12s
  [task  2/20 coarse 1] classes(leaf0)=1 spawned=0 t=16s
  [task  3/20 coarse 2] classes(leaf0)=2 spawned=0 t=19s
  [task  4/20 coarse 3] classes(leaf0)=2 spawned=0 t=23s
  [task  5/20 coarse 4] classes(leaf0)=2 spawned=0 t=26s
  [task  6/20 coarse 5] classes(leaf0)=2 spawned=0 t=29s
  [task  7/20 coarse 6] classes(leaf0)=2 spawned=0 t=34s
  [task  8/20 coarse 7] classes(leaf0)=9 spawned=0 t=39s
  [task  9/20 coarse 8] classes(leaf0)=47 spawned=0 t=58s
  [task 10/20 coarse 9] classes(leaf0)=103 spawned=0 t=93s
  [task 11/20 coarse 10] classes(leaf0)=104 spawned=0 t=148s
  [task 12/20 coarse 11] classes(leaf0)=122 spawned=1314 t=4062s
  [task 13/20 coarse 12] classes(leaf0)=128 spawned=0 t=4281s
  [task 14/20 coarse 13] classes(leaf0)=104 spawned=963 t=5639s
  [task 15/20 coarse 14] classes(leaf0)=128 spawned=9 t=5758s
  [task 16/20 coarse 15] classes(leaf0)=126 spawned=869 t=7898s
  [task 17/20 coarse 16] classes(leaf0)=125 spawned=14 t=8147s
  [task 18/20 coarse 17] classes(leaf0)=128 spawned=14 t=8175s
  [task 19/20 coarse 18] classes(leaf0)=128 spawned=9 t=8241s
  [task 20/20 coarse 19] classes(leaf0)=128 spawned=14 t=8311s
[dream] 1 trioron leaves  t=8311s
    [dream f0 skipped=0] ep0 loss=3.840 (30000 pseudo)
    [dream f0 skipped=0] ep7 loss=2.708 (30000 pseudo)
[eval] test=10000  t=8572s
  fixation 0 centre=flat width=871 params=47627: full=0.0283 task=0.2602
  phasecyte leaf0 (Y) alone: full=0.0290 classes=128

[seed 0 fix=0] SINGLE full=0.0283 task=0.2602 params=47627  bar (0.309, 0.606)  elapsed=8591s
