CIFAR CONTINUAL s054: stream split tasks 10; seeds [0, 1, 2]; epochs 8; replay_total 256; full_rank 32; readers ['mono']; arms ['none', 'replay', 'replay-full', 'full+credit-soft']
grouping on CIFAR (train): objects/img 1.15, field-flag 0.21, touches 0.69, fill-frac 0.73
metrics on the 10K test set at stream end: full = 100-way argmax (chance .01); task = argmax within the sample's own 10-class task (chance .10); forget = mean(full acc on task t right after it - at end); t1_end = T1 full acc at end
      [mono none s0] after T1 0-9: acc 0.572 T1 now 0.572 [66s]
      [mono none s0] after T5 40-49: acc 0.633 T1 now 0.000 [287s]
      [mono none s0] after T10 90-99: acc 0.639 T1 now 0.000 [554s]
      [mono none s1] after T1 0-9: acc 0.568 T1 now 0.568 [693s]
      [mono none s1] after T5 40-49: acc 0.627 T1 now 0.000 [916s]
      [mono none s1] after T10 90-99: acc 0.673 T1 now 0.000 [1213s]
      [mono none s2] after T1 0-9: acc 0.571 T1 now 0.571 [1345s]
      [mono none s2] after T5 40-49: acc 0.622 T1 now 0.000 [1559s]
      [mono none s2] after T10 90-99: acc 0.663 T1 now 0.000 [1816s]
     mono             none | full 0.066±0.002 | task 0.181±0.007 | forget 0.534±0.003 | acq 0.600±0.003 | t1_end 0.000±0.000 | locked 0.000±0.000 | params 32223   [1882s]
      [mono replay s0] after T1 0-9: acc 0.572 T1 now 0.572 [1944s]
      [mono replay s0] after T5 40-49: acc 0.521 T1 now 0.114 [2364s]
      [mono replay s0] after T10 90-99: acc 0.542 T1 now 0.075 [2910s]
      [mono replay s1] after T1 0-9: acc 0.568 T1 now 0.568 [3043s]
      [mono replay s1] after T5 40-49: acc 0.493 T1 now 0.120 [3445s]
      [mono replay s1] after T10 90-99: acc 0.575 T1 now 0.057 [3951s]
      [mono replay s2] after T1 0-9: acc 0.571 T1 now 0.571 [4075s]
      [mono replay s2] after T5 40-49: acc 0.492 T1 now 0.121 [4467s]
      [mono replay s2] after T10 90-99: acc 0.548 T1 now 0.076 [4926s]
     mono           replay | full 0.112±0.003 | task 0.429±0.008 | forget 0.407±0.004 | acq 0.519±0.003 | t1_end 0.069±0.011 | locked 0.000±0.000 | params 32223   [4980s]
      [mono replay-full s0] after T1 0-9: acc 0.572 T1 now 0.572 [5054s]
      [mono replay-full s0] after T5 40-49: acc 0.444 T1 now 0.320 [5504s]
      [mono replay-full s0] after T10 90-99: acc 0.533 T1 now 0.189 [5986s]
      [mono replay-full s1] after T1 0-9: acc 0.568 T1 now 0.568 [6100s]
      [mono replay-full s1] after T5 40-49: acc 0.398 T1 now 0.322 [6508s]
      [mono replay-full s1] after T10 90-99: acc 0.548 T1 now 0.196 [6948s]
      [mono replay-full s2] after T1 0-9: acc 0.571 T1 now 0.571 [7060s]
      [mono replay-full s2] after T5 40-49: acc 0.422 T1 now 0.323 [7405s]
      [mono replay-full s2] after T10 90-99: acc 0.529 T1 now 0.191 [7920s]
     mono      replay-full | full 0.204±0.006 | task 0.567±0.001 | forget 0.271±0.004 | acq 0.475±0.004 | t1_end 0.192±0.004 | locked 0.000±0.000 | params 32223   [7979s]
      [mono full+credit-soft s0] after T1 0-9: acc 0.572 T1 now 0.572 [8029s]
      [mono full+credit-soft s0] after T5 40-49: acc 0.483 T1 now 0.273 [8559s]
      [mono full+credit-soft s0] after T10 90-99: acc 0.241 T1 now 0.191 [9153s]
      [mono full+credit-soft s1] after T1 0-9: acc 0.568 T1 now 0.568 [9274s]
      [mono full+credit-soft s1] after T5 40-49: acc 0.464 T1 now 0.289 [9643s]
      [mono full+credit-soft s1] after T10 90-99: acc 0.286 T1 now 0.215 [10113s]
      [mono full+credit-soft s2] after T1 0-9: acc 0.571 T1 now 0.571 [10221s]
      [mono full+credit-soft s2] after T5 40-49: acc 0.468 T1 now 0.286 [10586s]
      [mono full+credit-soft s2] after T10 90-99: acc 0.296 T1 now 0.218 [11133s]
     mono full+credit-soft | full 0.160±0.009 | task 0.480±0.005 | forget 0.259±0.006 | acq 0.419±0.002 | t1_end 0.208±0.015 | locked 18.000±0.000 | params 32223   [11188s]
