CIFAR CONTINUAL s054: stream split tasks 10; seeds [0, 1, 2]; epochs 8; replay_total 256; full_rank 32; readers ['mono-ds']; arms ['none', 'replay', 'replay-full', 'full+credit-soft']
grouping on CIFAR (train): objects/img 1.15, field-flag 0.21, touches 0.69, fill-frac 0.73
metrics on the 10K test set at stream end: full = 100-way argmax (chance .01); task = argmax within the sample's own 10-class task (chance .10); forget = mean(full acc on task t right after it - at end); t1_end = T1 full acc at end
      [mono-ds none s0] after T1 0-9: acc 0.625 T1 now 0.625 [147s]
      [mono-ds none s0] after T5 40-49: acc 0.670 T1 now 0.000 [712s]
      [mono-ds none s0] after T10 90-99: acc 0.719 T1 now 0.000 [1391s]
      [mono-ds none s1] after T1 0-9: acc 0.618 T1 now 0.618 [1694s]
      [mono-ds none s1] after T5 40-49: acc 0.687 T1 now 0.000 [2207s]
      [mono-ds none s1] after T10 90-99: acc 0.662 T1 now 0.000 [2854s]
      [mono-ds none s2] after T1 0-9: acc 0.606 T1 now 0.606 [3162s]
      [mono-ds none s2] after T5 40-49: acc 0.657 T1 now 0.000 [3624s]
      [mono-ds none s2] after T10 90-99: acc 0.704 T1 now 0.000 [4195s]
  mono-ds             none | full 0.070±0.003 | task 0.183±0.008 | forget 0.575±0.006 | acq 0.644±0.004 | t1_end 0.000±0.000 | locked 0.000±0.000 | params 72864   [4349s]
      [mono-ds replay s0] after T1 0-9: acc 0.625 T1 now 0.625 [4490s]
      [mono-ds replay s0] after T5 40-49: acc 0.548 T1 now 0.164 [5433s]
      [mono-ds replay s0] after T10 90-99: acc 0.568 T1 now 0.073 [6470s]
      [mono-ds replay s1] after T1 0-9: acc 0.618 T1 now 0.618 [6741s]
      [mono-ds replay s1] after T5 40-49: acc 0.593 T1 now 0.125 [7554s]
      [mono-ds replay s1] after T10 90-99: acc 0.575 T1 now 0.092 [8796s]
      [mono-ds replay s2] after T1 0-9: acc 0.606 T1 now 0.606 [9091s]
      [mono-ds replay s2] after T5 40-49: acc 0.574 T1 now 0.125 [9897s]
      [mono-ds replay s2] after T10 90-99: acc 0.578 T1 now 0.069 [10950s]
  mono-ds           replay | full 0.116±0.003 | task 0.444±0.009 | forget 0.444±0.003 | acq 0.560±0.000 | t1_end 0.078±0.012 | locked 0.000±0.000 | params 72864   [11101s]
      [mono-ds replay-full s0] after T1 0-9: acc 0.625 T1 now 0.625 [11234s]
      [mono-ds replay-full s0] after T5 40-49: acc 0.546 T1 now 0.378 [12165s]
      [mono-ds replay-full s0] after T10 90-99: acc 0.538 T1 now 0.255 [13269s]
      [mono-ds replay-full s1] after T1 0-9: acc 0.618 T1 now 0.618 [13492s]
      [mono-ds replay-full s1] after T5 40-49: acc 0.530 T1 now 0.380 [14111s]
      [mono-ds replay-full s1] after T10 90-99: acc 0.557 T1 now 0.245 [14955s]
      [mono-ds replay-full s2] after T1 0-9: acc 0.606 T1 now 0.606 [15175s]
      [mono-ds replay-full s2] after T5 40-49: acc 0.540 T1 now 0.374 [15792s]
      [mono-ds replay-full s2] after T10 90-99: acc 0.518 T1 now 0.251 [16656s]
  mono-ds      replay-full | full 0.238±0.003 | task 0.608±0.000 | forget 0.287±0.005 | acq 0.526±0.004 | t1_end 0.250±0.005 | locked 0.000±0.000 | params 72864   [16821s]
      [mono-ds full+credit-soft s0] after T1 0-9: acc 0.625 T1 now 0.625 [16928s]
      [mono-ds full+credit-soft s0] after T5 40-49: acc 0.453 T1 now 0.370 [17920s]
      [mono-ds full+credit-soft s0] after T10 90-99: acc 0.228 T1 now 0.282 [19114s]
