# language joint  N=20000 dtrain=0 ep=20 seeds=[0]
    [tied seed0] stage 1: acc 0.640 stalled=True
    [tied seed0] stage 2: acc 0.832 stalled=True
    [tied seed0] stage 3: acc 0.878 stalled=True
    [tied seed0] stage 4: acc 0.905 stalled=True
/home/marcrockhat/trioron-project/experiments/progenitor/language_chain.py:123: UserWarning: std(): degrees of freedom is <= 0. Correction should be strictly less than the reduction factor (input numel divided by output numel). (Triggered internally at /pytorch/aten/src/ATen/native/ReduceOps.cpp:1858.)
  print(f"{arm:12} indist {f('indist').mean():.3f}±{f('indist').std():.3f}  "
/home/marcrockhat/trioron-project/experiments/progenitor/language_chain.py:124: UserWarning: std(): degrees of freedom is <= 0. Correction should be strictly less than the reduction factor (input numel divided by output numel). (Triggered internally at /pytorch/aten/src/ATen/native/ReduceOps.cpp:1858.)
  f"comp {f('comp').mean():.3f}±{f('comp').std():.3f}  "
/home/marcrockhat/trioron-project/experiments/progenitor/language_chain.py:125: UserWarning: std(): degrees of freedom is <= 0. Correction should be strictly less than the reduction factor (input numel divided by output numel). (Triggered internally at /pytorch/aten/src/ATen/native/ReduceOps.cpp:1858.)
  f"depth+1 {f('depth').mean():.3f}±{f('depth').std():.3f}  "
tied         indist 0.905±nan  comp 0.879±nan  depth+1 0.609±nan  links [4]  3881s
    [grown_joint seed0] stage 1: acc 0.640 stalled=True
    [grown_joint seed0] stage 2: acc 0.837 stalled=True
    [grown_joint seed0] stage 3: acc 0.857 stalled=True
    [grown_joint seed0] stage 4: acc 0.892 stalled=True
grown_joint  indist 0.892±nan  comp 0.877±nan  depth+1 0.606±nan  links [4]  3929s
    [gru seed0] stage 1: acc 0.885 stalled=True
gru          indist 0.885±nan  comp 0.837±nan  depth+1 0.528±nan  links [1]  199s
    [mlp3 seed0] stage 1: acc 0.900 stalled=True
mlp3         indist 0.900±nan  comp 0.855±nan  depth+1 0.622±nan  links [1]  67s
    [bow seed0] stage 1: acc 0.586 stalled=True
bow          indist 0.586±nan  comp 0.603±nan  depth+1 0.540±nan  links [1]  3s
