# language PURE link0=phasecyte N=20000 dtrain=1 ep=20 L_MAX=10 MAX_OBJ=2 seeds=[0]
  [genesis g0] starved=0 merged=0->0  receptors->32
  [link0] internal classes 24, named 21/24 words
  [link0 phasecyte] evidence built 58s
    [tied seed0]    stage 1 depth 1: acc 0.840 loss 0.221 stalled=True
    [tied seed0]    stage 2 depth 2: acc 0.863 loss 0.117 stalled=True
    [tied seed0]    stage 3 depth 3: acc 0.870 loss 0.076 stalled=True
    [tied seed0]    stage 4 depth 4: acc 0.878 loss 0.058 stalled=True
/home/marcrockhat/trioron-project/experiments/progenitor/language_pure.py:111: UserWarning: std(): degrees of freedom is <= 0. Correction should be strictly less than the reduction factor (input numel divided by output numel). (Triggered internally at /pytorch/aten/src/ATen/native/ReduceOps.cpp:1858.)
  print(f"{arm:12s} indist {f('indist').mean():.3f}±{f('indist').std():.3f}  "
/home/marcrockhat/trioron-project/experiments/progenitor/language_pure.py:112: UserWarning: std(): degrees of freedom is <= 0. Correction should be strictly less than the reduction factor (input numel divided by output numel). (Triggered internally at /pytorch/aten/src/ATen/native/ReduceOps.cpp:1858.)
  f"comp {f('comp').mean():.3f}±{f('comp').std():.3f}  "
/home/marcrockhat/trioron-project/experiments/progenitor/language_pure.py:113: UserWarning: std(): degrees of freedom is <= 0. Correction should be strictly less than the reduction factor (input numel divided by output numel). (Triggered internally at /pytorch/aten/src/ATen/native/ReduceOps.cpp:1858.)
  f"depth+1 {f('depth').mean():.3f}±{f('depth').std():.3f}  "
tied         indist 0.878±nan  comp 0.785±nan  depth+1 0.475±nan  links [4]  params [20714]  7253s
  [genesis g0] starved=0 merged=0->0  receptors->32
  [link0] internal classes 24, named 21/24 words
  [link0 phasecyte] evidence built 43s
    [grown seed0]    stage 1 depth 1: acc 0.840 loss 0.221 stalled=True
    [grown seed0]    stage 2 depth 2: acc 0.848 loss 0.165 stalled=True
    [grown seed0]    stage 3 depth 3: acc 0.851 loss 0.120 stalled=True
    [grown seed0]    stage 4 depth 4: acc 0.854 loss 0.230 stalled=True
grown        indist 0.854±nan  comp 0.775±nan  depth+1 0.508±nan  links [4]  params [80948]  5288s
