# language joint  N=20000 dtrain=1 ep=20 seeds=[2]
    [bow seed2] stage 1: acc 0.703 stalled=True
/home/marcrockhat/trioron-project/experiments/progenitor/language_chain.py:123: UserWarning: std(): degrees of freedom is <= 0. Correction should be strictly less than the reduction factor (input numel divided by output numel). (Triggered internally at /pytorch/aten/src/ATen/native/ReduceOps.cpp:1858.)
  print(f"{arm:12} indist {f('indist').mean():.3f}±{f('indist').std():.3f}  "
/home/marcrockhat/trioron-project/experiments/progenitor/language_chain.py:124: UserWarning: std(): degrees of freedom is <= 0. Correction should be strictly less than the reduction factor (input numel divided by output numel). (Triggered internally at /pytorch/aten/src/ATen/native/ReduceOps.cpp:1858.)
  f"comp {f('comp').mean():.3f}±{f('comp').std():.3f}  "
/home/marcrockhat/trioron-project/experiments/progenitor/language_chain.py:125: UserWarning: std(): degrees of freedom is <= 0. Correction should be strictly less than the reduction factor (input numel divided by output numel). (Triggered internally at /pytorch/aten/src/ATen/native/ReduceOps.cpp:1858.)
  f"depth+1 {f('depth').mean():.3f}±{f('depth').std():.3f}  "
bow          indist 0.703±nan  comp 0.723±nan  depth+1 0.333±nan  links [1]  12s
    [mlp3 seed2] stage 1: acc 0.844 stalled=True
mlp3         indist 0.844±nan  comp 0.789±nan  depth+1 0.581±nan  links [1]  165s
    [gru seed2] stage 1: acc 0.855 stalled=True
gru          indist 0.855±nan  comp 0.801±nan  depth+1 0.486±nan  links [1]  383s
    [tied seed2] stage 1: acc 0.723 stalled=True
    [tied seed2] stage 2: acc 0.841 stalled=True
    [tied seed2] stage 3: acc 0.831 stalled=True
    [tied seed2] stage 4: acc 0.832 stalled=True
tied         indist 0.832±nan  comp 0.769±nan  depth+1 0.547±nan  links [4]  6261s
    [grown_joint seed2] stage 1: acc 0.723 stalled=True
    [grown_joint seed2] stage 2: acc 0.830 stalled=True
    [grown_joint seed2] stage 3: acc 0.831 stalled=True
    [grown_joint seed2] stage 4: acc 0.822 stalled=True
