# language PURE link0=phasecyte N=20000 dtrain=1 ep=20 L_MAX=10 MAX_OBJ=2 seeds=[2]
  [genesis g0] starved=0 merged=0->0  receptors->32
  [link0] internal classes 28, named 21/24 words
  [link0 phasecyte] evidence built 59s
    [tied seed2]    stage 1 depth 1: acc 0.840 loss 0.209 stalled=True
    [tied seed2]    stage 2 depth 2: acc 0.850 loss 0.122 stalled=True
    [tied seed2]    stage 3 depth 3: acc 0.852 loss 0.083 stalled=True
    [tied seed2]    stage 4 depth 4: acc 0.859 loss 0.063 stalled=True
/home/marcrockhat/trioron-project/experiments/progenitor/language_pure.py:111: UserWarning: std(): degrees of freedom is <= 0. Correction should be strictly less than the reduction factor (input numel divided by output numel). (Triggered internally at /pytorch/aten/src/ATen/native/ReduceOps.cpp:1858.)
  print(f"{arm:12s} indist {f('indist').mean():.3f}±{f('indist').std():.3f}  "
/home/marcrockhat/trioron-project/experiments/progenitor/language_pure.py:112: UserWarning: std(): degrees of freedom is <= 0. Correction should be strictly less than the reduction factor (input numel divided by output numel). (Triggered internally at /pytorch/aten/src/ATen/native/ReduceOps.cpp:1858.)
  f"comp {f('comp').mean():.3f}±{f('comp').std():.3f}  "
/home/marcrockhat/trioron-project/experiments/progenitor/language_pure.py:113: UserWarning: std(): degrees of freedom is <= 0. Correction should be strictly less than the reduction factor (input numel divided by output numel). (Triggered internally at /pytorch/aten/src/ATen/native/ReduceOps.cpp:1858.)
  f"depth+1 {f('depth').mean():.3f}±{f('depth').std():.3f}  "
tied         indist 0.859±nan  comp 0.785±nan  depth+1 0.424±nan  links [4]  params [20714]  4617s
  [genesis g0] starved=0 merged=0->0  receptors->32
  [link0] internal classes 28, named 21/24 words
  [link0 phasecyte] evidence built 40s
    [grown seed2]    stage 1 depth 1: acc 0.840 loss 0.209 stalled=True
    [grown seed2]    stage 2 depth 2: acc 0.828 loss 0.163 stalled=True
    [grown seed2]    stage 3 depth 3: acc 0.827 loss 0.131 stalled=True
    [grown seed2]    stage 4 depth 4: acc 0.828 loss 0.616 stalled=True
grown        indist 0.828±nan  comp 0.760±nan  depth+1 0.454±nan  links [4]  params [80948]  3326s
