# language PURE link0=phasecyte N=20000 dtrain=1 ep=20 L_MAX=10 MAX_OBJ=2 seeds=[1]
  [genesis g0] starved=0 merged=0->0  receptors->32
  [link0] internal classes 23, named 22/24 words
  [link0 phasecyte] evidence built 64s
    [tied seed1]    stage 1 depth 1: acc 0.847 loss 0.209 stalled=True
    [tied seed1]    stage 2 depth 2: acc 0.859 loss 0.124 stalled=True
    [tied seed1]    stage 3 depth 3: acc 0.866 loss 0.076 stalled=True
    [tied seed1]    stage 4 depth 4: acc 0.868 loss 0.057 stalled=True
/home/marcrockhat/trioron-project/experiments/progenitor/language_pure.py:111: UserWarning: std(): degrees of freedom is <= 0. Correction should be strictly less than the reduction factor (input numel divided by output numel). (Triggered internally at /pytorch/aten/src/ATen/native/ReduceOps.cpp:1858.)
  print(f"{arm:12s} indist {f('indist').mean():.3f}±{f('indist').std():.3f}  "
/home/marcrockhat/trioron-project/experiments/progenitor/language_pure.py:112: UserWarning: std(): degrees of freedom is <= 0. Correction should be strictly less than the reduction factor (input numel divided by output numel). (Triggered internally at /pytorch/aten/src/ATen/native/ReduceOps.cpp:1858.)
  f"comp {f('comp').mean():.3f}±{f('comp').std():.3f}  "
/home/marcrockhat/trioron-project/experiments/progenitor/language_pure.py:113: UserWarning: std(): degrees of freedom is <= 0. Correction should be strictly less than the reduction factor (input numel divided by output numel). (Triggered internally at /pytorch/aten/src/ATen/native/ReduceOps.cpp:1858.)
  f"depth+1 {f('depth').mean():.3f}±{f('depth').std():.3f}  "
tied         indist 0.868±nan  comp 0.805±nan  depth+1 0.476±nan  links [4]  params [20714]  4685s
  [genesis g0] starved=0 merged=0->0  receptors->32
  [link0] internal classes 23, named 22/24 words
  [link0 phasecyte] evidence built 39s
    [grown seed1]    stage 1 depth 1: acc 0.847 loss 0.209 stalled=True
    [grown seed1]    stage 2 depth 2: acc 0.849 loss 0.158 stalled=True
    [grown seed1]    stage 3 depth 3: acc 0.851 loss 0.253 stalled=True
    [grown seed1]    stage 4 depth 4: acc 0.863 loss 0.625 stalled=True
grown        indist 0.863±nan  comp 0.794±nan  depth+1 0.461±nan  links [4]  params [80948]  3708s
