# depth gate  seeds=[0, 1, 2] stage_ep=10 max_links=5
task     k arm                acc    depth  secs
parity   2 shallow   1.000±0.000 [1, 1, 1]  12
parity   2 mlp3      1.000±0.000 [1, 1, 1]  1
parity   2 grown     1.000±0.000 [1, 1, 1]  8
parity   2 tied      1.000±0.000 [1, 1, 1]  11
parity   4 shallow   0.502±0.005 [1, 1, 1]  19
parity   4 mlp3      1.000±0.000 [1, 1, 1]  1
parity   4 grown     0.500±0.009 [5, 5, 5]  211
parity   4 tied      0.808±0.269 [5, 5, 5]  319
parity   8 shallow   0.496±0.006 [1, 1, 1]  27
parity   8 mlp3      0.718±0.238 [1, 1, 1]  5
parity   8 grown     0.500±0.011 [5, 5, 5]  413
parity   8 tied      0.495±0.014 [5, 5, 5]  634
parity  12 shallow   0.509±0.005 [1, 1, 1]  55
parity  12 mlp3      0.981±0.011 [1, 1, 1]  21
parity  12 grown     0.503±0.001 [5, 5, 5]  520
parity  12 tied      0.504±0.016 [5, 5, 5]  650
hop      1 shallow   1.000±0.000 [1, 1, 1]  7
hop      1 mlp3      1.000±0.000 [1, 1, 1]  1
hop      1 grown     1.000±0.000 [1, 1, 1]  7
hop      1 tied      1.000±0.000 [1, 1, 1]  7
hop      2 shallow   0.488±0.011 [1, 1, 1]  170
hop      2 mlp3      0.975±0.002 [1, 1, 1]  10
hop      2 grown     0.513±0.002 [5, 5, 5]  573
hop      2 tied      0.921±0.003 [5, 5, 5]  934
hop      3 shallow   0.540±0.013 [1, 1, 1]  181
hop      3 mlp3      0.599±0.015 [1, 1, 1]  54
hop      3 grown     0.555±0.002 [5, 5, 5]  615
hop      3 tied      0.591±0.002 [5, 5, 5]  831
hop      4 shallow   0.520±0.002 [1, 1, 1]  117
hop      4 mlp3      0.596±0.012 [1, 1, 1]  35
hop      4 grown     0.553±0.002 [5, 5, 5]  671
hop      4 tied      0.575±0.009 [5, 5, 5]  1200
