MIXED cross-domain CL — fully-upgraded node (w,λ,u) on 52-class union
  stream (6 interleaved tasks): taxonomy[0..15] -> mnist[32..36] -> cifar[42..46] -> taxonomy[16..31] -> mnist[37..41] -> cifar[47..51]
  soma H=64 EPOCHS=6 STRENGTH=150.0 LOCK_RATE=0.1 | n=5 seeds

[datasets] loading mnist (train) ...
[datasets] loading mnist (test)  ...
[datasets] loading mnist (train) ...
[datasets] loading mnist (test)  ...
[datasets] loading mnist (train) ...
[datasets] loading mnist (test)  ...
[datasets] loading mnist (train) ...
[datasets] loading mnist (test)  ...
[datasets] loading mnist (train) ...
[datasets] loading mnist (test)  ...
  council vote (seed0): LINEAR 0.295  TANH 0.309  DENDRITE 0.258  -> WON: TANH

  arm           taxonomy       mnist       cifar        mean    acq   forget  locked    store
  none       0.229±0.092 0.000±0.000 0.238±0.052 0.155±0.045  0.552   +0.377     0.0        -
  lambda     0.281±0.028 0.312±0.304 0.096±0.010 0.229±0.101  0.316   +0.072     0.0        -
  both       0.291±0.039 0.461±0.263 0.088±0.028 0.280±0.087  0.294   +0.041    13.4        -
  replay     0.440±0.047 0.690±0.227 0.240±0.045 0.456±0.090  0.534   +0.130     0.0    750KB
  all        0.310±0.044 0.875±0.017 0.008±0.016 0.398±0.016  0.249   -0.007    10.2    750KB

[3410s]  (acq = mean acc right after each task; forget = mean drop to stream end; want high acq, low forget)
