MOTION ABSORB s056: seeds 3 epochs 8 settle_n 2000 settle_steps 200
  nest streams train in 127s
  nest streams test in 33s
  nest streams test_photo in 31s
  nest streams test_flat in 33s
  organ trained (8 ep, seed 0) in 60s
  organ sanity (shapes test_fresh): shape 0.867 fill 0.815
  s0 zero-shot            | moving shape: mixed 0.601 photo 0.374 flat 0.810 | old world 0.867 (forget +0.000) | vel nan
  s0 +vel                 | moving shape: mixed 0.601 photo 0.374 flat 0.810 | old world 0.867 (forget +0.000) | vel 0.650
  s0 +msil voter          | moving shape: mixed 0.689 photo 0.526 flat 0.842 | old world 0.867 (forget +0.000) | vel 0.650
      msil alone test: 0.722
      msil alone test_photo: 0.658
      msil alone test_flat: 0.790
  s0 +both_in voter       | moving shape: mixed 0.690 photo 0.516 flat 0.871 | old world 0.867 (forget +0.000) | vel 0.650
      both_in alone test: 0.754
      both_in alone test_photo: 0.642
      both_in alone test_flat: 0.897
  s0 settle naive         | moving shape: mixed 0.667 photo 0.455 flat 0.849 | old world 0.486 (forget +0.381) | vel 0.650
  s0 settle+replay        | moving shape: mixed 0.658 photo 0.421 flat 0.853 | old world 0.844 (forget +0.023) | vel 0.650
      graft: GraftResult(donor_ids=[103, 104, 105, 106, 107, 108, 109, 110, 111, 112, 113, 114, 115, 116, 117, 118, 119, 120, 121, 122, 123, 124, 125, 126, 127, 128, 129, 130, 131, 132, 133, 134, 135, 136, 137, 138, 139, 140, 141, 142, 143, 144, 145, 146, 147, 148, 149, 150], recipient_ids=[156, 157, 158, 159, 160, 161, 162, 163, 164, 165, 166, 167, 168, 169, 170, 171, 172, 173, 174, 175, 176, 177, 178, 179, 180, 181, 182, 183, 184, 185, 186, 187, 188, 189, 190, 191, 192, 193, 194, 195, 196, 197, 198, 199, 200, 201, 202, 203], n_edges_added=5184, id_map={103: 156, 104: 157, 105: 158, 106: 159, 107: 160, 108: 161, 109: 162, 110: 163, 111: 164, 112: 165, 113: 166, 114: 167, 115: 168, 116: 169, 117: 170, 118: 171, 119: 172, 120: 173, 121: 174, 122: 175, 123: 176, 124: 177, 125: 178, 126: 179, 127: 180, 128: 181, 129: 182, 130: 183, 131: 184, 132: 185, 133: 186, 134: 187, 135: 188, 136: 189, 137: 190, 138: 191, 139: 192, 140: 193, 141: 194, 142: 195, 143: 196, 144: 197, 145: 198, 146: 199, 147: 200, 148: 201, 149: 202, 150: 203})
  s0 graft (no settle)    | moving shape: mixed 0.645 photo 0.432 flat 0.851 | old world 0.784 (forget +0.083) | vel 0.650
  s0 graft+settle naive   | moving shape: mixed 0.673 photo 0.459 flat 0.861 | old world 0.461 (forget +0.406) | vel 0.650
  s0 graft+settle+replay  | moving shape: mixed 0.661 photo 0.435 flat 0.864 | old world 0.841 (forget +0.026) | vel 0.650
  s0 finetune             | moving shape: mixed 0.648 photo 0.456 flat 0.838 | old world 0.443 (forget +0.424) | vel 0.650
  organ trained (8 ep, seed 1) in 60s
  organ sanity (shapes test_fresh): shape 0.870 fill 0.811
  s1 zero-shot            | moving shape: mixed 0.600 photo 0.376 flat 0.823 | old world 0.870 (forget +0.000) | vel nan
  s1 +vel                 | moving shape: mixed 0.600 photo 0.376 flat 0.823 | old world 0.870 (forget +0.000) | vel 0.658
  s1 +msil voter          | moving shape: mixed 0.685 photo 0.511 flat 0.851 | old world 0.870 (forget +0.000) | vel 0.658
      msil alone test: 0.713
      msil alone test_photo: 0.652
      msil alone test_flat: 0.776
  s1 +both_in voter       | moving shape: mixed 0.687 photo 0.504 flat 0.867 | old world 0.870 (forget +0.000) | vel 0.658
      both_in alone test: 0.747
      both_in alone test_photo: 0.638
      both_in alone test_flat: 0.884
  s1 settle naive         | moving shape: mixed 0.658 photo 0.449 flat 0.867 | old world 0.485 (forget +0.385) | vel 0.658
  s1 settle+replay        | moving shape: mixed 0.640 photo 0.421 flat 0.861 | old world 0.848 (forget +0.022) | vel 0.658
      graft: GraftResult(donor_ids=[103, 104, 105, 106, 107, 108, 109, 110, 111, 112, 113, 114, 115, 116, 117, 118, 119, 120, 121, 122, 123, 124, 125, 126, 127, 128, 129, 130, 131, 132, 133, 134, 135, 136, 137, 138, 139, 140, 141, 142, 143, 144, 145, 146, 147, 148, 149, 150], recipient_ids=[156, 157, 158, 159, 160, 161, 162, 163, 164, 165, 166, 167, 168, 169, 170, 171, 172, 173, 174, 175, 176, 177, 178, 179, 180, 181, 182, 183, 184, 185, 186, 187, 188, 189, 190, 191, 192, 193, 194, 195, 196, 197, 198, 199, 200, 201, 202, 203], n_edges_added=5184, id_map={103: 156, 104: 157, 105: 158, 106: 159, 107: 160, 108: 161, 109: 162, 110: 163, 111: 164, 112: 165, 113: 166, 114: 167, 115: 168, 116: 169, 117: 170, 118: 171, 119: 172, 120: 173, 121: 174, 122: 175, 123: 176, 124: 177, 125: 178, 126: 179, 127: 180, 128: 181, 129: 182, 130: 183, 131: 184, 132: 185, 133: 186, 134: 187, 135: 188, 136: 189, 137: 190, 138: 191, 139: 192, 140: 193, 141: 194, 142: 195, 143: 196, 144: 197, 145: 198, 146: 199, 147: 200, 148: 201, 149: 202, 150: 203})
  s1 graft (no settle)    | moving shape: mixed 0.647 photo 0.431 flat 0.856 | old world 0.783 (forget +0.088) | vel 0.658
  s1 graft+settle naive   | moving shape: mixed 0.668 photo 0.461 flat 0.878 | old world 0.469 (forget +0.402) | vel 0.658
  s1 graft+settle+replay  | moving shape: mixed 0.651 photo 0.426 flat 0.869 | old world 0.843 (forget +0.028) | vel 0.658
  s1 finetune             | moving shape: mixed 0.637 photo 0.451 flat 0.834 | old world 0.431 (forget +0.440) | vel 0.658
  organ trained (8 ep, seed 2) in 62s
  organ sanity (shapes test_fresh): shape 0.865 fill 0.817
  s2 zero-shot            | moving shape: mixed 0.602 photo 0.361 flat 0.804 | old world 0.865 (forget +0.000) | vel nan
  s2 +vel                 | moving shape: mixed 0.602 photo 0.361 flat 0.804 | old world 0.865 (forget +0.000) | vel 0.656
  s2 +msil voter          | moving shape: mixed 0.683 photo 0.510 flat 0.838 | old world 0.865 (forget +0.000) | vel 0.656
      msil alone test: 0.709
      msil alone test_photo: 0.654
      msil alone test_flat: 0.759
  s2 +both_in voter       | moving shape: mixed 0.683 photo 0.507 flat 0.859 | old world 0.865 (forget +0.000) | vel 0.656
      both_in alone test: 0.753
      both_in alone test_photo: 0.641
      both_in alone test_flat: 0.890
  s2 settle naive         | moving shape: mixed 0.655 photo 0.448 flat 0.856 | old world 0.471 (forget +0.393) | vel 0.656
  s2 settle+replay        | moving shape: mixed 0.645 photo 0.419 flat 0.848 | old world 0.848 (forget +0.016) | vel 0.656
      graft: GraftResult(donor_ids=[103, 104, 105, 106, 107, 108, 109, 110, 111, 112, 113, 114, 115, 116, 117, 118, 119, 120, 121, 122, 123, 124, 125, 126, 127, 128, 129, 130, 131, 132, 133, 134, 135, 136, 137, 138, 139, 140, 141, 142, 143, 144, 145, 146, 147, 148, 149, 150], recipient_ids=[156, 157, 158, 159, 160, 161, 162, 163, 164, 165, 166, 167, 168, 169, 170, 171, 172, 173, 174, 175, 176, 177, 178, 179, 180, 181, 182, 183, 184, 185, 186, 187, 188, 189, 190, 191, 192, 193, 194, 195, 196, 197, 198, 199, 200, 201, 202, 203], n_edges_added=5184, id_map={103: 156, 104: 157, 105: 158, 106: 159, 107: 160, 108: 161, 109: 162, 110: 163, 111: 164, 112: 165, 113: 166, 114: 167, 115: 168, 116: 169, 117: 170, 118: 171, 119: 172, 120: 173, 121: 174, 122: 175, 123: 176, 124: 177, 125: 178, 126: 179, 127: 180, 128: 181, 129: 182, 130: 183, 131: 184, 132: 185, 133: 186, 134: 187, 135: 188, 136: 189, 137: 190, 138: 191, 139: 192, 140: 193, 141: 194, 142: 195, 143: 196, 144: 197, 145: 198, 146: 199, 147: 200, 148: 201, 149: 202, 150: 203})
  s2 graft (no settle)    | moving shape: mixed 0.640 photo 0.427 flat 0.845 | old world 0.783 (forget +0.081) | vel 0.656
  s2 graft+settle naive   | moving shape: mixed 0.662 photo 0.453 flat 0.869 | old world 0.465 (forget +0.399) | vel 0.656
  s2 graft+settle+replay  | moving shape: mixed 0.648 photo 0.423 flat 0.861 | old world 0.841 (forget +0.024) | vel 0.656
  s2 finetune             | moving shape: mixed 0.631 photo 0.441 flat 0.827 | old world 0.438 (forget +0.427) | vel 0.656

== summary (mean±std over seeds; moving packets only) ==
  zero-shot            mixed 0.601±0.001 photo 0.370±0.008 flat 0.812±0.010 | old 0.867 forget +0.000±0.000 | vel nan
  +vel                 mixed 0.601±0.001 photo 0.370±0.008 flat 0.812±0.010 | old 0.867 forget +0.000±0.000 | vel 0.655
  +msil voter          mixed 0.686±0.003 photo 0.516±0.009 flat 0.844±0.007 | old 0.867 forget +0.000±0.000 | vel 0.655
  +both_in voter       mixed 0.687±0.003 photo 0.509±0.006 flat 0.866±0.006 | old 0.867 forget +0.000±0.000 | vel 0.655
  settle naive         mixed 0.660±0.006 photo 0.451±0.004 flat 0.857±0.009 | old 0.481 forget +0.386±0.006 | vel 0.655
  settle+replay        mixed 0.648±0.009 photo 0.420±0.001 flat 0.854±0.007 | old 0.847 forget +0.021±0.004 | vel 0.655
  graft (no settle)    mixed 0.644±0.004 photo 0.430±0.003 flat 0.851±0.005 | old 0.783 forget +0.084±0.003 | vel 0.655
  graft+settle naive   mixed 0.667±0.006 photo 0.458±0.004 flat 0.869±0.008 | old 0.465 forget +0.402±0.003 | vel 0.655
  graft+settle+replay  mixed 0.653±0.007 photo 0.428±0.006 flat 0.865±0.004 | old 0.842 forget +0.026±0.002 | vel 0.655
  finetune             mixed 0.639±0.008 photo 0.449±0.008 flat 0.833±0.006 | old 0.437 forget +0.430±0.008 | vel 0.655
