  built motion/train (8000, 656) in 26s
  built motion/test (2000, 656) in 8s
  built motion/test_photo (2000, 656) in 6s
  built motion/test_flat (2000, 656) in 7s
  built static/train (8000, 800) in 10s
  built static/test (2000, 800) in 2s
  built static/test_photo (2000, 800) in 2s
  built static/test_flat (2000, 800) in 2s
  built sil_col/train (8000, 92) in 42s
  built sil_col/test (2000, 92) in 12s
  built sil_col/test_photo (2000, 92) in 11s
  built sil_col/test_flat (2000, 92) in 9s
  built sil_mot/train (8000, 92) in 62s
  built sil_mot/test (2000, 92) in 16s
  built sil_mot/test_photo (2000, 92) in 18s
  built sil_mot/test_flat (2000, 92) in 18s
MOTION LEAF s055: seeds 3 epochs 8 hidden 48; train n=8000
  velocity motion           d= 656  50.3K | test 0.645±0.001 | test_photo 0.658±0.006 | test_flat 0.660±0.006  [33s/seed]
  velocity static           d= 800  60.2K | test 0.112±0.000 | test_photo 0.118±0.007 | test_flat 0.119±0.007  [43s/seed]
  velocity motion+sil_mot   d= 748  56.6K | test 0.644±0.002 | test_photo 0.653±0.007 | test_flat 0.650±0.005  [39s/seed]
  shape    sil_col          d=  92  10.4K | test 0.647±0.003 | test/mov 0.650±0.002 | test_photo 0.417±0.002 | test_photo/mov 0.413±0.002 | test_flat 0.869±0.003 | test_flat/mov 0.875±0.003  [5s/seed]
  shape    sil_mot          d=  92  10.4K | test 0.547±0.002 | test/mov 0.571±0.007 | test_photo 0.491±0.005 | test_photo/mov 0.518±0.006 | test_flat 0.602±0.015 | test_flat/mov 0.641±0.021  [7s/seed]
  shape    sil_both         d= 184  16.8K | test 0.691±0.004 | test/mov 0.699±0.003 | test_photo 0.514±0.003 | test_photo/mov 0.532±0.004 | test_flat 0.876±0.001 | test_flat/mov 0.885±0.000  [12s/seed]
  shape    static           d= 800  59.3K | test 0.449±0.004 | test/mov 0.453±0.003 | test_photo 0.375±0.011 | test_photo/mov 0.378±0.010 | test_flat 0.503±0.013 | test_flat/mov 0.517±0.012  [47s/seed]
  shape    motion           d= 656  49.3K | test 0.470±0.003 | test/mov 0.494±0.003 | test_photo 0.458±0.004 | test_photo/mov 0.479±0.002 | test_flat 0.479±0.012 | test_flat/mov 0.493±0.015  [35s/seed]
