[datasets] loading mnist (train) ...
[datasets] loading mnist (test)  ...
[datasets] loading fashion_mnist (train) ...
[datasets] loading fashion_mnist (test)  ...
[datasets] loading emnist_letters (train) ...
[datasets] loading emnist_letters (test)  ...
  [genesis digits] starved=0 merged=0->0  receptors->392
  [task  1/15 mnist_0_1 -> digits] classes=43 spawned=0 t=14s
  [task  2/15 mnist_2_3 -> digits] classes=43 spawned=0 t=56s
  [task  3/15 mnist_4_5 -> digits] classes=43 spawned=0 t=97s
  [task  4/15 mnist_6_7 -> digits] classes=43 spawned=0 t=137s
  [task  5/15 mnist_8_9 -> digits] classes=43 spawned=0 t=179s
  [genesis fashion] starved=0 merged=0->0  receptors->392
  [task  6/15 fashion_mnist_0_1 -> fashion] classes=43 spawned=0 t=195s
  [task  7/15 fashion_mnist_2_3 -> fashion] classes=43 spawned=0 t=240s
  [task  8/15 fashion_mnist_4_5 -> fashion] classes=43 spawned=0 t=287s
  [task  9/15 fashion_mnist_6_7 -> fashion] classes=43 spawned=0 t=329s
  [task 10/15 fashion_mnist_8_9 -> fashion] classes=43 spawned=0 t=370s
  [genesis letters] starved=0 merged=0->0  receptors->392
  [task 11/15 emnist_letters_0_1 -> letters] classes=43 spawned=0 t=379s
  [task 12/15 emnist_letters_2_3 -> letters] classes=43 spawned=0 t=412s
  [task 13/15 emnist_letters_4_5 -> letters] classes=43 spawned=0 t=450s
  [task 14/15 emnist_letters_6_7 -> letters] classes=43 spawned=0 t=484s
  [task 15/15 emnist_letters_8_9 -> letters] classes=43 spawned=0 t=521s
  per-task: 0.99 0.89 0.00 1.00 0.49 0.93 0.89 0.50 0.97 0.50 0.96 0.50 0.96 0.89 0.73
[seed 1] NEST routed full=0.469  oracle full=0.504  concat full=0.239
[seed 1] NEST task_aware=0.746  routing_acc=0.937  classes=129 (caps 43x3)  elapsed=553s
[seed 1] monolithic reference (s039 gabor centered): task_aware 0.736 / full 0.446
