PCLL organism on chained-15 (s036 rebuild) — single pass, no gradients, labels 100% (D22), manifold=on, composer=on, cap=128, sense=gabor, window=1000, seeds=1
[datasets] loading mnist (train) ...
[datasets] loading mnist (test)  ...
[datasets] loading fashion_mnist (train) ...
[datasets] loading fashion_mnist (test)  ...
[datasets] loading emnist_letters (train) ...
[datasets] loading emnist_letters (test)  ...
  [genesis/mixed] starved=0 merged=0->0 regions  receptors 392->392
  [task  1/15 mnist_0_1] classes=128 spawned=0 (conv 0) t=22s
  [task  2/15 mnist_2_3] classes=128 spawned=0 (conv 0) t=269s
  [task  3/15 mnist_4_5] classes=128 spawned=0 (conv 0) t=518s
  [task  4/15 mnist_6_7] classes=128 spawned=0 (conv 0) t=764s
  [task  5/15 mnist_8_9] classes=128 spawned=0 (conv 0) t=990s
  [task  6/15 fashion_mnist_0_1] classes=128 spawned=0 (conv 0) t=1223s
  [task  7/15 fashion_mnist_2_3] classes=128 spawned=0 (conv 0) t=1445s
  [task  8/15 fashion_mnist_4_5] classes=128 spawned=0 (conv 0) t=1669s
  [task  9/15 fashion_mnist_6_7] classes=128 spawned=0 (conv 0) t=1884s
  [task 10/15 fashion_mnist_8_9] classes=128 spawned=0 (conv 0) t=2133s
  [task 11/15 emnist_letters_0_1] classes=128 spawned=0 (conv 0) t=2338s
  [task 12/15 emnist_letters_2_3] classes=128 spawned=0 (conv 0) t=2555s
  [task 13/15 emnist_letters_4_5] classes=128 spawned=0 (conv 0) t=2777s
  [task 14/15 emnist_letters_6_7] classes=128 spawned=0 (conv 0) t=3000s
  [task 15/15 emnist_letters_8_9] classes=128 spawned=0 (conv 0) t=3224s
  per-task plain   : 1.00 0.90 0.48 0.99 0.92 0.50 0.65 0.00 0.50 0.50 0.85 0.74 0.92 0.88 0.84
  per-task centered: 1.00 0.92 0.48 0.99 0.95 0.50 0.89 0.00 0.50 0.50 0.83 0.80 0.86 0.94 0.90
[seed 0] PLAIN    task_aware=0.712  full=0.385
[seed 0] CENTERED task_aware=0.736  full=0.446  (Δ ta +0.025, full +0.061)
[seed 0] classes=128 (0 unnamed)  elapsed=3239s
