[datasets] loading mnist (train) ...
[datasets] loading mnist (test)  ...
[datasets] loading fashion_mnist (train) ...
[datasets] loading fashion_mnist (test)  ...
[datasets] loading emnist_letters (train) ...
[datasets] loading emnist_letters (test)  ...
  [genesis digits] starved=0 merged=0->0  receptors->392
  [task  1/15 mnist_0_1 -> digits] classes=43 spawned=0 t=15s
  [task  2/15 mnist_2_3 -> digits] classes=43 spawned=0 t=60s
  [task  3/15 mnist_4_5 -> digits] classes=43 spawned=0 t=101s
  [task  4/15 mnist_6_7 -> digits] classes=43 spawned=0 t=142s
  [task  5/15 mnist_8_9 -> digits] classes=43 spawned=0 t=190s
  [genesis fashion] starved=0 merged=0->0  receptors->392
  [task  6/15 fashion_mnist_0_1 -> fashion] classes=43 spawned=0 t=205s
  [task  7/15 fashion_mnist_2_3 -> fashion] classes=43 spawned=0 t=248s
  [task  8/15 fashion_mnist_4_5 -> fashion] classes=43 spawned=0 t=294s
  [task  9/15 fashion_mnist_6_7 -> fashion] classes=43 spawned=0 t=336s
  [task 10/15 fashion_mnist_8_9 -> fashion] classes=43 spawned=0 t=377s
  [genesis letters] starved=0 merged=0->0  receptors->392
  [task 11/15 emnist_letters_0_1 -> letters] classes=43 spawned=0 t=384s
  [task 12/15 emnist_letters_2_3 -> letters] classes=43 spawned=0 t=421s
  [task 13/15 emnist_letters_4_5 -> letters] classes=43 spawned=0 t=456s
  [task 14/15 emnist_letters_6_7 -> letters] classes=43 spawned=0 t=492s
  [task 15/15 emnist_letters_8_9 -> letters] classes=43 spawned=0 t=528s
  per-task: 0.99 0.55 0.00 1.00 0.49 0.99 0.50 0.50 0.86 0.79 0.96 0.86 0.92 0.82 0.71
[seed 2] NEST routed full=0.446  oracle full=0.480  concat full=0.252
[seed 2] NEST task_aware=0.731  routing_acc=0.938  classes=129 (caps 43x3)  elapsed=559s
[seed 2] monolithic reference (s039 gabor centered): task_aware 0.736 / full 0.446
