[datasets] loading mnist (train) ...
[datasets] loading mnist (test)  ...
[datasets] loading fashion_mnist (train) ...
[datasets] loading fashion_mnist (test)  ...
[datasets] loading emnist_letters (train) ...
[datasets] loading emnist_letters (test)  ...
  [genesis/mixed] starved=0 merged=0->0 regions  receptors 392->392
  [task  1/15 mnist_0_1] classes=128 spawned=0 (conv 0) t=13s
  [task  2/15 mnist_2_3] classes=128 spawned=0 (conv 0) t=110s
  [task  3/15 mnist_4_5] classes=128 spawned=0 (conv 0) t=275s
  [task  4/15 mnist_6_7] classes=128 spawned=0 (conv 0) t=449s
  [task  5/15 mnist_8_9] classes=128 spawned=0 (conv 0) t=608s
  [task  6/15 fashion_mnist_0_1] classes=128 spawned=0 (conv 0) t=776s
  [task  7/15 fashion_mnist_2_3] classes=128 spawned=0 (conv 0) t=939s
  [task  8/15 fashion_mnist_4_5] classes=128 spawned=0 (conv 0) t=1095s
  [task  9/15 fashion_mnist_6_7] classes=128 spawned=0 (conv 0) t=1256s
  [task 10/15 fashion_mnist_8_9] classes=128 spawned=0 (conv 0) t=1424s
  [task 11/15 emnist_letters_0_1] classes=128 spawned=0 (conv 0) t=1578s
  [task 12/15 emnist_letters_2_3] classes=128 spawned=0 (conv 0) t=1727s
  [task 13/15 emnist_letters_4_5] classes=128 spawned=0 (conv 0) t=1884s
  [task 14/15 emnist_letters_6_7] classes=128 spawned=0 (conv 0) t=2043s
  [task 15/15 emnist_letters_8_9] classes=128 spawned=0 (conv 0) t=2200s
  per-task plain   : 1.00 0.83 0.54 1.00 0.89 0.50 0.50 0.50 0.50 0.50 0.83 0.50 0.85 0.50 0.81
  per-task centered: 1.00 0.80 0.76 1.00 0.93 0.50 0.50 0.50 0.50 0.50 0.83 0.50 0.93 0.50 0.90
[seed 1] PLAIN    task_aware=0.683  full=0.363
[seed 1] CENTERED task_aware=0.709  full=0.393  (Δ ta +0.025, full +0.029)
[seed 1] classes=128 (0 unnamed)  elapsed=2211s
