PCLL organism on chained-15 (s036 rebuild) — single pass, no gradients, labels 100% (D22), manifold=on, composer=on, cap=128, sense=gabor, window=1000, seeds=1
[datasets] loading mnist (train) ...
[datasets] loading mnist (test)  ...
[datasets] loading fashion_mnist (train) ...
[datasets] loading fashion_mnist (test)  ...
[datasets] loading emnist_letters (train) ...
[datasets] loading emnist_letters (test)  ...
  [genesis/mixed] starved=0 merged=0->0 regions  receptors 392->392
  [task  1/15 mnist_0_1] classes=128 spawned=0 (conv 0) t=16s
  [task  2/15 mnist_2_3] classes=128 spawned=0 (conv 0) t=164s
  [task  3/15 mnist_4_5] classes=128 spawned=0 (conv 0) t=324s
  [task  4/15 mnist_6_7] classes=128 spawned=0 (conv 0) t=503s
  [task  5/15 mnist_8_9] classes=128 spawned=0 (conv 0) t=674s
  [task  6/15 fashion_mnist_0_1] classes=128 spawned=0 (conv 0) t=842s
  [task  7/15 fashion_mnist_2_3] classes=128 spawned=0 (conv 0) t=1011s
  [task  8/15 fashion_mnist_4_5] classes=128 spawned=0 (conv 0) t=1177s
  [task  9/15 fashion_mnist_6_7] classes=128 spawned=0 (conv 0) t=1349s
  [task 10/15 fashion_mnist_8_9] classes=128 spawned=0 (conv 0) t=1527s
  [task 11/15 emnist_letters_0_1] classes=128 spawned=0 (conv 0) t=1676s
  [task 12/15 emnist_letters_2_3] classes=128 spawned=0 (conv 0) t=1836s
  [task 13/15 emnist_letters_4_5] classes=128 spawned=0 (conv 0) t=2002s
  [task 14/15 emnist_letters_6_7] classes=128 spawned=0 (conv 0) t=2166s
  [task 15/15 emnist_letters_8_9] classes=128 spawned=0 (conv 0) t=2331s
  per-task: 1.00 0.50 0.73 0.99 0.83 0.50 0.00 0.50 0.50 0.50 0.93 0.87 0.93 0.87 0.69
[seed 0] task_aware=0.690  full=0.304  classes=128 (0 unnamed)  elapsed=2343s
