=== TRIORON ROUTER: (b) consequence-taught vs (a) imitation fallback ===
seed=2 td_eps=300 imit_epochs=300 eval_seeds=40 nonlinear=True full-credit

arm (a): imitation-taught trioron router (danger labels)...
  held-out label accuracy: 0.936
  (a) imit trioron-router: survival 139.8  cold-deaths  6/40  fire-occupancy 21.2%  [integrity:15, energy:6, cold:6, overheat:6, thirst:5, timeout:2]
      route usage: WARM=18%  FLEE=14%  HYDRATE=27%  FORAGE=16%  EVADE=25%

arm (b): consequence-taught trioron router (Q over leaf-choices)...
  training survival, last-30-episode mean: 176.4
  (b) TD trioron-router  : survival 139.2  cold-deaths  9/40  fire-occupancy 22.0%  [integrity:12, cold:9, overheat:7, energy:5, timeout:4, thirst:3]
      route usage: WARM=23%  FLEE=18%  HYDRATE=29%  FORAGE=15%  EVADE=15%
      agreement with the hand-coded danger formula: 0.371 (NOT a target — just: did discovery converge to our design or elsewhere?)

bars on the same eval:
  Gaussian vocab router  : survival 148.1  cold-deaths  9/40  fire-occupancy 20.2%  [integrity:15, cold:9, thirst:8, timeout:4, overheat:3, energy:1]
  hand-coded arbiter     : survival 167.6  cold-deaths 10/40  fire-occupancy 21.0%  [integrity:12, cold:10, overheat:8, timeout:6, thirst:4]

=== VERDICT (single seed) ===
  (b) discovered trioron router : 139.2
  (a) imitation trioron router  : 139.8
  Gaussian router (prev nest)   : 148.1
  hand-coded arbiter (ceiling)  : 167.6
  reactive floor                : 141.8

  100%-trioron claim holds if (b) ≥ Gaussian router; (a) is the fallback if TD credit fails.
