SHAPE CONTINUAL s053: stream v2 tasks ['T1 c-sol t-str s-out', 'T2 fields t-sol', 'T3 c-str s-dot t-out', 'T4 c-dot s-sol']; fill_stereo 1; seeds [0, 1, 2]; epochs 8; strength 100.0; replay_bs 32
metrics on test_fresh over the 11 trained pair-classes (full-softmax, no task id): shape/fill/pair acc at end; forget = mean(pair acc right after task - at end); t1_end = T1 pair acc at end; held_* = never-trained combos
  mono    none | shape 0.254±0.001 | fill 0.493±0.010 | pair 0.148±0.003 | forget 0.654±0.003 | acq 0.916±0.001 | t1_end 0.073±0.006 | held_shape 0.412±0.004 | held_fill 0.315±0.003 | held_pair 0.000±0.000 | locked 0.000±0.000   [158s]
  mono  replay | shape 0.600±0.009 | fill 0.681±0.005 | pair 0.480±0.008 | forget 0.381±0.005 | acq 0.868±0.004 | t1_end 0.302±0.015 | held_shape 0.358±0.005 | held_fill 0.365±0.014 | held_pair 0.035±0.003 | locked 0.000±0.000   [391s]
  mono replay+lambda | shape 0.641±0.004 | fill 0.638±0.007 | pair 0.442±0.005 | forget 0.133±0.012 | acq 0.518±0.005 | t1_end 0.475±0.022 | held_shape 0.476±0.006 | held_fill 0.245±0.011 | held_pair 0.089±0.003 | locked 0.000±0.000   [624s]
  mono all-soft | shape 0.514±0.006 | fill 0.625±0.018 | pair 0.313±0.003 | forget 0.081±0.001 | acq 0.393±0.002 | t1_end 0.634±0.007 | held_shape 0.494±0.004 | held_fill 0.097±0.006 | held_pair 0.009±0.003 | locked 3.000±0.000   [861s]
      per-leaf @end (seed 0): shape-leaf acc all 0.284 T1 0.409 fields 0.000 | whole-leaf acc all 0.220 T1 0.311 fields 0.008 | sum 0.241 T1 0.311 | fill-leaf acc 0.435 T1 0.317 | fill pred hist [2269, 0, 2718, 13]
      per-leaf @end (seed 1): shape-leaf acc all 0.299 T1 0.474 fields 0.000 | whole-leaf acc all 0.227 T1 0.309 fields 0.010 | sum 0.253 T1 0.346 | fill-leaf acc 0.487 T1 0.322 | fill pred hist [2468, 0, 2491, 41]
      per-leaf @end (seed 2): shape-leaf acc all 0.284 T1 0.402 fields 0.000 | whole-leaf acc all 0.227 T1 0.310 fields 0.016 | sum 0.243 T1 0.328 | fill-leaf acc 0.460 T1 0.296 | fill pred hist [2213, 1, 2761, 25]
  nest    none | shape 0.246±0.006 | fill 0.461±0.026 | pair 0.137±0.003 | forget 0.560±0.003 | acq 0.800±0.003 | t1_end 0.089±0.017 | held_shape 0.449±0.013 | held_fill 0.292±0.015 | held_pair 0.007±0.004 | locked 0.000±0.000   [1169s]
      per-leaf @end (seed 0): shape-leaf acc all 0.454 T1 0.694 fields 0.155 | whole-leaf acc all 0.470 T1 0.434 fields 0.436 | sum 0.500 T1 0.522 | fill-leaf acc 0.602 T1 0.355 | fill pred hist [3059, 76, 1775, 90]
      per-leaf @end (seed 1): shape-leaf acc all 0.486 T1 0.691 fields 0.229 | whole-leaf acc all 0.461 T1 0.446 fields 0.418 | sum 0.500 T1 0.556 | fill-leaf acc 0.597 T1 0.354 | fill pred hist [2994, 90, 1823, 93]
      per-leaf @end (seed 2): shape-leaf acc all 0.582 T1 0.625 fields 0.472 | whole-leaf acc all 0.442 T1 0.438 fields 0.384 | sum 0.492 T1 0.530 | fill-leaf acc 0.575 T1 0.338 | fill pred hist [2733, 78, 2097, 92]
  nest  replay | shape 0.497±0.005 | fill 0.592±0.014 | pair 0.319±0.007 | forget 0.394±0.002 | acq 0.757±0.002 | t1_end 0.273±0.007 | held_shape 0.464±0.005 | held_fill 0.302±0.012 | held_pair 0.030±0.005 | locked 0.000±0.000   [1622s]
      per-leaf @end (seed 0): shape-leaf acc all 0.640 T1 0.736 fields 0.601 | whole-leaf acc all 0.479 T1 0.575 fields 0.479 | sum 0.590 T1 0.740 | fill-leaf acc 0.624 T1 0.353 | fill pred hist [3351, 80, 1536, 33]
      per-leaf @end (seed 1): shape-leaf acc all 0.594 T1 0.742 fields 0.505 | whole-leaf acc all 0.481 T1 0.604 fields 0.472 | sum 0.580 T1 0.746 | fill-leaf acc 0.619 T1 0.345 | fill pred hist [3311, 68, 1586, 35]
      per-leaf @end (seed 2): shape-leaf acc all 0.601 T1 0.728 fields 0.530 | whole-leaf acc all 0.472 T1 0.567 fields 0.456 | sum 0.584 T1 0.716 | fill-leaf acc 0.560 T1 0.335 | fill pred hist [2790, 77, 2077, 56]
  nest replay+lambda | shape 0.585±0.005 | fill 0.601±0.036 | pair 0.369±0.023 | forget 0.215±0.012 | acq 0.578±0.009 | t1_end 0.319±0.012 | held_shape 0.494±0.009 | held_fill 0.268±0.023 | held_pair 0.104±0.009 | locked 0.000±0.000   [2086s]
      per-leaf @end (seed 0): shape-leaf acc all 0.605 T1 0.729 fields 0.522 | whole-leaf acc all 0.484 T1 0.589 fields 0.492 | sum 0.584 T1 0.736 | fill-leaf acc 0.625 T1 0.352 | fill pred hist [3362, 80, 1527, 31]
      per-leaf @end (seed 1): shape-leaf acc all 0.584 T1 0.730 fields 0.489 | whole-leaf acc all 0.297 T1 0.560 fields 0.088 | sum 0.413 T1 0.675 | fill-leaf acc 0.620 T1 0.349 | fill pred hist [3301, 88, 1577, 34]
      per-leaf @end (seed 2): shape-leaf acc all 0.592 T1 0.728 fields 0.510 | whole-leaf acc all 0.306 T1 0.534 fields 0.097 | sum 0.465 T1 0.672 | fill-leaf acc 0.577 T1 0.342 | fill pred hist [2901, 83, 1953, 63]
  nest all-soft | shape 0.487±0.088 | fill 0.607±0.027 | pair 0.297±0.077 | forget 0.243±0.041 | acq 0.568±0.009 | t1_end 0.320±0.011 | held_shape 0.491±0.019 | held_fill 0.265±0.020 | held_pair 0.093±0.011 | locked 4.333±0.577   [2556s]
  cnn-seq (242K, no protection) | shape 0.233±0.001 | fill 0.523±0.020 | pair 0.130±0.002 | forget 0.613±0.038 | acq 0.853±0.041 | t1_end 0.000±0.000 | held_shape 0.171±0.005 | held_fill 0.296±0.020 | held_pair 0.000±0.000 | locked 0.000±0.000   [3428s]
