bench_2_0_cifar_continual: arms=['d'] seeds=1 epochs=4 tasks=3x10 batch=256 lr=0.01 smoke=True spawn(cap=16,cool=50,trig=frustrated)
loading CIFAR-100 + building tasks (one-time)...
  built 3 tasks; first task class range 0..9, train=5000

=== arm d: v2.0 self-arrange  seed=0 ===
  [phase 1/3: cifar_000_009] L1.H=64 frozen=0
    epoch 1/4: loss=1.926 acc=0.000 L1=64 spawns=0
    epoch 2/4: loss=1.911 acc=0.000 L1=65 spawns=1
    epoch 3/4: loss=1.653 acc=0.004 L1=65 spawns=1
    epoch 4/4: loss=1.710 acc=0.023 L1=66 spawns=2
    full(this)=0.031 task(this)=0.473 spawns=2
    [credit] +36 new; total frozen = 36/66
    [head-settle] best_trial=2 score=0.840
    [post-settle] full(this)=0.295 task(this)=0.445
  [phase 2/3: cifar_010_019] L1.H=66 frozen=36
    epoch 1/4: loss=3.781 acc=0.051 L1=66 spawns=0
    epoch 2/4: loss=3.553 acc=0.141 L1=67 spawns=1
    epoch 3/4: loss=3.377 acc=0.234 L1=67 spawns=1
    epoch 4/4: loss=3.712 acc=0.285 L1=68 spawns=2
    full(this)=0.288 task(this)=0.345 spawns=2
    [credit] +3 new; total frozen = 39/68
    [head-settle] best_trial=4 score=0.621
    [post-settle] full(this)=0.144 task(this)=0.309
  [phase 3/3: cifar_020_029] L1.H=68 frozen=39
    epoch 1/4: loss=5.630 acc=0.094 L1=68 spawns=0
    epoch 2/4: loss=5.036 acc=0.301 L1=69 spawns=1
    epoch 3/4: loss=4.991 acc=0.375 L1=69 spawns=1
    epoch 4/4: loss=4.938 acc=0.406 L1=70 spawns=2
    full(this)=0.372 task(this)=0.373 spawns=2
    [credit] +3 new; total frozen = 42/70
    [head-settle] best_trial=4 score=0.559
    [post-settle] full(this)=0.170 task(this)=0.364
[seed 0 arm d v2.0 self-arrange] full=0.1673 task=0.3730 L1=70 spawns=6 t=37s

=== aggregate (mean ± std across seeds) ===
  arm d              v2.0 self-arrange  full=0.1673 ± 0.0000  task=0.3730 ± 0.0000  L1=70.0  spawns=6.0

wrote /home/marcrockhat/trioron-project/outputs/bench_2_0_cifar_continual.csv
