bench_2_0_cifar_continual: arms=['h'] seeds=1 epochs=4 tasks=3x10 batch=256 lr=0.01 smoke=True spawn(cap=64,cool=20,trig=always)
loading CIFAR-100 + building tasks (one-time)...
  built 3 tasks; first task class range 0..9, train=5000

=== arm h: v2.0 + channel-tied conv + spawn  seed=0 ===
  [phase 1/3: cifar_000_009] L1.H=128 frozen=0
    epoch 1/4: loss=2.015 acc=0.000 L1=128 spawns=0
    epoch 2/4: loss=2.305 acc=0.000 L1=129 spawns=1
    epoch 3/4: loss=2.301 acc=0.000 L1=130 spawns=2
    epoch 4/4: loss=2.252 acc=0.000 L1=131 spawns=3
    full(this)=0.000 task(this)=0.177 spawns=3
    [credit] +32 new; total frozen = 32/131
    [head-settle] best_trial=2 score=0.277
    [post-settle] full(this)=0.029 task(this)=0.185
  [phase 2/3: cifar_010_019] L1.H=131 frozen=32
    epoch 1/4: loss=6.806 acc=0.043 L1=131 spawns=0
    epoch 2/4: loss=7.075 acc=0.051 L1=132 spawns=1
    epoch 3/4: loss=6.953 acc=0.070 L1=133 spawns=2
    epoch 4/4: loss=6.928 acc=0.098 L1=134 spawns=3
    full(this)=0.095 task(this)=0.095 spawns=3
    [credit] +1 new; total frozen = 33/134
    [head-settle] best_trial=4 score=0.117
    [post-settle] full(this)=0.000 task(this)=0.098
  [phase 3/3: cifar_020_029] L1.H=134 frozen=33
    epoch 1/4: loss=8.424 acc=0.066 L1=134 spawns=0
    epoch 2/4: loss=8.381 acc=0.105 L1=135 spawns=1
    epoch 3/4: loss=8.402 acc=0.109 L1=136 spawns=2
    epoch 4/4: loss=8.353 acc=0.125 L1=137 spawns=3
    full(this)=0.100 task(this)=0.100 spawns=3
    [credit] +0 new; total frozen = 33/137
    [head-settle] best_trial=0 score=0.043
    [post-settle] full(this)=0.000 task(this)=0.100
[seed 0 arm h v2.0 + channel-tied conv + spawn] full=0.0000 task=0.1000 L1=137 spawns=9 t=31s

=== aggregate (mean ± std across seeds) ===
  arm h v2.0 + channel-tied conv + spawn  full=0.0000 ± 0.0000  task=0.1000 ± 0.0000  L1=137.0  spawns=9.0

wrote /home/marcrockhat/trioron-project/outputs/bench_2_0_cifar_continual.csv
