bench_2_0_cifar_continual: arms=['h'] seeds=1 epochs=4 tasks=3x10 batch=256 lr=0.01 smoke=True spawn(cap=256,cool=10,trig=always)
loading CIFAR-100 + building tasks (one-time)...
  built 3 tasks; first task class range 0..9, train=5000

=== arm h: v2.0 + channel-tied conv + spawn  seed=0 ===
  [phase 1/3: cifar_000_009] L1.H=128 frozen=0
    epoch 1/4: loss=2.015 acc=0.000 L1=128 spawns=0
    epoch 2/4: loss=2.343 acc=0.000 L1=130 spawns=2
    epoch 3/4: loss=2.244 acc=0.000 L1=132 spawns=4
    epoch 4/4: loss=2.329 acc=0.105 L1=134 spawns=6
    full(this)=0.101 task(this)=0.101 spawns=6
    [credit] +16 new; total frozen = 16/134
    [head-settle] best_trial=4 score=0.113
    [post-settle] full(this)=0.101 task(this)=0.101
  [phase 2/3: cifar_010_019] L1.H=134 frozen=16
    epoch 1/4: loss=6.828 acc=0.098 L1=134 spawns=0
    epoch 2/4: loss=6.989 acc=0.156 L1=136 spawns=2
    epoch 3/4: loss=7.147 acc=0.117 L1=138 spawns=4
    epoch 4/4: loss=7.093 acc=0.105 L1=140 spawns=6
    full(this)=0.130 task(this)=0.130 spawns=6
    [credit] +1 new; total frozen = 17/140
    [head-settle] best_trial=2 score=0.117
    [post-settle] full(this)=0.000 task(this)=0.152
  [phase 3/3: cifar_020_029] L1.H=140 frozen=17
    epoch 1/4: loss=8.296 acc=0.066 L1=140 spawns=0
    epoch 2/4: loss=9.357 acc=0.113 L1=142 spawns=2
    epoch 3/4: loss=8.937 acc=0.129 L1=144 spawns=4
    epoch 4/4: loss=9.393 acc=0.000 L1=146 spawns=6
    full(this)=0.000 task(this)=0.100 spawns=6
    [credit] +1 new; total frozen = 18/146
    [head-settle] best_trial=3 score=0.047
    [post-settle] full(this)=0.000 task(this)=0.100
[seed 0 arm h v2.0 + channel-tied conv + spawn] full=0.0333 task=0.1000 L1=146 spawns=18 t=35s

=== aggregate (mean ± std across seeds) ===
  arm h v2.0 + channel-tied conv + spawn  full=0.0333 ± 0.0000  task=0.1000 ± 0.0000  L1=146.0  spawns=18.0

wrote /home/marcrockhat/trioron-project/outputs/bench_2_0_cifar_continual.csv
