WORLD PHASECYTE (s049 showcase) — wake/dream nested hybrid; trained via trioron v0.3.0 package API only. collect=40 eval=40 pseudo=1500 epochs=8 hidden=32 seed=0
  [genesis g0] starved=11 merged=0->0  receptors->66
  [wake WARM] pairs=765 classes=25 named=25 t=4s
  [genesis g1] starved=4 merged=0->0  receptors->73
  [wake FLEE] pairs=900 classes=24 named=24 t=7s
  [genesis g2] starved=4 merged=0->0  receptors->73
  [wake HYDRATE] pairs=900 classes=36 named=36 t=9s
  [genesis g3] starved=3 merged=0->0  receptors->74
  [wake FORAGE] pairs=307 classes=8 named=8 t=11s
  [genesis g4] starved=6 merged=0->0  receptors->71
  [wake EVADE] pairs=236 classes=5 named=5 t=13s
  phasecyte-wake (day 1): survival  48.0  cold-deaths 14/40  fire-occupancy 19.8%  [cold:14, overheat:9, thirst:8, integrity:8, energy:1]
  wake route_hist={'WARM': 886, 'FLEE': 584, 'HYDRATE': 63, 'FORAGE': 218, 'EVADE': 170}
    [dream g0] ep0 loss=1.357 (37500 pseudo, 0 sketches skipped)
    [dream g0] ep7 loss=0.456 (37500 pseudo, 0 sketches skipped)
    [dream g1] ep0 loss=0.837 (36000 pseudo, 0 sketches skipped)
    [dream g1] ep7 loss=0.227 (36000 pseudo, 0 sketches skipped)
    [dream g2] ep0 loss=1.553 (54000 pseudo, 0 sketches skipped)
    [dream g2] ep7 loss=0.879 (54000 pseudo, 0 sketches skipped)
    [dream g3] ep0 loss=1.422 (12000 pseudo, 0 sketches skipped)
    [dream g3] ep7 loss=0.055 (12000 pseudo, 0 sketches skipped)
    [dream g4] ep0 loss=1.475 (7500 pseudo, 0 sketches skipped)
    [dream g4] ep7 loss=0.298 (7500 pseudo, 0 sketches skipped)
  trioron-dreamed (day 2): survival  51.3  cold-deaths  9/40  fire-occupancy 23.7%  [thirst:14, overheat:11, cold:9, integrity:6]
  dreamed route_hist={'WARM': 852, 'FLEE': 786, 'HYDRATE': 42, 'FORAGE': 227, 'EVADE': 144}

[seed 0] survival: wake=48.0  dreamed=51.3  (recorded bars: DQN 37.9, solo 52.4, vocab-nest 148.1, TD-router 163.2, arbiter 167.6)
[gif] /home/marcrockhat/trioron-project/archive/runs/phasecyte_dream_map987654.gif (68 frames)  wake t=67 dreamed t=14  elapsed=107s
