WORLD PHASECYTE (s049 showcase) — wake/dream nested hybrid; trained via trioron v0.3.0 package API only. collect=40 eval=40 pseudo=1500 epochs=8 hidden=32 seed=1
  [genesis g0] starved=12 merged=0->0  receptors->65
  [wake WARM] pairs=867 classes=31 named=31 t=5s
  [genesis g1] starved=4 merged=0->0  receptors->73
  [wake FLEE] pairs=900 classes=25 named=25 t=6s
  [genesis g2] starved=4 merged=0->0  receptors->73
  [wake HYDRATE] pairs=900 classes=22 named=22 t=9s
  [genesis g3] starved=0 merged=0->0  receptors->77
  [wake FORAGE] pairs=273 classes=7 named=7 t=11s
  [genesis g4] starved=6 merged=0->0  receptors->71
  [wake EVADE] pairs=236 classes=5 named=5 t=13s
  phasecyte-wake (day 1): survival  51.6  cold-deaths 16/40  fire-occupancy 17.9%  [cold:16, thirst:13, overheat:8, integrity:3]
  wake route_hist={'WARM': 908, 'FLEE': 608, 'HYDRATE': 158, 'FORAGE': 202, 'EVADE': 190}
    [dream g0] ep0 loss=1.032 (45000 pseudo, 1 sketches skipped)
    [dream g0] ep7 loss=0.417 (45000 pseudo, 1 sketches skipped)
    [dream g1] ep0 loss=0.860 (37500 pseudo, 0 sketches skipped)
    [dream g1] ep7 loss=0.202 (37500 pseudo, 0 sketches skipped)
    [dream g2] ep0 loss=1.592 (33000 pseudo, 0 sketches skipped)
    [dream g2] ep7 loss=0.685 (33000 pseudo, 0 sketches skipped)
    [dream g3] ep0 loss=1.439 (10500 pseudo, 0 sketches skipped)
    [dream g3] ep7 loss=0.392 (10500 pseudo, 0 sketches skipped)
    [dream g4] ep0 loss=1.440 (7500 pseudo, 0 sketches skipped)
    [dream g4] ep7 loss=0.348 (7500 pseudo, 0 sketches skipped)
  trioron-dreamed (day 2): survival  49.4  cold-deaths 19/40  fire-occupancy 15.5%  [cold:19, thirst:10, integrity:6, overheat:5]
  dreamed route_hist={'WARM': 923, 'FLEE': 650, 'HYDRATE': 83, 'FORAGE': 136, 'EVADE': 184}

[seed 1] survival: wake=51.6  dreamed=49.4  (recorded bars: DQN 37.9, solo 52.4, vocab-nest 148.1, TD-router 163.2, arbiter 167.6)
[gif] /home/marcrockhat/trioron-project/archive/runs/phasecyte_dream_map987654.gif (68 frames)  wake t=49 dreamed t=67  elapsed=99s
